12-26 11:57:56.541 11503 11669 D BugleIoControl: synchronizeConversation: 359 | 2 | 2
12-26 11:57:56.543 11503 11669 D BugleIoControl: synchronizeConversation: 363 | 1 | 1
12-26 11:57:56.544 11503 11669 D BugleIoControl: synchronizeConversation: 366 | 1 | 1
12-26 11:57:56.546 11503 11669 D BugleIoControl: synchronizeConversation: 368 | 1 | 1
12-26 11:57:56.548 11503 11669 D BugleIoControl: synchronizeConversation: 369 | 1 | 1
12-26 11:57:56.548   745   745 I SurfaceFlinger: operator()(), mtkRenderCntDebug 7797232, screenshot (com.miui.miwallpaper.superwallpaper.SnowmountainSuperWallpaper#0)
12-26 11:57:56.548   745   745 I SurfaceFlinger: operator()(), mtkRenderCntDebug 7797232, screenshot (com.miui.home/com.miui.home.launcher.Launcher#0)
12-26 11:57:56.550 11503 11669 D BugleIoControl: synchronizeConversation: 371 | 1 | 1
12-26 11:57:56.553 11503 11669 D BugleIoControl: synchronizeConversation: 373 | 1 | 1
12-26 11:57:56.555 11503 11669 D BugleIoControl: synchronizeConversation: 377 | 1 | 1
12-26 11:57:56.558 11503 11669 D BugleIoControl: synchronizeConversation: 378 | 2 | 2
12-26 11:57:56.560 11503 11669 D BugleIoControl: synchronizeConversation: 379 | 1 | 1
12-26 11:57:56.562 11503 11669 D BugleIoControl: synchronizeConversation: 382 | 1 | 1
12-26 11:57:56.564 11503 11669 D BugleIoControl: synchronizeConversation: 385 | 1 | 1
12-26 11:57:56.566 11503 11669 D BugleIoControl: synchronizeConversation: 389 | 1 | 1
12-26 11:57:56.568 11503 11669 D BugleIoControl: synchronizeConversation: 391 | 1 | 1
12-26 11:57:56.571 11503 11669 D BugleIoControl: synchronizeConversation: 392 | 1 | 1
12-26 11:57:56.574 11503 11669 D BugleIoControl: synchronizeConversation: 393 | 1 | 1
12-26 11:57:56.576  1254  1622 I MiuiNetworkPolicy: updateUidState uid = 9801, uidState = 15
12-26 11:57:56.576 11503 11669 D BugleIoControl: synchronizeConversation: 394 | 1 | 1
12-26 11:57:56.577 22658 22703 D ClashForAndroid: Installed 386 packages cached
12-26 11:57:56.579 11503 11669 D BugleIoControl: synchronizeConversation: 402 | 1 | 4
12-26 11:57:56.579 11503 11669 D BugleIoControl: synchronizeConversation: 414 | 1 | 1
12-26 11:57:56.581 11503 11669 D BugleIoControl: synchronizeConversation: 416 | 1 | 1
12-26 11:57:56.581   745   745 I SurfaceFlinger: operator()(), mtkRenderCntDebug 7797233, screenshot (com.miui.miwallpaper.superwallpaper.SnowmountainSuperWallpaper#0)
12-26 11:57:56.581   745   745 I SurfaceFlinger: operator()(), mtkRenderCntDebug 7797233, screenshot (com.miui.home/com.miui.home.launcher.Launcher#0)
12-26 11:57:56.583 11503 11669 D BugleIoControl: synchronizeConversation: 422 | 1 | 1
12-26 11:57:56.585 11503 11669 D BugleIoControl: synchronizeConversation: 423 | 1 | 1
12-26 11:57:56.588 11503 11669 D BugleIoControl: synchronizeConversation: 426 | 1 | 1
12-26 11:57:56.590 11503 11669 D BugleIoControl: synchronizeConversation: 432 | 1 | 1
12-26 11:57:56.592 11503 11669 D BugleIoControl: synchronizeConversation: 436 | 1 | 1
12-26 11:57:56.594 11503 11669 D BugleIoControl: synchronizeConversation: 445 | 1 | 1
12-26 11:57:56.596 11503 11669 D BugleIoControl: synchronizeConversation: 450 | 1 | 1
12-26 11:57:56.597 11503 11669 D BugleIoControl: synchronizeConversation: 453 | 1 | 1
12-26 11:57:56.599 11503 11669 D BugleIoControl: synchronizeConversation: 454 | 2 | 2
12-26 11:57:56.601 11503 11669 D BugleIoControl: synchronizeConversation: 455 | 4 | 4
12-26 11:57:56.602 11503 11669 D BugleIoControl: synchronizeConversation: 456 | 1 | 1
12-26 11:57:56.604 11503 11669 D BugleIoControl: synchronizeConversation: 457 | 1 | 1
12-26 11:57:56.606 11503 11669 D BugleIoControl: synchronizeConversation: 469 | 1 | 1
12-26 11:57:56.608 11503 11669 D BugleIoControl: synchronizeConversation: 471 | 1 | 1
12-26 11:57:56.609 11503 11669 D BugleIoControl: synchronizeConversation: 473 | 2 | 2
12-26 11:57:56.611 11503 11669 D BugleIoControl: synchronizeConversation: 474 | 1 | 1
12-26 11:57:56.613 11503 11669 D BugleIoControl: synchronizeConversation: 475 | 1 | 1
12-26 11:57:56.614   745   745 I SurfaceFlinger: operator()(), mtkRenderCntDebug 7797234, screenshot (com.miui.miwallpaper.superwallpaper.SnowmountainSuperWallpaper#0)
12-26 11:57:56.614 11503 11669 D BugleIoControl: synchronizeConversation: 477 | 1 | 1
12-26 11:57:56.614   745   745 I SurfaceFlinger: operator()(), mtkRenderCntDebug 7797234, screenshot (com.miui.home/com.miui.home.launcher.Launcher#0)
12-26 11:57:56.616 11503 11669 D BugleIoControl: synchronizeConversation: 478 | 1 | 1
12-26 11:57:56.617 11739 11785 I TetheringManager: registerTetheringEventCallback:com.android.thememanager
12-26 11:57:56.620 11503 11669 D BugleIoControl: synchronizeConversation: 485 | 1 | 1
12-26 11:57:56.622 11503 11669 D BugleIoControl: synchronizeConversation: 486 | 1 | 1
12-26 11:57:56.623   536   536 I beanpodkeymaster: cmd:18 Received 302 byte response
12-26 11:57:56.625 11503 11669 D BugleIoControl: synchronizeConversation: 488 | 1 | 1
12-26 11:57:56.625   536   536 I beanpodkeymaster: Enter BeanpodKeymaster BeginOperation
12-26 11:57:56.626   536   536 I beanpodkeymaster: cmd:4 Received 24 byte response
12-26 11:57:56.626   536   536 I beanpodkeymaster: Exit BeanpodKeymaster BeginOperation
12-26 11:57:56.627   536   536 I beanpodkeymaster: Enter BeanpodKeymaster UpdateOperation
12-26 11:57:56.627   536   536 I beanpodkeymaster: cmd:8 Received 24 byte response
12-26 11:57:56.627   536   536 I beanpodkeymaster: Exit BeanpodKeymaster UpdateOperation
12-26 11:57:56.627 11503 11669 D BugleIoControl: synchronizeConversation: 490 | 2 | 2
12-26 11:57:56.628   536   536 I beanpodkeymaster: Enter BeanpodKeymaster FinishOperation
12-26 11:57:56.630 11503 11669 D BugleIoControl: synchronizeConversation: 495 | 1 | 1
12-26 11:57:56.632 11503 11669 D BugleIoControl: synchronizeConversation: 496 | 1 | 1
12-26 11:57:56.635 11503 11669 D BugleIoControl: synchronizeConversation: 498 | 1 | 1
12-26 11:57:56.636 11503 11669 D BugleIoControl: synchronizeConversation: 501 | 1 | 1
12-26 11:57:56.638 11503 11669 D BugleIoControl: synchronizeConversation: 507 | 1 | 1
12-26 11:57:56.638 11709 11811 I TetheringManager: registerTetheringEventCallback:com.android.settings
12-26 11:57:56.640 11503 11669 D BugleIoControl: synchronizeConversation: 508 | 1 | 1
12-26 11:57:56.643 11503 11669 D BugleIoControl: synchronizeConversation: 510 | 1 | 1
12-26 11:57:56.645 11503 11669 D BugleIoControl: synchronizeConversation common: 327
12-26 11:57:56.645 11503 11669 D BugleIoControl: synchronizeConversation: 3 | 2
12-26 11:57:56.645 11503 11669 D BugleIoControl: synchronizeConversation: 5 | 4
12-26 11:57:56.645 11503 11669 D BugleIoControl: synchronizeConversation: 7 | 14
12-26 11:57:56.645 11503 11669 D BugleIoControl: synchronizeConversation: 8 | 1
12-26 11:57:56.645 11503 11669 D BugleIoControl: synchronizeConversation: 9 | 2
12-26 11:57:56.645 11503 11669 D BugleIoControl: synchronizeConversation: 10 | 1
12-26 11:57:56.645 11503 11669 D BugleIoControl: synchronizeConversation: 13 | 1
12-26 11:57:56.645 11503 11669 D BugleIoControl: synchronizeConversation: 15 | 1
12-26 11:57:56.645 11503 11669 D BugleIoControl: synchronizeConversation: 16 | 1
12-26 11:57:56.645 11503 11669 D BugleIoControl: synchronizeConversation: 19 | 2
12-26 11:57:56.645 11503 11669 D BugleIoControl: synchronizeConversation: 22 | 1
12-26 11:57:56.645 11503 11669 D BugleIoControl: synchronizeConversation: 26 | 1
12-26 11:57:56.645 11503 11669 D BugleIoControl: synchronizeConversation: 27 | 2
12-26 11:57:56.645 11503 11669 D BugleIoControl: synchronizeConversation: 28 | 24
12-26 11:57:56.645 11503 11669 D BugleIoControl: synchronizeConversation: 29 | 1
12-26 11:57:56.645 11503 11669 D BugleIoControl: synchronizeConversation: 30 | 1
12-26 11:57:56.645 11503 11669 D BugleIoControl: synchronizeConversation: 31 | 2
12-26 11:57:56.645 11503 11669 D BugleIoControl: synchronizeConversation: 32 | 1
12-26 11:57:56.646 11503 11669 D BugleIoControl: synchronizeConversation: 33 | 2
12-26 11:57:56.646 11503 11669 D BugleIoControl: synchronizeConversation: 34 | 15
12-26 11:57:56.646 11503 11669 D BugleIoControl: synchronizeConversation: 35 | 5
12-26 11:57:56.646 11503 11669 D BugleIoControl: synchronizeConversation: 36 | 1
12-26 11:57:56.646 11503 11669 D BugleIoControl: synchronizeConversation: 37 | 1
12-26 11:57:56.646 11503 11669 D BugleIoControl: synchronizeConversation: 38 | 3
12-26 11:57:56.646 11503 11669 D BugleIoControl: synchronizeConversation: 39 | 1
12-26 11:57:56.646 11503 11669 D BugleIoControl: synchronizeConversation: 40 | 10
12-26 11:57:56.646 11503 11669 D BugleIoControl: synchronizeConversation: 41 | 1
12-26 11:57:56.646 11503 11669 D BugleIoControl: synchronizeConversation: 42 | 2
12-26 11:57:56.646 11503 11669 D BugleIoControl: synchronizeConversation: 43 | 2
12-26 11:57:56.646 11503 11669 D BugleIoControl: synchronizeConversation: 44 | 1
12-26 11:57:56.646 11503 11669 D BugleIoControl: synchronizeConversation: 45 | 35
12-26 11:57:56.646 11503 11669 D BugleIoControl: synchronizeConversation: 52 | 4
12-26 11:57:56.646 11503 11669 D BugleIoControl: synchronizeConversation: 53 | 1
12-26 11:57:56.646 11503 11669 D BugleIoControl: synchronizeConversation: 54 | 1
12-26 11:57:56.646 11503 11669 D BugleIoControl: synchronizeConversation: 57 | 1
12-26 11:57:56.646 11503 11669 D BugleIoControl: synchronizeConversation: 61 | 1
12-26 11:57:56.646 11503 11669 D BugleIoControl: synchronizeConversation: 62 | 1
12-26 11:57:56.646 11503 11669 D BugleIoControl: synchronizeConversation: 63 | 1
12-26 11:57:56.646 11503 11669 D BugleIoControl: synchronizeConversation: 64 | 2
12-26 11:57:56.646 11503 11669 D BugleIoControl: synchronizeConversation: 65 | 2
12-26 11:57:56.646 11503 11669 D BugleIoControl: synchronizeConversation: 66 | 1
12-26 11:57:56.646 11503 11669 D BugleIoControl: synchronizeConversation: 69 | 1
12-26 11:57:56.646 11503 11669 D BugleIoControl: synchronizeConversation: 71 | 10
12-26 11:57:56.646 11503 11669 D BugleIoControl: synchronizeConversation: 72 | 1
12-26 11:57:56.646 11503 11669 D BugleIoControl: synchronizeConversation: 73 | 1
12-26 11:57:56.646 11503 11669 D BugleIoControl: synchronizeConversation: 74 | 2
12-26 11:57:56.646 11503 11669 D BugleIoControl: synchronizeConversation: 76 | 4
12-26 11:57:56.646 11503 11669 D BugleIoControl: synchronizeConversation: 80 | 1
12-26 11:57:56.646 11503 11669 D BugleIoControl: synchronizeConversation: 81 | 1
12-26 11:57:56.646 11503 11669 D BugleIoControl: synchronizeConversation: 84 | 2
12-26 11:57:56.646 11503 11669 D BugleIoControl: synchronizeConversation: 85 | 1
12-26 11:57:56.646 11503 11669 D BugleIoControl: synchronizeConversation: 86 | 1
12-26 11:57:56.646 11503 11669 D BugleIoControl: synchronizeConversation: 92 | 2
12-26 11:57:56.647 11503 11669 D BugleIoControl: synchronizeConversation: 99 | 9
12-26 11:57:56.647 11503 11669 D BugleIoControl: synchronizeConversation: -102 | 245
12-26 11:57:56.647 11503 11669 D BugleIoControl: synchronizeConversation: 104 | 1
12-26 11:57:56.647 11503 11669 D BugleIoControl: synchronizeConversation: 105 | 1
12-26 11:57:56.647 11503 11669 D BugleIoControl: synchronizeConversation: 106 | 1
12-26 11:57:56.647 11503 11669 D BugleIoControl: synchronizeConversation: 115 | 1
12-26 11:57:56.647 11503 11669 D BugleIoControl: synchronizeConversation: 122 | 1
12-26 11:57:56.647 11503 11669 D BugleIoControl: synchronizeConversation: 123 | 4
12-26 11:57:56.647 11503 11669 D BugleIoControl: synchronizeConversation: 124 | 1
12-26 11:57:56.647 11503 11928 D BugleIoControl_flag: batchIO: 60
12-26 11:57:56.647 11503 11669 D BugleIoControl: synchronizeConversation: 125 | 2
12-26 11:57:56.647 11503 11669 D BugleIoControl: synchronizeConversation: 126 | 1
12-26 11:57:56.647 11503 11669 D BugleIoControl: synchronizeConversation: 129 | 3
12-26 11:57:56.647 11503 11669 D BugleIoControl: synchronizeConversation: 131 | 1
12-26 11:57:56.647 11503 11669 D BugleIoControl: synchronizeConversation: 133 | 1
12-26 11:57:56.647 11503 11669 D BugleIoControl: synchronizeConversation: 134 | 1
12-26 11:57:56.647 11503 11669 D BugleIoControl: synchronizeConversation: 135 | 1
12-26 11:57:56.647 11503 11669 D BugleIoControl: synchronizeConversation: 136 | 1
12-26 11:57:56.647 11503 11669 D BugleIoControl: synchronizeConversation: 138 | 3
12-26 11:57:56.647 11503 11669 D BugleIoControl: synchronizeConversation: 139 | 3
12-26 11:57:56.647 11503 11669 D BugleIoControl: synchronizeConversation: 145 | 1
12-26 11:57:56.647 11503 11669 D BugleIoControl: synchronizeConversation: 146 | 1
12-26 11:57:56.647 11503 11669 D BugleIoControl: synchronizeConversation: 147 | 1
12-26 11:57:56.647 11503 11669 D BugleIoControl: synchronizeConversation: 148 | 1
12-26 11:57:56.647 11503 11669 D BugleIoControl: synchronizeConversation: 151 | 1
12-26 11:57:56.647 11503 11669 D BugleIoControl: synchronizeConversation: 154 | 1
12-26 11:57:56.647 11503 11669 D BugleIoControl: synchronizeConversation: 158 | 1
12-26 11:57:56.647 11503 11669 D BugleIoControl: synchronizeConversation: 160 | 1
12-26 11:57:56.647 11503 11669 D BugleIoControl: synchronizeConversation: 161 | 3
12-26 11:57:56.647 11503 11669 D BugleIoControl: synchronizeConversation: 168 | 1
12-26 11:57:56.647 11503 11669 D BugleIoControl: synchronizeConversation: 169 | 1
12-26 11:57:56.647 11503 11669 D BugleIoControl: synchronizeConversation: 170 | 1
12-26 11:57:56.647 11503 11669 D BugleIoControl: synchronizeConversation: 175 | 1
12-26 11:57:56.647 11503 11669 D BugleIoControl: synchronizeConversation: 178 | 1
12-26 11:57:56.647 11503 11669 D BugleIoControl: synchronizeConversation: 181 | 1
12-26 11:57:56.647 11503 11669 D BugleIoControl: synchronizeConversation: 185 | 1
12-26 11:57:56.647 11503 11669 D BugleIoControl: synchronizeConversation: 188 | 1
12-26 11:57:56.647 11503 11669 D BugleIoControl: synchronizeConversation: 190 | 1
12-26 11:57:56.647 11503 11669 D BugleIoControl: synchronizeConversation: 191 | 3
12-26 11:57:56.647 11503 11669 D BugleIoControl: synchronizeConversation: 195 | 1
12-26 11:57:56.647 11503 11669 D BugleIoControl: synchronizeConversation: 196 | 1
12-26 11:57:56.647 11503 11669 D BugleIoControl: synchronizeConversation: 210 | 2
12-26 11:57:56.647 11503 11669 D BugleIoControl: synchronizeConversation: 211 | 1
12-26 11:57:56.647 11503 11669 D BugleIoControl: synchronizeConversation: 214 | 1
12-26 11:57:56.647 11503 11669 D BugleIoControl: synchronizeConversation: 215 | 1
12-26 11:57:56.647 11503 11669 D BugleIoControl: synchronizeConversation: 216 | 1
12-26 11:57:56.647 11503 11669 D BugleIoControl: synchronizeConversation: 217 | 2
12-26 11:57:56.647 11503 11669 D BugleIoControl: synchronizeConversation: 219 | 4
12-26 11:57:56.647 11503 11669 D BugleIoControl: synchronizeConversation: 221 | 1
12-26 11:57:56.647 11503 11669 D BugleIoControl: synchronizeConversation: 231 | 1
12-26 11:57:56.647 11503 11669 D BugleIoControl: synchronizeConversation: 237 | 1
12-26 11:57:56.647 11503 11669 D BugleIoControl: synchronizeConversation: 242 | 1
12-26 11:57:56.647   745   745 I SurfaceFlinger: operator()(), mtkRenderCntDebug 7797235, screenshot (com.miui.miwallpaper.superwallpaper.SnowmountainSuperWallpaper#0)
12-26 11:57:56.647 11503 11669 D BugleIoControl: synchronizeConversation: 246 | 1
12-26 11:57:56.648 11503 11669 D BugleIoControl: synchronizeConversation: 248 | 1
12-26 11:57:56.648 11503 11669 D BugleIoControl: synchronizeConversation: 254 | 1
12-26 11:57:56.648 11503 11669 D BugleIoControl: synchronizeConversation: 256 | 1
12-26 11:57:56.648   745   745 I SurfaceFlinger: operator()(), mtkRenderCntDebug 7797235, screenshot (com.miui.home/com.miui.home.launcher.Launcher#0)
12-26 11:57:56.648 11503 11669 D BugleIoControl: synchronizeConversation: 257 | 3
12-26 11:57:56.648 11503 11669 D BugleIoControl: synchronizeConversation: 258 | 1
12-26 11:57:56.648 11503 11669 D BugleIoControl: synchronizeConversation: 259 | 1
12-26 11:57:56.648 11503 11669 D BugleIoControl: synchronizeConversation: 260 | 1
12-26 11:57:56.648 11503 11669 D BugleIoControl: synchronizeConversation: 261 | 1
12-26 11:57:56.648 11503 11669 D BugleIoControl: synchronizeConversation: 266 | 7
12-26 11:57:56.648 11503 11669 D BugleIoControl: synchronizeConversation: 267 | 1
12-26 11:57:56.648 11503 11669 D BugleIoControl: synchronizeConversation: 270 | 1
12-26 11:57:56.648 11503 11669 D BugleIoControl: synchronizeConversation: 275 | 2
12-26 11:57:56.648 11503 11669 D BugleIoControl: synchronizeConversation: 280 | 1
12-26 11:57:56.648 11503 11669 D BugleIoControl: synchronizeConversation: 281 | 2
12-26 11:57:56.648 11503 11669 D BugleIoControl: synchronizeConversation: 282 | 1
12-26 11:57:56.648 11503 11669 D BugleIoControl: synchronizeConversation: 283 | 1
12-26 11:57:56.648 11503 11669 D BugleIoControl: synchronizeConversation: 285 | 3
12-26 11:57:56.648 11503 11669 D BugleIoControl: synchronizeConversation: 286 | 1
12-26 11:57:56.648 11503 11669 D BugleIoControl: synchronizeConversation: 287 | 1
12-26 11:57:56.648 11503 11669 D BugleIoControl: synchronizeConversation: 291 | 1
12-26 11:57:56.648 11503 11669 D BugleIoControl: synchronizeConversation: 293 | 4
12-26 11:57:56.648 11503 11669 D BugleIoControl: synchronizeConversation: 299 | 1
12-26 11:57:56.648 11503 11669 D BugleIoControl: synchronizeConversation: 301 | 2
12-26 11:57:56.648 11503 11669 D BugleIoControl: synchronizeConversation: 303 | 1
12-26 11:57:56.648 11503 11669 D BugleIoControl: synchronizeConversation: 306 | 1
12-26 11:57:56.648 11503 11669 D BugleIoControl: synchronizeConversation: 309 | 1
12-26 11:57:56.648 11503 11669 D BugleIoControl: synchronizeConversation: 319 | 1
12-26 11:57:56.648 11503 11669 D BugleIoControl: synchronizeConversation: 322 | 2
12-26 11:57:56.648 11503 11669 D BugleIoControl: synchronizeConversation: 323 | 2
12-26 11:57:56.648 11503 11669 D BugleIoControl: synchronizeConversation: 325 | 1
12-26 11:57:56.648 11503 11669 D BugleIoControl: synchronizeConversation: 334 | 1
12-26 11:57:56.648 11503 11669 D BugleIoControl: synchronizeConversation: 336 | 1
12-26 11:57:56.648 11503 11669 D BugleIoControl: synchronizeConversation: 339 | 1
12-26 11:57:56.648 11503 11669 D BugleIoControl: synchronizeConversation: 347 | 1
12-26 11:57:56.648 11503 11669 D BugleIoControl: synchronizeConversation: 351 | 2
12-26 11:57:56.648 11503 11669 D BugleIoControl: synchronizeConversation: 352 | 1
12-26 11:57:56.648 11503 11669 D BugleIoControl: synchronizeConversation: 353 | 1
12-26 11:57:56.648 11503 11669 D BugleIoControl: synchronizeConversation: 358 | 1
12-26 11:57:56.648 11503 11669 D BugleIoControl: synchronizeConversation: 362 | 1
12-26 11:57:56.648 11503 11669 D BugleIoControl: synchronizeConversation: 364 | 1
12-26 11:57:56.648 11503 11669 D BugleIoControl: synchronizeConversation: 365 | 1
12-26 11:57:56.648 11503 11669 D BugleIoControl: synchronizeConversation: 367 | 1
12-26 11:57:56.648 11503 11669 D BugleIoControl: synchronizeConversation: 370 | 1
12-26 11:57:56.648 11503 11669 D BugleIoControl: synchronizeConversation: 372 | 1
12-26 11:57:56.648 11503 11669 D BugleIoControl: synchronizeConversation: 374 | 1
12-26 11:57:56.648 11503 11669 D BugleIoControl: synchronizeConversation: 375 | 1
12-26 11:57:56.648 11503 11669 D BugleIoControl: synchronizeConversation: 376 | 1
12-26 11:57:56.648 11503 11669 D BugleIoControl: synchronizeConversation: 380 | 1
12-26 11:57:56.648 11503 11669 D BugleIoControl: synchronizeConversation: 381 | 1
12-26 11:57:56.648 11503 11669 D BugleIoControl: synchronizeConversation: 384 | 1
12-26 11:57:56.648 11503 11669 D BugleIoControl: synchronizeConversation: 386 | 1
12-26 11:57:56.648 11503 11669 D BugleIoControl: synchronizeConversation: 390 | 2
12-26 11:57:56.648 11503 11669 D BugleIoControl: synchronizeConversation: 400 | 3
12-26 11:57:56.648 11503 11669 D BugleIoControl: synchronizeConversation: 403 | 2
12-26 11:57:56.648 11503 11669 D BugleIoControl: synchronizeConversation: 404 | 3
12-26 11:57:56.648 11503 11669 D BugleIoControl: synchronizeConversation: 408 | 3
12-26 11:57:56.648 11503 11669 D BugleIoControl: synchronizeConversation: 409 | 2
12-26 11:57:56.648 11503 11669 D BugleIoControl: synchronizeConversation: 410 | 2
12-26 11:57:56.648 11503 11669 D BugleIoControl: synchronizeConversation: 411 | 2
12-26 11:57:56.648 11503 11669 D BugleIoControl: synchronizeConversation: 412 | 325
12-26 11:57:56.648 11503 11669 D BugleIoControl: synchronizeConversation: 413 | 1
12-26 11:57:56.648 11503 11669 D BugleIoControl: synchronizeConversation: 415 | 2
12-26 11:57:56.649 11503 11669 D BugleIoControl: synchronizeConversation: 421 | 1
12-26 11:57:56.649 11503 11669 D BugleIoControl: synchronizeConversation: 424 | 1
12-26 11:57:56.649 11503 11669 D BugleIoControl: synchronizeConversation: 425 | 1
12-26 11:57:56.649 11503 11669 D BugleIoControl: synchronizeConversation: 427 | 1
12-26 11:57:56.649 11503 11669 D BugleIoControl: synchronizeConversation: 429 | 1
12-26 11:57:56.649 11503 11669 D BugleIoControl: synchronizeConversation: 430 | 1
12-26 11:57:56.649 11503 11669 D BugleIoControl: synchronizeConversation: 431 | 2
12-26 11:57:56.649 11503 11669 D BugleIoControl: synchronizeConversation: 433 | 1
12-26 11:57:56.649 11503 11669 D BugleIoControl: synchronizeConversation: 434 | 1
12-26 11:57:56.649 11503 11669 D BugleIoControl: synchronizeConversation: 435 | 3
12-26 11:57:56.649 11503 11669 D BugleIoControl: synchronizeConversation: 444 | 2
12-26 11:57:56.649 11503 11669 D BugleIoControl: synchronizeConversation: 446 | 1
12-26 11:57:56.649 11503 11669 D BugleIoControl: synchronizeConversation: 447 | 2
12-26 11:57:56.649 11503 11669 D BugleIoControl: synchronizeConversation: 449 | 1
12-26 11:57:56.649 11503 11669 D BugleIoControl: synchronizeConversation: 452 | 1
12-26 11:57:56.649 11503 11669 D BugleIoControl: synchronizeConversation: 460 | 1
12-26 11:57:56.649 11503 11669 D BugleIoControl: synchronizeConversation: 461 | 1
12-26 11:57:56.649 11503 11669 D BugleIoControl: synchronizeConversation: 462 | 1
12-26 11:57:56.649 11503 11669 D BugleIoControl: synchronizeConversation: 463 | 1
12-26 11:57:56.649 11503 11669 D BugleIoControl: synchronizeConversation: 464 | 1
12-26 11:57:56.649 11503 11669 D BugleIoControl: synchronizeConversation: 466 | 1
12-26 11:57:56.649 11503 11669 D BugleIoControl: synchronizeConversation: 467 | 2
12-26 11:57:56.649 11503 11669 D BugleIoControl: synchronizeConversation: 470 | 1
12-26 11:57:56.649 11503 11669 D BugleIoControl: synchronizeConversation: 472 | 1
12-26 11:57:56.649 11503 11669 D BugleIoControl: synchronizeConversation: 476 | 1
12-26 11:57:56.649 11503 11669 D BugleIoControl: synchronizeConversation: 479 | 1
12-26 11:57:56.649 11503 11669 D BugleIoControl: synchronizeConversation: 481 | 2
12-26 11:57:56.649 11503 11669 D BugleIoControl: synchronizeConversation: 482 | 1
12-26 11:57:56.649 11503 11669 D BugleIoControl: synchronizeConversation: 483 | 1
12-26 11:57:56.649 11503 11669 D BugleIoControl: synchronizeConversation: 484 | 1
12-26 11:57:56.649 11503 11669 D BugleIoControl: synchronizeConversation: 487 | 2
12-26 11:57:56.649 11503 11669 D BugleIoControl: synchronizeConversation: 489 | 1
12-26 11:57:56.649 11503 11669 D BugleIoControl: synchronizeConversation: 492 | 1
12-26 11:57:56.649 11503 11669 D BugleIoControl: synchronizeConversation: 493 | 2
12-26 11:57:56.649 11503 11669 D BugleIoControl: synchronizeConversation: 494 | 1
12-26 11:57:56.649 11503 11669 D BugleIoControl: synchronizeConversation: 497 | 4
12-26 11:57:56.649 11503 11669 D BugleIoControl: synchronizeConversation: 499 | 1
12-26 11:57:56.649 11503 11669 D BugleIoControl: synchronizeConversation: 500 | 1
12-26 11:57:56.649 11503 11669 D BugleIoControl: synchronizeConversation: 502 | 1
12-26 11:57:56.649 11503 11669 D BugleIoControl: synchronizeConversation: 503 | 2
12-26 11:57:56.649 11503 11669 D BugleIoControl: synchronizeConversation: 504 | 1
12-26 11:57:56.649 11503 11669 D BugleIoControl: synchronizeConversation: 505 | 2
12-26 11:57:56.649 11503 11669 D BugleIoControl: synchronizeConversation: 506 | 1
12-26 11:57:56.649 11503 11669 D BugleIoControl: synchronizeConversation: 509 | 1
12-26 11:57:56.649 11503 11669 D BugleIoControl: synchronizeConversation: 511 | 1
12-26 11:57:56.649 11503 11669 D BugleIoControl: synchronizeConversation: 512 | 1
12-26 11:57:56.649 11503 11669 D BugleIoControl: synchronizeConversation: 513 | 1
12-26 11:57:56.649 11503 11669 D BugleIoControl: synchronizeConversation: 515 | 1
12-26 11:57:56.649 11503 11669 D BugleIoControl: synchronizeConversation: 516 | 1
12-26 11:57:56.649 11503 11669 D BugleIoControl: synchronizeConversation: 517 | 1
12-26 11:57:56.649 11503 11669 D BugleIoControl: synchronizeConversation: 520 | 1
12-26 11:57:56.649 11503 11669 D BugleIoControl: synchronizeConversation: 521 | 1
12-26 11:57:56.649 11503 11669 D BugleIoControl: synchronizeConversation: 522 | 3
12-26 11:57:56.649 11503 11669 D BugleIoControl: synchronizeConversation: 523 | 1
12-26 11:57:56.649  1254  1284 W WindowManager: Unable to start animation, surface is null or no children.
12-26 11:57:56.649 11503 11669 D BugleIoControl: synchronizeConversation: 524 | 2
12-26 11:57:56.649 11503 11669 D BugleIoControl: synchronizeConversation: 526 | 1
12-26 11:57:56.649 11503 11669 D BugleIoControl: synchronizeConversation: 527 | 1
12-26 11:57:56.649 11503 11669 D BugleIoControl: synchronizeConversation: 529 | 1
12-26 11:57:56.649 11503 11669 D BugleIoControl: synchronizeConversation: 530 | 1
12-26 11:57:56.649 11503 11669 D BugleIoControl: synchronizeConversation: 537 | 1
12-26 11:57:56.649 11503 11669 D BugleIoControl: synchronizeConversation: 540 | 3
12-26 11:57:56.650 11503 11669 D BugleIoControl: synchronizeConversation: 542 | 1
12-26 11:57:56.650 11503 11669 D BugleIoControl: synchronizeConversation: 544 | 1
12-26 11:57:56.650 11503 11669 D BugleIoControl: synchronizeConversation: 546 | 1
12-26 11:57:56.650 11503 11669 D BugleIoControl: synchronizeConversation: 548 | 1
12-26 11:57:56.650 11503 11669 D BugleIoControl: synchronizeConversation: 549 | 1
12-26 11:57:56.650 11503 11669 D BugleIoControl: synchronizeConversation: 550 | 3
12-26 11:57:56.650 11503 11669 D BugleIoControl: synchronizeConversation: 551 | 1
12-26 11:57:56.650 11503 11669 D BugleIoControl: synchronizeConversation: 557 | 1
12-26 11:57:56.650 11503 11669 D BugleIoControl: synchronizeConversation: 559 | 3
12-26 11:57:56.650 11503 11669 D BugleIoControl: synchronizeConversation: 563 | 1
12-26 11:57:56.650 11503 11669 D BugleIoControl: synchronizeConversation: 565 | 1
12-26 11:57:56.650 11503 11669 D BugleIoControl: synchronizeConversation: 568 | 1
12-26 11:57:56.650 11503 11669 D BugleIoControl: synchronizeConversation: 570 | 1
12-26 11:57:56.650 11503 11669 D BugleIoControl: synchronizeConversation: 573 | 1
12-26 11:57:56.650 11503 11669 D BugleIoControl: synchronizeConversation: 575 | 1
12-26 11:57:56.650 11503 11669 D BugleIoControl: synchronizeConversation: 576 | 1
12-26 11:57:56.650 11503 11669 D BugleIoControl: synchronizeConversation: 577 | 1
12-26 11:57:56.650 11503 11669 D BugleIoControl: synchronizeConversation: 579 | 1
12-26 11:57:56.650 11503 11669 D BugleIoControl: synchronizeConversation: 580 | 1
12-26 11:57:56.650 11503 11669 D BugleIoControl: synchronizeConversation: 581 | 2
12-26 11:57:56.650 11503 11669 D BugleIoControl: synchronizeConversation: 582 | 1
12-26 11:57:56.650 11503 11669 D BugleIoControl: synchronizeConversation: 584 | 1
12-26 11:57:56.650 11503 11669 D BugleIoControl: synchronizeConversation: 585 | 1
12-26 11:57:56.650 11503 11669 D BugleIoControl: synchronizeConversation: 586 | 1
12-26 11:57:56.650 11503 11669 D BugleIoControl: synchronizeConversation: 588 | 1
12-26 11:57:56.650 11503 11669 D BugleIoControl: synchronizeConversation: 591 | 2
12-26 11:57:56.650 11503 11669 D BugleIoControl: synchronizeConversation: 593 | 1
12-26 11:57:56.650 11503 11669 D BugleIoControl: synchronizeConversation: 595 | 1
12-26 11:57:56.650 11503 11669 D BugleIoControl: synchronizeConversation: 596 | 1
12-26 11:57:56.650 11503 11669 D BugleIoControl: synchronizeConversation: 597 | 1
12-26 11:57:56.650 11503 11669 D BugleIoControl: synchronizeConversation: 599 | 1
12-26 11:57:56.650 11503 11669 D BugleIoControl: synchronizeConversation: 602 | 1
12-26 11:57:56.650 11503 11669 D BugleIoControl: synchronizeConversation: 603 | 1
12-26 11:57:56.650 11503 11669 D BugleIoControl: synchronizeConversation: 604 | 1
12-26 11:57:56.650 11503 11669 D BugleIoControl: synchronizeConversation: 608 | 1
12-26 11:57:56.650 11503 11669 D BugleIoControl: synchronizeConversation: 610 | 1
12-26 11:57:56.650 11503 11669 D BugleIoControl: synchronizeConversation: 611 | 1
12-26 11:57:56.650 11503 11669 D BugleIoControl: synchronizeConversation: 612 | 1
12-26 11:57:56.650 11503 11669 D BugleIoControl: synchronizeConversation: 613 | 1
12-26 11:57:56.650 11503 11669 D BugleIoControl: synchronizeConversation: 616 | 1
12-26 11:57:56.650 11503 11669 D BugleIoControl: synchronizeConversation: 617 | 1
12-26 11:57:56.650 11503 11669 D BugleIoControl: synchronizeConversation: 619 | 1
12-26 11:57:56.650 11503 11669 D BugleIoControl: synchronizeConversation: 620 | 2
12-26 11:57:56.650 11503 11669 D BugleIoControl: synchronizeConversation: 621 | 1
12-26 11:57:56.650 11503 11669 D BugleIoControl: synchronizeConversation: 625 | 1
12-26 11:57:56.650 11503 11669 D BugleIoControl: synchronizeConversation: 626 | 1
12-26 11:57:56.650 11503 11669 D BugleIoControl: synchronizeConversation: 627 | 1
12-26 11:57:56.650 11503 11669 D BugleIoControl: synchronizeConversation: 628 | 1
12-26 11:57:56.650 11503 11669 D BugleIoControl: synchronizeConversation: 629 | 1
12-26 11:57:56.650 11503 11669 D BugleIoControl: synchronizeConversation: 630 | 1
12-26 11:57:56.650 11503 11669 D BugleIoControl: synchronizeConversation: 631 | 1
12-26 11:57:56.650 11503 11669 D BugleIoControl: synchronizeConversation: 632 | 1
12-26 11:57:56.650 11503 11669 D BugleIoControl: synchronizeConversation: 633 | 1
12-26 11:57:56.650 11503 11669 D BugleIoControl: synchronizeConversation: 634 | 1
12-26 11:57:56.650 11503 11669 D BugleIoControl: synchronizeConversation: 635 | 1
12-26 11:57:56.650 11503 11669 D BugleIoControl: synchronizeConversation: 636 | 1
12-26 11:57:56.651 11503 11669 D BugleIoControl: synchronizeConversation: 637 | 1
12-26 11:57:56.651 11503 11669 D BugleIoControl: synchronizeConversation: 638 | 1
12-26 11:57:56.651 11503 11669 D BugleIoControl: synchronizeConversation: 639 | 1
12-26 11:57:56.651 11503 11669 D BugleIoControl: synchronizeConversation: 641 | 1
12-26 11:57:56.651 11503 11669 D BugleIoControl: synchronizeConversation: 642 | 1
12-26 11:57:56.651 11503 11669 D BugleIoControl: synchronizeConversation: 643 | 2
12-26 11:57:56.651 11503 11669 D BugleIoControl: synchronizeConversation: 646 | 1
12-26 11:57:56.651 11503 11669 D BugleIoControl: synchronizeConversation: 647 | 1
12-26 11:57:56.651 11503 11669 D BugleIoControl: synchronizeConversation: 648 | 1
12-26 11:57:56.651 11503 11669 D BugleIoControl: synchronizeConversation: 649 | 1
12-26 11:57:56.651 11503 11669 D BugleIoControl: synchronizeConversation: 650 | 1
12-26 11:57:56.651   536   536 I beanpodkeymaster: cmd:c Received 166 byte response
12-26 11:57:56.651 11503 11669 D BugleIoControl: synchronizeConversation: 651 | 1
12-26 11:57:56.651 11503 11669 D BugleIoControl: synchronizeConversation: 652 | 1
12-26 11:57:56.651 11503 11669 D BugleIoControl: synchronizeConversation: 653 | 1
12-26 11:57:56.651 11503 11669 D BugleIoControl: synchronizeConversation: 654 | 1
12-26 11:57:56.651   536   536 I beanpodkeymaster: Exit BeanpodKeymaster FinishOperation
12-26 11:57:56.651 11503 11669 D BugleIoControl: synchronizeConversation: 655 | 1
12-26 11:57:56.651 11503 11669 D BugleIoControl: synchronizeConversation: 657 | 1
12-26 11:57:56.651 11503 11669 D BugleIoControl: synchronizeConversation: 658 | 1
12-26 11:57:56.651 11503 11669 D BugleIoControl: synchronizeConversation: 659 | 1
12-26 11:57:56.651 11503 11669 D BugleIoControl: synchronizeConversation: 662 | 1
12-26 11:57:56.651 11503 11669 D BugleIoControl: synchronizeConversation: 664 | 1
12-26 11:57:56.651 11503 11669 D BugleIoControl: synchronizeConversation: 665 | 1
12-26 11:57:56.651 11503 11669 D BugleIoControl: synchronizeConversation: 666 | 1
12-26 11:57:56.651 11503 11669 D BugleIoControl: synchronizeConversation: 667 | 1
12-26 11:57:56.651 11503 11669 D BugleIoControl: synchronizeConversation: 668 | 1
12-26 11:57:56.651 11503 11669 D BugleIoControl: synchronizeConversation: 669 | 1
12-26 11:57:56.651 11503 11669 D BugleIoControl: synchronizeConversation: 670 | 1
12-26 11:57:56.651 11503 11669 D BugleIoControl: synchronizeConversation: 673 | 1
12-26 11:57:56.651 11503 11669 D BugleIoControl: synchronizeConversation: 676 | 1
12-26 11:57:56.651 11503 11669 D BugleIoControl: synchronizeConversation: 677 | 1
12-26 11:57:56.651 11503 11669 D BugleIoControl: synchronizeConversation: 678 | 1
12-26 11:57:56.651 11503 11669 D BugleIoControl: synchronizeConversation: 679 | 5
12-26 11:57:56.651 11503 11669 D BugleIoControl: synchronizeConversation: 681 | 2
12-26 11:57:56.651 11503 11669 D BugleIoControl: synchronizeConversation: 683 | 1
12-26 11:57:56.651 11503 11669 D BugleIoControl: synchronizeConversation: 685 | 2
12-26 11:57:56.651 11503 11669 D BugleIoControl: synchronizeConversation: 686 | 2
12-26 11:57:56.651 11503 11669 D BugleIoControl: synchronizeConversation: 687 | 1
12-26 11:57:56.651 11503 11669 D BugleIoControl: synchronizeConversation: 689 | 1
12-26 11:57:56.651 11503 11669 D BugleIoControl: synchronizeConversation: 690 | 1
12-26 11:57:56.651 11503 11669 D BugleIoControl: synchronizeConversation: 691 | 1
12-26 11:57:56.651 11503 11669 D BugleIoControl: synchronizeConversation: 694 | 1
12-26 11:57:56.651 11503 11669 D BugleIoControl: synchronizeConversation: 695 | 1
12-26 11:57:56.651 11503 11669 D BugleIoControl: synchronizeConversation: 696 | 1
12-26 11:57:56.654   536   536 I beanpodkeymaster: cmd:18 Received 302 byte response
12-26 11:57:56.658   536   536 I beanpodkeymaster: Enter BeanpodKeymaster BeginOperation
12-26 11:57:56.658   536   536 I beanpodkeymaster: cmd:4 Received 24 byte response
12-26 11:57:56.658   536   536 I beanpodkeymaster: Exit BeanpodKeymaster BeginOperation
12-26 11:57:56.659   536   536 I beanpodkeymaster: Enter BeanpodKeymaster UpdateOperation
12-26 11:57:56.660   536   536 I beanpodkeymaster: cmd:8 Received 24 byte response
12-26 11:57:56.660   536   536 I beanpodkeymaster: Exit BeanpodKeymaster UpdateOperation
12-26 11:57:56.660   536   536 I beanpodkeymaster: Enter BeanpodKeymaster FinishOperation
12-26 11:57:56.668  1254  1288 D AES     : AEEIOCTL_GET/SET_SF_STATE IOCTL,cmd= 1074294797, lParam=0. 
12-26 11:57:56.668  1254  1288 D AES     : AEEIOCTL_RT_MON_Kick IOCTL,cmd= 2147774474, lParam=300. 
12-26 11:57:56.676  1254  1837 I InputDispatcher: setInputWindows displayId=0 Window{53ec2ef mode=1 rootTaskId=1 u0 GestureStubRight} Window{7d9a072 mode=1 rootTaskId=1 u0 GestureStubLeft} Window{4ea9a5d mode=0 rootTaskId=1 u0 GestureStubHome} Window{606a795 mode=0 rootTaskId=1 u0 NavigationBar0} Window{246dd2d mode=0 rootTaskId=1 u0 StatusBar} Window{6880f31 mode=1 rootTaskId=1 u0 com.miui.home/com.miui.home.launcher.Launcher} Window{cf7516e mode=0 rootTaskId=1 u0 com.miui.miwallpaper.superwallpaper.SnowmountainSuperWallpaper} 
12-26 11:57:56.678   745   745 I SurfaceFlinger: operator()(), mtkRenderCntDebug 7797236, screenshot (com.miui.miwallpaper.superwallpaper.SnowmountainSuperWallpaper#0)
12-26 11:57:56.679   745   745 I SurfaceFlinger: operator()(), mtkRenderCntDebug 7797236, screenshot (com.miui.home/com.miui.home.launcher.Launcher#0)
12-26 11:57:56.681 11503 11928 D BugleIoControl_flag: batchIO: 60
12-26 11:57:56.682   745   745 I SurfaceFlinger: operator()(), mtkRenderCntDebug 7797237, screenshot (com.miui.miwallpaper.superwallpaper.SnowmountainSuperWallpaper#0)
12-26 11:57:56.682   745   745 I SurfaceFlinger: operator()(), mtkRenderCntDebug 7797237, screenshot (com.miui.home/com.miui.home.launcher.Launcher#0)
12-26 11:57:56.684   536   536 I beanpodkeymaster: cmd:c Received 166 byte response
12-26 11:57:56.685   536   536 I beanpodkeymaster: Exit BeanpodKeymaster FinishOperation
12-26 11:57:56.713 11503 11928 D BugleIoControl_flag: batchIO: 60
12-26 11:57:56.714   745   745 I SurfaceFlinger: operator()(), mtkRenderCntDebug 7797238, screenshot (com.miui.miwallpaper.superwallpaper.SnowmountainSuperWallpaper#0)
12-26 11:57:56.714   745   745 I SurfaceFlinger: operator()(), mtkRenderCntDebug 7797238, screenshot (com.miui.home/com.miui.home.launcher.Launcher#0)
12-26 11:57:56.716 11503 11669 D BugleIoControl: synchronizeConversation threads: 350 | 22
12-26 11:57:56.721  2109  3025 V MmsSmsUtils: checkPrivateMsgWhiteList time is 0
12-26 11:57:56.726 11503 11669 D ConversationUpdater: update: 1 | android.content.ContentResolver$CursorWrapperInner@7c6b197
12-26 11:57:56.731  2109  3025 V MmsSmsUtils: checkPrivateMsgWhiteList time is 0
12-26 11:57:56.740 11503 11669 D ConversationUpdater: updateConversation common: 1 | 241 | 7
12-26 11:57:56.741 11503 11669 D ConversationUpdater: updateConversation find: true | null
12-26 11:57:56.741 11503 11669 D ConversationUpdater: updateConversation common final: d.a.c.o.a.m@b7fcf84
12-26 11:57:56.741 11503 11928 D BugleIoControl_flag: batchIO: 60
12-26 11:57:56.742   641   847 I hwcomposer: [DPY] receive refesh frquest from driver: type[4]  
12-26 11:57:56.742   641   847 I hwcomposer: [HWC] fire a callback of refresh to SF  
12-26 11:57:56.746  2109  3025 V MmsSmsUtils: checkPrivateMsgWhiteList time is 0
12-26 11:57:56.747   745   745 I SurfaceFlinger: operator()(), mtkRenderCntDebug 7797239, screenshot (com.miui.miwallpaper.superwallpaper.SnowmountainSuperWallpaper#0)
12-26 11:57:56.747   745   745 I SurfaceFlinger: operator()(), mtkRenderCntDebug 7797239, screenshot (com.miui.home/com.miui.home.launcher.Launcher#0)
12-26 11:57:56.750 11503 11669 D ConversationUpdater: update: 225 | android.content.ContentResolver$CursorWrapperInner@abdc36d
12-26 11:57:56.754  2109  3025 V MmsSmsUtils: checkPrivateMsgWhiteList time is 0
12-26 11:57:56.762 11503 11669 D ConversationUpdater: updateConversation common: 225 | 2 | 1
12-26 11:57:56.762 11503 11669 D ConversationUpdater: updateConversation find: true | null
12-26 11:57:56.762   745   745 I BufferQueueProducer: [FramebufferSurface](this:0xb4000078ec6a4ed0,id:-1,api:1,p:745,c:745) queueBuffer: fps=12.90 dur=1705.83 max=712.71 min=15.00
12-26 11:57:56.762 11503 11669 D ConversationUpdater: updateConversation common final: d.a.c.o.a.m@7a59ba2
12-26 11:57:56.765 11503 11928 D BugleIoControl_flag: batchIO: 60
12-26 11:57:56.767  2109  3025 V MmsSmsUtils: checkPrivateMsgWhiteList time is 0
12-26 11:57:56.772 11503 11669 D ConversationUpdater: update: 6 | android.content.ContentResolver$CursorWrapperInner@83ad033
12-26 11:57:56.775  2109  3025 V MmsSmsUtils: checkPrivateMsgWhiteList time is 0
12-26 11:57:56.781   745   745 I SurfaceFlinger: operator()(), mtkRenderCntDebug 7797240, screenshot (com.miui.miwallpaper.superwallpaper.SnowmountainSuperWallpaper#0)
12-26 11:57:56.781   745   745 I SurfaceFlinger: operator()(), mtkRenderCntDebug 7797240, screenshot (com.miui.home/com.miui.home.launcher.Launcher#0)
12-26 11:57:56.784 11503 11669 D ConversationUpdater: updateConversation common: 6 | 5 | 2
12-26 11:57:56.785 11503 11669 D ConversationUpdater: updateConversation find: true | null
12-26 11:57:56.785 11503 11669 D ConversationUpdater: updateConversation common final: d.a.c.o.a.m@6ec5ff0
12-26 11:57:56.791  2109  3025 V MmsSmsUtils: checkPrivateMsgWhiteList time is 0
12-26 11:57:56.794   745   745 I SurfaceFlinger: operator()(), mtkRenderCntDebug 7797241, screenshot (com.miui.miwallpaper.superwallpaper.SnowmountainSuperWallpaper#0)
12-26 11:57:56.794   745   745 I SurfaceFlinger: operator()(), mtkRenderCntDebug 7797241, screenshot (com.miui.home/com.miui.home.launcher.Launcher#0)
12-26 11:57:56.796 11503 11669 D ConversationUpdater: update: 296 | android.content.ContentResolver$CursorWrapperInner@b802969
12-26 11:57:56.802  2109  3025 V MmsSmsUtils: checkPrivateMsgWhiteList time is 0
12-26 11:57:56.813   745   745 I SurfaceFlinger: operator()(), mtkRenderCntDebug 7797242, screenshot (com.miui.miwallpaper.superwallpaper.SnowmountainSuperWallpaper#0)
12-26 11:57:56.813   745   745 I SurfaceFlinger: operator()(), mtkRenderCntDebug 7797242, screenshot (com.miui.home/com.miui.home.launcher.Launcher#0)
12-26 11:57:56.814 11503 11669 D ConversationUpdater: updateConversation common: 296 | 2 | 1
12-26 11:57:56.815 11503 11669 D ConversationUpdater: updateConversation find: true | null
12-26 11:57:56.815 11503 11669 D ConversationUpdater: updateConversation common final: d.a.c.o.a.m@265cfee
12-26 11:57:56.822  2109  3025 V MmsSmsUtils: checkPrivateMsgWhiteList time is 0
12-26 11:57:56.827 11503 11669 D ConversationUpdater: update: 235 | android.content.ContentResolver$CursorWrapperInner@ac83c8f
12-26 11:57:56.835  2109  3025 V MmsSmsUtils: checkPrivateMsgWhiteList time is 1
12-26 11:57:56.840  1254  1622 I MiuiNetworkPolicy: updateUidState uid = 10137, uidState = 15
12-26 11:57:56.846   745   745 I SurfaceFlinger: operator()(), mtkRenderCntDebug 7797243, screenshot (com.miui.miwallpaper.superwallpaper.SnowmountainSuperWallpaper#0)
12-26 11:57:56.847   745   745 I SurfaceFlinger: operator()(), mtkRenderCntDebug 7797243, screenshot (com.miui.home/com.miui.home.launcher.Launcher#0)
12-26 11:57:56.853 11503 11669 D ConversationUpdater: updateConversation common: 235 | 3 | 2
12-26 11:57:56.854 11503 11669 D ConversationUpdater: updateConversation find: true | null
12-26 11:57:56.854 11503 11669 D ConversationUpdater: updateConversation common final: d.a.c.o.a.m@f4f8b1c
12-26 11:57:56.861  2109  3025 V MmsSmsUtils: checkPrivateMsgWhiteList time is 0
12-26 11:57:56.867 11503 11669 D ConversationUpdater: update: 331 | android.content.ContentResolver$CursorWrapperInner@4e8f325
12-26 11:57:56.876  2109  3025 V MmsSmsUtils: checkPrivateMsgWhiteList time is 0
12-26 11:57:56.879   745   745 I SurfaceFlinger: operator()(), mtkRenderCntDebug 7797244, screenshot (com.miui.miwallpaper.superwallpaper.SnowmountainSuperWallpaper#0)
12-26 11:57:56.879   745   745 I SurfaceFlinger: operator()(), mtkRenderCntDebug 7797244, screenshot (com.miui.home/com.miui.home.launcher.Launcher#0)
12-26 11:57:56.894 11503 11669 D ConversationUpdater: updateConversation common: 331 | 4 | 3
12-26 11:57:56.895 11503 11669 D ConversationUpdater: updateConversation find: true | null
12-26 11:57:56.895 11503 11669 D ConversationUpdater: updateConversation common final: d.a.c.o.a.m@4e2fcfa
12-26 11:57:56.905  2109  3025 V MmsSmsUtils: checkPrivateMsgWhiteList time is 0
12-26 11:57:56.911 11503 11669 D ConversationUpdater: update: 525 | android.content.ContentResolver$CursorWrapperInner@11612ab
12-26 11:57:56.912   745   745 I SurfaceFlinger: operator()(), mtkRenderCntDebug 7797245, screenshot (com.miui.miwallpaper.superwallpaper.SnowmountainSuperWallpaper#0)
12-26 11:57:56.912   745   745 I SurfaceFlinger: operator()(), mtkRenderCntDebug 7797245, screenshot (com.miui.home/com.miui.home.launcher.Launcher#0)
12-26 11:57:56.918  2109  3025 V MmsSmsUtils: checkPrivateMsgWhiteList time is 0
12-26 11:57:56.928  1254  1622 D MiuiNetworkPolicy: updateLimit mLimitEnabled=true,enabled=false,mNetworkPriorityMode=255
12-26 11:57:56.935   641   847 I hwcomposer: [DPY] receive refesh frquest from driver: type[4]  
12-26 11:57:56.935   641   847 I hwcomposer: [HWC] fire a callback of refresh to SF  
12-26 11:57:56.938 11503 11669 D ConversationUpdater: updateConversation common: 525 | 4 | 3
12-26 11:57:56.939 11503 11669 D ConversationUpdater: updateConversation find: true | null
12-26 11:57:56.939 11503 11669 D ConversationUpdater: updateConversation common final: d.a.c.o.a.m@b583d08
12-26 11:57:56.947   745   745 I SurfaceFlinger: operator()(), mtkRenderCntDebug 7797246, screenshot (com.miui.miwallpaper.superwallpaper.SnowmountainSuperWallpaper#0)
12-26 11:57:56.947   745   745 I SurfaceFlinger: operator()(), mtkRenderCntDebug 7797246, screenshot (com.miui.home/com.miui.home.launcher.Launcher#0)
12-26 11:57:56.947  2109  3025 V MmsSmsUtils: checkPrivateMsgWhiteList time is 0
12-26 11:57:56.953 11503 11669 D ConversationUpdater: update: 109 | android.content.ContentResolver$CursorWrapperInner@35a9ca1
12-26 11:57:56.959  1254  3456 W ActivityManager: Foreground service started from background can not have location/camera/microphone access: service com.github.kr328.clash/.service.TunService
12-26 11:57:56.964  1927  5189 W Parcel  : **** enforceInterface() expected 'com.miui.gamebooster.service.ISecurityCenterNotificationListener' but read 'android.service.notification.INotificationListener'
12-26 11:57:56.965  1927  5189 W Binder  : Caught a RuntimeException from the binder stub implementation.
12-26 11:57:56.965  1927  5189 W Binder  : java.lang.SecurityException: Binder invocation to an incorrect interface
12-26 11:57:56.965  1927  5189 W Binder  : 	at android.os.Parcel.nativeEnforceInterface(Native Method)
12-26 11:57:56.965  1927  5189 W Binder  : 	at android.os.Parcel.enforceInterface(Parcel.java:653)
12-26 11:57:56.965  1927  5189 W Binder  : 	at com.miui.gamebooster.service.ISecurityCenterNotificationListener$Stub.onTransact(Unknown Source:22)
12-26 11:57:56.965  1927  5189 W Binder  : 	at android.os.Binder.execTransactInternal(Binder.java:1159)
12-26 11:57:56.965  1927  5189 W Binder  : 	at android.os.Binder.execTransact(Binder.java:1123)
12-26 11:57:56.965  2685  2685 I NotificationController: onNotificationPosted: mSmartTravelNotificationMap 0
12-26 11:57:56.966  2109  3025 V MmsSmsUtils: checkPrivateMsgWhiteList time is 1
12-26 11:57:56.967  1927  1927 V onNotificationPostedCallBack: flags=106
12-26 11:57:56.967  1927  1927 V h       : ret=0
12-26 11:57:56.969  1910  1910 D InterruptionStateProvider: No bubble up: not allowed to bubble: 0|com.github.kr328.clash|2131296550|null|10009
12-26 11:57:56.970  1910  1910 D InterruptionStateProvider: No heads up: unimportant notification: 0|com.github.kr328.clash|2131296550|null|10009
12-26 11:57:56.979   745   745 I SurfaceFlinger: operator()(), mtkRenderCntDebug 7797247, screenshot (com.miui.miwallpaper.superwallpaper.SnowmountainSuperWallpaper#0)
12-26 11:57:56.979   745   745 I SurfaceFlinger: operator()(), mtkRenderCntDebug 7797247, screenshot (com.miui.home/com.miui.home.launcher.Launcher#0)
12-26 11:57:56.984   745  2087 I BufferQueueProducer: [StatusBar#0](this:0xb40000784791ba58,id:9,api:1,p:1910,c:745) queueBuffer: fps=7.88 dur=1015.68 max=778.28 min=15.97
12-26 11:57:56.985 11503 11669 D ConversationUpdater: updateConversation common: 109 | 2 | 1
12-26 11:57:56.986 11503 11669 D ConversationUpdater: updateConversation find: true | null
12-26 11:57:56.986 11503 11669 D ConversationUpdater: updateConversation common final: d.a.c.o.a.m@ed3eec6
12-26 11:57:56.992  2109  3025 V MmsSmsUtils: checkPrivateMsgWhiteList time is 0
12-26 11:57:56.997 11503 11669 D ConversationUpdater: update: 111 | android.content.ContentResolver$CursorWrapperInner@6212e87
12-26 11:57:57.004  2109  3025 V MmsSmsUtils: checkPrivateMsgWhiteList time is 0
12-26 11:57:57.012   745   745 I SurfaceFlinger: operator()(), mtkRenderCntDebug 7797248, screenshot (com.miui.miwallpaper.superwallpaper.SnowmountainSuperWallpaper#0)
12-26 11:57:57.012   745   745 I SurfaceFlinger: operator()(), mtkRenderCntDebug 7797248, screenshot (com.miui.home/com.miui.home.launcher.Launcher#0)
12-26 11:57:57.015 11503 11669 D ConversationUpdater: updateConversation common: 111 | 32 | 12
12-26 11:57:57.016 11503 11669 D ConversationUpdater: updateConversation find: true | null
12-26 11:57:57.017 11503 11669 D ConversationUpdater: updateConversation common final: d.a.c.o.a.m@bb821b4
12-26 11:57:57.022  2109  3025 V MmsSmsUtils: checkPrivateMsgWhiteList time is 0
12-26 11:57:57.025 11503 11669 D ConversationUpdater: update: 592 | android.content.ContentResolver$CursorWrapperInner@ce361dd
12-26 11:57:57.028 11503 11652 V TemplateUpdateService:  scheduleUpdateJob false
12-26 11:57:57.028 11503 11652 I TemplateUpdateService: scheduleJob(): info:(job:1/com.android.mms/com.miui.smsextra.service.TemplateUpdateService)
12-26 11:57:57.028 11503 11652 I TemplateUpdateService: scheduleJob(): job exist, return
12-26 11:57:57.029 11503 11652 I TeddyADJobScheduler: scheduleJob(): job exist, return
12-26 11:57:57.029 11503 11652 I TeddyMediaJobScheduler: scheduleJob(): job exist, return
12-26 11:57:57.029  2109  3025 V MmsSmsUtils: checkPrivateMsgWhiteList time is 0
12-26 11:57:57.030 11503 11658 D MmsPushManager: push initiate
12-26 11:57:57.031 11386 11434 D IdProviderImpl: getOAID
12-26 11:57:57.038  3740  3740 W PushService: [Tid:2] onStart() with intent.Action = null, chid = null, pkg = null|com.android.mms
12-26 11:57:57.038 11503 11971 I XMPush-11503: [Tid:63010] sdk_version = 4_2_0
12-26 11:57:57.040  2109  3025 D TelephonyProvider: Using old permission behavior for telephony provider compat
12-26 11:57:57.040 11503 11971 V XMPush-11503: [Tid:63010] loadClass fail hasContext= true, errMsg = com.bun.miitmdid.core.JLibrary
12-26 11:57:57.041 11503 11971 V XMPush-11503: [Tid:63010] mdid:check error java.lang.ClassNotFoundException: loadClass fail 
12-26 11:57:57.041 11503 11971 V XMPush-11503: [Tid:63010] create id manager is: 0
12-26 11:57:57.041 11503 11669 D ConversationUpdater: updateConversation common: 592 | 2 | 1
12-26 11:57:57.041 11503 11669 D ConversationUpdater: updateConversation find: true | null
12-26 11:57:57.042 11503 11669 D ConversationUpdater: updateConversation common final: d.a.c.o.a.m@e7498aa
12-26 11:57:57.042 11503 11971 V XMPush-11503: [Tid:63010] scr init in 11503
12-26 11:57:57.045   745   745 I SurfaceFlinger: operator()(), mtkRenderCntDebug 7797249, screenshot (com.miui.miwallpaper.superwallpaper.SnowmountainSuperWallpaper#0)
