12-26 11:57:58.438  1254  4702 E AppOps  : 	at com.android.server.am.ActivityManagerService.onTransact(ActivityManagerService.java:3014)
12-26 11:57:58.438  1254  4702 E AppOps  : 	at android.os.Binder.execTransactInternal(Binder.java:1159)
12-26 11:57:58.438  1254  4702 E AppOps  : 	at android.os.Binder.execTransact(Binder.java:1123)
12-26 11:57:58.438  1254  4702 W PreloadManager: Error when check usagestats:android from uid 10340 not allowed to perform GET_USAGE_STATS
12-26 11:57:58.445   625   625 D Zygote  : Forked child process 12098
12-26 11:57:58.445   625   625 I Zygote  : Process 12066 exited due to signal 9 (Killed)
12-26 11:57:58.446   745  2335 W SurfaceFlinger: eEarlyWakeup is deprecated. Use eExplicitEarlyWakeup[Start|End]
12-26 11:57:58.447   745   782 W SurfaceFlinger: eEarlyWakeup is deprecated. Use eExplicitEarlyWakeup[Start|End]
12-26 11:57:58.447  2130  6744 W FloatingIconLayer: release
12-26 11:57:58.447  1254  4702 I InputDispatcher: setInputWindows displayId=0 Window{53ec2ef mode=1 rootTaskId=1 u0 GestureStubRight} Window{7d9a072 mode=1 rootTaskId=1 u0 GestureStubLeft} Window{4ea9a5d mode=0 rootTaskId=1 u0 GestureStubHome} Window{606a795 mode=0 rootTaskId=1 u0 NavigationBar0} Window{246dd2d mode=0 rootTaskId=1 u0 StatusBar} Splash Screen rust.example.hello_bevy#0 Floating Icon#0 com.miui.home/com.miui.home.launcher.Launcher#0 Window{cf7516e mode=0 rootTaskId=1 u0 com.miui.miwallpaper.superwallpaper.SnowmountainSuperWallpaper} 
12-26 11:57:58.447  1254  4702 I InputDispatcher: Window went away: Window{79d01ac mode=0 rootTaskId=18237 u0 Splash Screen rust.example.hello_bevy}
12-26 11:57:58.449  2028  2028 D MiWallpaper-SnowmountainSuperWallpaper: Engine onOffsetsChanged super wallpaper-xOffset=1.0;yOffset=0.0;xOffsetStep=0.5;yOffsetStep=0.0;xPixelOffset=-1320;yPixelOffset=0
12-26 11:57:58.452  1254  1298 I ActivityManager: Start proc 12098:com.miui.thirdappassistant/1000 for content provider {com.miui.thirdappassistant/com.miui.thirdappassistant.manager.ThirdAppAssistantProvider} caller=com.miui.daemon
12-26 11:57:58.452   745  2335 I BufferQueueProducer: [Floating Icon#0](id:2e90000aaef,api:1,p:2130,c:745) disconnect(): api=1
12-26 11:57:58.455  1254  1279 I ActivityManager: Process rust.example.hello_bevy (pid 12066) has died: prcp TOP 
12-26 11:57:58.455  1254  1317 I Process : PerfMonitor : current process killing process group. PID: 12066
12-26 11:57:58.455  1254  1317 I libprocessgroup: Successfully killed process cgroup uid 10340 pid 12066 in 0ms
12-26 11:57:58.457   655   712 I libPowerHal: [perfNotifyAppState] pack:rust.example.hello_bevy, pid:12066, STATE_DEAD
12-26 11:57:58.457   655   712 D RilUtility: notify_rild_crash_pid_set certPid:-1, crash:12066, scn:0x0
12-26 11:57:58.459 12098 12098 E irdappassistan: Not starting debugger since process cannot load the jdwp agent.
12-26 11:57:58.459  1254  1279 I mtkpower_client: perf_lock_acq, hdl:234596, dur:400, num:8, tid:1279
12-26 11:57:58.460  1254  1279 I mtkpower_client: ret_hdl:234613
12-26 11:57:58.460   655   712 I libPowerHal: [perfLockAcq] idx:1 hdl:234613 hint:-1 pid:1254 duration:400 => ret_hdl:234613
12-26 11:57:58.460   655   712 I libPowerHal: [PE] scn:1 hdl:234613 lock_user:system_server pid:1254 tid:1279 dur:400
12-26 11:57:58.460   655   712 I libPowerHal: system_server: set gpu opp level max: 0
12-26 11:57:58.461 11107 10714 I GST     : forePkg: com.miui.home, preForePkg: rust.example.hello_bevy
12-26 11:57:58.461  2111  3163 D PerfEngineController: ForegroundInfo{mForegroundPackageName='com.miui.home', mForegroundUid=10082, mForegroundPid=2130, mLastForegroundPackageName='rust.example.hello_bevy', mLastForegroundUid=10340, mLastForegroundPid=12066, mMultiWindowForegroundPackageName='null', mMultiWindowForegroundUid=-1, mFlags=0}
12-26 11:57:58.461  2130  2130 D Launcher.Lifecycle: onResume:UserHandle{0},faa06ef,false
12-26 11:57:58.461  2130  2290 D MiBridge: requestCpuHighFreq---- uid: 10082 level: 1 timeoutms:500
12-26 11:57:58.461 32025 11952 D AutoInstallService: onForegroundInfoChanged: com.miui.home
12-26 11:57:58.461  2130  2130 D Launcher_UnlockAnimationStateMachine: setState:IDLE
12-26 11:57:58.461 11284 12065 D LauncherOverlay: setActivityState:3
12-26 11:57:58.461   982 24716 W MiuiBooster: "MiuiBoosterService requestCpuHighFreq: 10082, 1, 500"
12-26 11:57:58.461   982 24716 W MiuiBooster: "requestCpuHighFreq,final level:1,final timeoutms:500"
12-26 11:57:58.461   982 24716 W MiuiBooster: "perf_hint_hc start"
12-26 11:57:58.461  2130  2130 V PhoneWindow: DecorView setVisiblity: visibility = 0, Parent = android.view.ViewRootImpl@50e356a, this = DecorView@c7075e8[Launcher]
12-26 11:57:58.461 11284 11284 D LauncherOverlay.Window: onResume
12-26 11:57:58.462  2130  2222 D StatusBarController: handleMessage: flag 800000  disable false
12-26 11:57:58.462  1927  1955 I ProcessMonitor: onForegroundInfoChanged: ForegroundInfo{mForegroundPackageName='com.miui.home', mForegroundUid=10082, mForegroundPid=2130, mLastForegroundPackageName='rust.example.hello_bevy', mLastForegroundUid=10340, mLastForegroundPid=12066, mMultiWindowForegroundPackageName='null', mMultiWindowForegroundUid=-1, mFlags=0}
12-26 11:57:58.462  1927  1955 I GameBoosterService: onForegroundInfoChanged: Cur=com.miui.home	 last=rust.example.hello_bevy
12-26 11:57:58.459   655   655 W mtkPowerService: type=1400 audit(0.0:1071757): avc: denied { open } for path="/proc/982/comm" dev="proc" ino=62178433 scontext=u:r:mtk_hal_power:s0 tcontext=u:r:miuibooster:s0 tclass=file permissive=0
12-26 11:57:58.462  2130  2522 I RenderThread: RenderThread resumed
12-26 11:57:58.462  1927  1955 D GameBoosterService: onGameStatusChange foreground:ForegroundInfo{mForegroundPackageName='com.miui.home', mForegroundUid=10082, mForegroundPid=2130, mLastForegroundPackageName='rust.example.hello_bevy', mLastForegroundUid=10340, mLastForegroundPid=12066, mMultiWindowForegroundPackageName='null', mMultiWindowForegroundUid=-1, mFlags=0}
12-26 11:57:58.462  1927  1955 I GameBoosterService: onForegroundInfoChanged: Exit
12-26 11:57:58.462  2130  2522 I RenderThread: All controllers paused.
12-26 11:57:58.462  2130  2522 I RenderThread: RenderThread paused, waiting for signal
12-26 11:57:58.462  1927  1955 I VideoBoxUtils: isSupportVideoBox: false
12-26 11:57:58.462  2111  2256 I ThermalInfoCollector: collectForgroundAppsInfo
12-26 11:57:58.463   655   676 E libPowerHal: Could not open '/proc/982/comm'
12-26 11:57:58.463  1927  1955 I VideoToolBoxService: onForegroundInfoChanged: Exit Vtb
12-26 11:57:58.463   655   712 I libPowerHal: [perfLockAcq] idx:5 hdl:234614 hint:-1 pid:982 duration:500 => ret_hdl:234614
12-26 11:57:58.463   655   712 I libPowerHal: [PE] scn:5 hdl:234614 lock_user: pid:982 tid:24716 dur:500
12-26 11:57:58.463  1254  1837 I InputDispatcher: setInputWindows displayId=0 Window{53ec2ef mode=1 rootTaskId=1 u0 GestureStubRight} Window{7d9a072 mode=1 rootTaskId=1 u0 GestureStubLeft} Window{4ea9a5d mode=0 rootTaskId=1 u0 GestureStubHome} Window{606a795 mode=0 rootTaskId=1 u0 NavigationBar0} Window{246dd2d mode=0 rootTaskId=1 u0 StatusBar} Splash Screen rust.example.hello_bevy#0 com.miui.home/com.miui.home.launcher.Launcher#0 Window{cf7516e mode=0 rootTaskId=1 u0 com.miui.miwallpaper.superwallpaper.SnowmountainSuperWallpaper} 
12-26 11:57:58.463  1254  1837 I InputDispatcher: Window went away: Floating Icon#0
12-26 11:57:58.463  1254  1279 I Timeline: Timeline: App_transition_ready time:684899933
12-26 11:57:58.464   745   782 W SurfaceFlinger: eEarlyWakeup is deprecated. Use eExplicitEarlyWakeup[Start|End]
12-26 11:57:58.464   745   745 I BufferQueueConsumer: [Floating Icon#0](id:2e90000aaef,api:0,p:-1,c:745) disconnect()
12-26 11:57:58.464   745   745 I BufferQueue: [Floating Icon#0](this:0xb4000078471c2a58,id:43759,api:1,p:-1,c:-1) onDestructor()
12-26 11:57:58.464   982 24716 W MiuiBooster: "perf_handle:234614"
12-26 11:57:58.464   745   782 W SurfaceFlinger: eEarlyWakeup is deprecated. Use eExplicitEarlyWakeup[Start|End]
12-26 11:57:58.465  2130  2290 D MiBridge: requestCpuHighFreq handle: 1
12-26 11:57:58.465  2130  2290 D Launcher_CPUBooster: boostCpuToMax:0
12-26 11:57:58.467 11386 11434 D IdProviderImpl: getOAID
12-26 11:57:58.467  1910  1910 D StatusBar: disable<e i a s b h r c s > disable2<q i n >
12-26 11:57:58.469   745   745 I SurfaceFlinger: operator()(), mtkRenderCntDebug 7797295, screenshot (com.miui.miwallpaper.superwallpaper.SnowmountainSuperWallpaper#0)
12-26 11:57:58.469   745   745 I SurfaceFlinger: operator()(), mtkRenderCntDebug 7797295, screenshot (com.miui.home/com.miui.home.launcher.Launcher#0)
12-26 11:57:58.469   745   745 I SurfaceFlinger: operator()(), mtkRenderCntDebug 7797295, screenshot (Launcher Dim#0)
12-26 11:57:58.470  2130  2130 D Launcher_WallpaperUtils: changeStatusBarMode:false
12-26 11:57:58.472  1254  1285 D View    : [Warning] assignParent to null: this = DecorView@ed054ab[hello_bevy]
12-26 11:57:58.472  2130  2130 D RecentsImpl: mActivityStateObserver com.miui.home.launcher.Launcher
12-26 11:57:58.472  2130  2130 W RecentsImpl: onResumed className=com.miui.home.launcher.Launcher   mIsInAnotherPro=false
12-26 11:57:58.472 10250 10250 V PhoneWindow: DecorView setVisiblity: visibility = 8, Parent = android.view.ViewRootImpl@6ae02eb, this = DecorView@9bd0848[InputMethod]
12-26 11:57:58.472  2130  2130 W RecentsImpl: updateFsgWindowVisibilityState   isEnter=false   typeFrom=typefrom_home   isOpen=true   mIsInAnotherPro=false   mIsStatusBarExpansion=false
12-26 11:57:58.472  2130  2130 W RecentsImpl: getTopActivity from observer.   cn=ComponentInfo{com.miui.home/com.miui.home.launcher.Launcher}
12-26 11:57:58.472  2130  2257 D RecentsImpl: showNavStubView
12-26 11:57:58.472  2130  2255 D RecentsImpl: hideBackStubWindow
12-26 11:57:58.473   745   782 I BufferQueueProducer: [Splash Screen rust.example.hello_bevy#0](id:2e90000aaee,api:2,p:1254,c:745) disconnect(): api=2
12-26 11:57:58.473  2028  2028 D MiWallpaper-SnowmountainSuperWallpaper: Engine onOffsetsChanged super wallpaper-xOffset=1.0;yOffset=0.0;xOffsetStep=0.5;yOffsetStep=0.0;xPixelOffset=-1320;yPixelOffset=0
12-26 11:57:58.473   655   677 I mtkpower@impl: [setMode] type:5, enabled:0
12-26 11:57:58.474   655   712 I libPowerHal: [perfLockRel] hdl:234608, idx:0
12-26 11:57:58.474   655   712 I libPowerHal: [PD] scn:0 hdl:234608 hint:11 comm:mtkpower@1.0-se pid:655
12-26 11:57:58.474   655   676 I mtkpower@impl: [mtkPowerHint] hint:22, hold:0, ext:30, ext_hold:2000
12-26 11:57:58.474 11386 11434 D IdProviderImpl: getOAID
12-26 11:57:58.474  1254  1285 W WindowManager: Changing focus fromnull to Window{6880f31 mode=1 rootTaskId=1 u0 com.miui.home/com.miui.home.launcher.Launcher} displayId=0 Callers=com.android.server.wm.RootWindowContainer.updateFocusedWindowLocked:477 com.android.server.wm.WindowManagerService.updateFocusedWindowLocked:6216 com.android.server.wm.WindowState.setupWindowForRemoveOnExit:2509 com.android.server.wm.WindowState.removeIfPossible:2478 
12-26 11:57:58.474   655   712 I libPowerHal: [perfLockRel] hdl:234612, idx:4
12-26 11:57:58.474   655   712 I libPowerHal: [PD] scn:4 hdl:234612 hint:22 comm:mtkpower@1.0-se pid:655
12-26 11:57:58.475   655   676 I mtkpower@impl: [mtkPowerHint] hint:21, hold:6000, ext:30, ext_hold:35000
12-26 11:57:58.475   655   712 I libPowerHal: [perfLockAcq] idx:0 hdl:234615 hint:30 pid:655 duration:2000 => ret_hdl:234615
12-26 11:57:58.475   655   712 I libPowerHal: [PE] scn:0 hdl:234615 hint:30 comm:mtkpower@1.0-se pid:655
12-26 11:57:58.475   655   712 I libPowerHal: [perfLockAcq] idx:4 hdl:234616 hint:21 pid:655 duration:6000 => ret_hdl:234616
12-26 11:57:58.475   655   712 I libPowerHal: [PE] scn:4 hdl:234616 hint:21 comm:mtkpower@1.0-se pid:655
12-26 11:57:58.475   655   712 I libPowerHal: [perfLockRel] hdl:234610, idx:2
12-26 11:57:58.475   655   712 I libPowerHal: [PD] scn:2 hdl:234610 hint:21 comm:mtkpower@1.0-se pid:655
12-26 11:57:58.476   655   712 I libPowerHal: [perfLockAcq] idx:6 hdl:234617 hint:30 pid:655 duration:35000 => ret_hdl:234617
12-26 11:57:58.476   655   712 I libPowerHal: [PE] scn:6 hdl:234617 hint:30 comm:mtkpower@1.0-se pid:655
12-26 11:57:58.476  1254  1285 I InputTransport: Destroy ARC handle: 0xb4000075c202d360
12-26 11:57:58.476  1254  1285 D WindowManager: trim threaded renderer complete
12-26 11:57:58.479  1254  1254 W Binder  : Outgoing transactions from this process must be FLAG_ONEWAY
12-26 11:57:58.479  1254  1254 W Binder  : java.lang.Throwable
12-26 11:57:58.479  1254  1254 W Binder  : 	at android.os.BinderProxy.transact(BinderProxy.java:501)
12-26 11:57:58.479  1254  1254 W Binder  : 	at com.miui.internal.server.IDropBoxManagerService$Stub$Proxy.add(IDropBoxManagerService.java:159)
12-26 11:57:58.479  1254  1254 W Binder  : 	at miui.os.DropBoxManager$2.onServiceConnected(DropBoxManager.java:286)
12-26 11:57:58.479  1254  1254 W Binder  : 	at android.app.LoadedApk$ServiceDispatcher.doConnected(LoadedApk.java:1980)
12-26 11:57:58.479  1254  1254 W Binder  : 	at android.app.LoadedApk$ServiceDispatcher$RunConnection.run(LoadedApk.java:2012)
12-26 11:57:58.479  1254  1254 W Binder  : 	at android.os.Handler.handleCallback(Handler.java:938)
12-26 11:57:58.479  1254  1254 W Binder  : 	at android.os.Handler.dispatchMessage(Handler.java:99)
12-26 11:57:58.479  1254  1254 W Binder  : 	at android.os.Looper.loop(Looper.java:236)
12-26 11:57:58.479  1254  1254 W Binder  : 	at com.android.server.SystemServer.run(SystemServer.java:678)
12-26 11:57:58.479  1254  1254 W Binder  : 	at com.android.server.SystemServer.main(SystemServer.java:450)
12-26 11:57:58.479  1254  1254 W Binder  : 	at java.lang.reflect.Method.invoke(Native Method)
12-26 11:57:58.479  1254  1254 W Binder  : 	at com.android.internal.os.RuntimeInit$MethodAndArgsCaller.run(RuntimeInit.java:620)
12-26 11:57:58.479  1254  1254 W Binder  : 	at com.android.internal.os.ZygoteInit.main(ZygoteInit.java:989)
12-26 11:57:58.480   745   782 W SurfaceFlinger: eEarlyWakeup is deprecated. Use eExplicitEarlyWakeup[Start|End]
12-26 11:57:58.481   745  2087 W SurfaceFlinger: eEarlyWakeup is deprecated. Use eExplicitEarlyWakeup[Start|End]
12-26 11:57:58.481  1254  3465 I InputDispatcher: setInputWindows displayId=0 Window{53ec2ef mode=1 rootTaskId=1 u0 GestureStubRight} Window{7d9a072 mode=1 rootTaskId=1 u0 GestureStubLeft} Window{4ea9a5d mode=0 rootTaskId=1 u0 GestureStubHome} Window{606a795 mode=0 rootTaskId=1 u0 NavigationBar0} Window{246dd2d mode=0 rootTaskId=1 u0 StatusBar} Splash Screen rust.example.hello_bevy#0 Window{6880f31 mode=1 rootTaskId=1 u0 com.miui.home/com.miui.home.launcher.Launcher} Window{cf7516e mode=0 rootTaskId=1 u0 com.miui.miwallpaper.superwallpaper.SnowmountainSuperWallpaper} 
12-26 11:57:58.481  1254  3465 I InputDispatcher: Window went away: com.miui.home/com.miui.home.launcher.Launcher#0
12-26 11:57:58.481   745   782 I SurfaceFlinger: [SF client] NEW(0xb4000078487afbc0) for (1254:system_server)
12-26 11:57:58.483  1254  1282 D ViewRootImpl[hello_bevy]: hardware acceleration = true , fakeHwAccelerated = false, sRendererDisabled = false, forceHwAccelerated = false, sSystemRendererDisabled = false
12-26 11:57:58.484  2028  2028 D MiWallpaper-SnowmountainSuperWallpaper: Engine onOffsetsChanged super wallpaper-xOffset=1.0;yOffset=0.0;xOffsetStep=0.5;yOffsetStep=0.0;xPixelOffset=-1320;yPixelOffset=0
12-26 11:57:58.487  1254  1282 W WindowManager: Changing focus fromWindow{6880f31 mode=1 rootTaskId=1 u0 com.miui.home/com.miui.home.launcher.Launcher} to Window{f75d973 mode=0 rootTaskId=1 u0 Application Error: rust.example.hello_bevy} displayId=0 Callers=com.android.server.wm.RootWindowContainer.updateFocusedWindowLocked:477 com.android.server.wm.WindowManagerService.updateFocusedWindowLocked:6216 com.android.server.wm.WindowManagerService.addWindow:2014 com.android.server.wm.Session.addToDisplayAsUser:176 
12-26 11:57:58.483 12098 12098 W irdappassistant: type=1400 audit(0.0:1071758): avc: denied { write } for name="com.miui.thirdappassistant-lLHE6u8WJR9wbj0HcB3-aA==" dev="sdc59" ino=3581906 scontext=u:r:system_app:s0 tcontext=u:object_r:apk_data_file:s0 tclass=dir permissive=0
12-26 11:57:58.487 12098 12098 D ApplicationLoaders: Returning zygote-cached class loader: /system/framework/android.test.base.jar
12-26 11:57:58.489  1254  1282 I InputTransport: Create ARC handle: 0xb40000763e118b40
12-26 11:57:58.491  1254  1622 I MiuiNetworkPolicy: updateUidState uid = 10134, uidState = 6
12-26 11:57:58.492  1254  1622 I MiuiNetworkPolicy: removeUidState uid = 10340
12-26 11:57:58.492  1254  1622 I MiuiNetworkPolicyTrafficLimit: updateWhiteListUidForMobileTraffic uid=10340,add=false
12-26 11:57:58.492  1254  1622 D MiuiNetworkPolicyTrafficLimit: updateWhiteListUidForMobileTraffic rst=true
12-26 11:57:58.494  2111  3166 D UidObserver: onUidGone entry uid = 10340
12-26 11:57:58.494  1254  1282 D View    : [Warning] assignParent to null: this = DecorView@da327d1[hello_bevy]
12-26 11:57:58.496  1254  1282 W WindowManager: Changing focus fromWindow{f75d973 mode=0 rootTaskId=1 u0 Application Error: rust.example.hello_bevy} to Window{6880f31 mode=1 rootTaskId=1 u0 com.miui.home/com.miui.home.launcher.Launcher} displayId=0 Callers=com.android.server.wm.RootWindowContainer.updateFocusedWindowLocked:477 com.android.server.wm.WindowManagerService.updateFocusedWindowLocked:6216 com.android.server.wm.RootWindowContainer.performSurfacePlacementNoTrace:846 com.android.server.wm.RootWindowContainer.performSurfacePlacement:830 
12-26 11:57:58.496   745  2087 W SurfaceFlinger: eEarlyWakeup is deprecated. Use eExplicitEarlyWakeup[Start|End]
12-26 11:57:58.496  1254  1279 I InputDispatcher: setInputWindows displayId=0 Window{53ec2ef mode=1 rootTaskId=1 u0 GestureStubRight} Window{7d9a072 mode=1 rootTaskId=1 u0 GestureStubLeft} Window{4ea9a5d mode=0 rootTaskId=1 u0 GestureStubHome} Window{606a795 mode=0 rootTaskId=1 u0 NavigationBar0} Window{246dd2d mode=0 rootTaskId=1 u0 StatusBar} Splash Screen rust.example.hello_bevy#0 Window{6880f31 mode=1 rootTaskId=1 u0 com.miui.home/com.miui.home.launcher.Launcher} Window{cf7516e mode=0 rootTaskId=1 u0 com.miui.miwallpaper.superwallpaper.SnowmountainSuperWallpaper} 
12-26 11:57:58.496  1254  1279 I InputDispatcher: Focus entered window: Window{6880f31 mode=1 rootTaskId=1 u0 com.miui.home/com.miui.home.launcher.Launcher} in display 0
12-26 11:57:58.497   745   782 W SurfaceFlinger: eEarlyWakeup is deprecated. Use eExplicitEarlyWakeup[Start|End]
12-26 11:57:58.501   745   745 I SurfaceFlinger: operator()(), mtkRenderCntDebug 7797296, screenshot (com.miui.miwallpaper.superwallpaper.SnowmountainSuperWallpaper#0)
12-26 11:57:58.501   745   745 I SurfaceFlinger: operator()(), mtkRenderCntDebug 7797296, screenshot (com.miui.home/com.miui.home.launcher.Launcher#0)
12-26 11:57:58.502   745   745 I SurfaceFlinger: operator()(), mtkRenderCntDebug 7797296, screenshot (Launcher Dim#0)
12-26 11:57:58.504  1254  1282 I InputTransport: Destroy ARC handle: 0xb40000763e118b40
12-26 11:57:58.504  1254  1282 D WindowManager: trim threaded renderer complete
12-26 11:57:58.504 12098 12098 D NetworkSecurityConfig: No Network Security Config specified, using platform default
12-26 11:57:58.504 12098 12098 D NetworkSecurityConfig: No Network Security Config specified, using platform default
12-26 11:57:58.504  2028  2028 D MiWallpaper-SnowmountainSuperWallpaper: Engine onOffsetsChanged super wallpaper-xOffset=1.0;yOffset=0.0;xOffsetStep=0.5;yOffsetStep=0.0;xPixelOffset=-1320;yPixelOffset=0
12-26 11:57:58.506  3740 10754 I com.xiaomi.xms: oneway function results will be dropped but finished with status UNKNOWN_TRANSACTION and parcel size 0
12-26 11:57:58.507  1910  2181 D MiuiPhoneStatusBarPolicy: updateManagedProfile: secondSpace = false
12-26 11:57:58.507  1254  1622 I MiuiNetworkPolicy: updateUidState uid = 10134, uidState = 10
12-26 11:57:58.511 12098 12098 D OneTrackSdk: log on: false, quick upload on: false
12-26 11:57:58.513   745  2335 W SurfaceFlinger: eEarlyWakeup is deprecated. Use eExplicitEarlyWakeup[Start|End]
12-26 11:57:58.513   745   784 W SurfaceFlinger: eEarlyWakeup is deprecated. Use eExplicitEarlyWakeup[Start|End]
12-26 11:57:58.513  1254  2425 I InputDispatcher: setInputWindows displayId=0 Window{53ec2ef mode=1 rootTaskId=1 u0 GestureStubRight} Window{7d9a072 mode=1 rootTaskId=1 u0 GestureStubLeft} Window{4ea9a5d mode=0 rootTaskId=1 u0 GestureStubHome} Window{606a795 mode=0 rootTaskId=1 u0 NavigationBar0} Window{246dd2d mode=0 rootTaskId=1 u0 StatusBar} Splash Screen rust.example.hello_bevy#0 Window{6880f31 mode=1 rootTaskId=1 u0 com.miui.home/com.miui.home.launcher.Launcher} Window{cf7516e mode=0 rootTaskId=1 u0 com.miui.miwallpaper.superwallpaper.SnowmountainSuperWallpaper} 
12-26 11:57:58.513  1254  2425 I InputDispatcher: Focus left window: Window{6880f31 mode=1 rootTaskId=1 u0 com.miui.home/com.miui.home.launcher.Launcher} in display 0
12-26 11:57:58.514  2028  2028 D MiWallpaper-SnowmountainSuperWallpaper: Engine onOffsetsChanged super wallpaper-xOffset=1.0;yOffset=0.0;xOffsetStep=0.5;yOffsetStep=0.0;xPixelOffset=-1320;yPixelOffset=0
12-26 11:57:58.515 10250 10250 V PhoneWindow: DecorView setVisiblity: visibility = 8, Parent = android.view.ViewRootImpl@6ae02eb, this = DecorView@9bd0848[InputMethod]
12-26 11:57:58.515  2130  2130 D Launcher.Lifecycle: onWindowFocusChanged:false,UserHandle{0},faa06ef,false
12-26 11:57:58.519 12098 12098 D OneTrackImp: OneTrackImp init : Configuration{appId='28***************69', pluginId='null', channel='null', international=false, region='null', overrideMiuiRegionSetting=false, mode=APP, GAIDEnable=true, IMSIEnable=true, IMEIEnable=true, ExceptionCatcherEnable=true}
12-26 11:57:58.521  1254  1622 I MiuiNetworkPolicy: updateUidState uid = 10137, uidState = 19
12-26 11:57:58.523 12098 12119 I ThirdAppAssistant: ThirdAppAssistantProvider ThirdAppAssistant is queried
12-26 11:57:58.529 12098 12126 D IdProviderImpl: getOAID
12-26 11:57:58.529   745  2335 W SurfaceFlinger: eEarlyWakeup is deprecated. Use eExplicitEarlyWakeup[Start|End]
12-26 11:57:58.530   745   784 W SurfaceFlinger: eEarlyWakeup is deprecated. Use eExplicitEarlyWakeup[Start|End]
12-26 11:57:58.530  1254  1899 I InputDispatcher: setInputWindows displayId=0 Window{53ec2ef mode=1 rootTaskId=1 u0 GestureStubRight} Window{7d9a072 mode=1 rootTaskId=1 u0 GestureStubLeft} Window{4ea9a5d mode=0 rootTaskId=1 u0 GestureStubHome} Window{606a795 mode=0 rootTaskId=1 u0 NavigationBar0} Window{246dd2d mode=0 rootTaskId=1 u0 StatusBar} Splash Screen rust.example.hello_bevy#0 Window{6880f31 mode=1 rootTaskId=1 u0 com.miui.home/com.miui.home.launcher.Launcher} Window{cf7516e mode=0 rootTaskId=1 u0 com.miui.miwallpaper.superwallpaper.SnowmountainSuperWallpaper} 
12-26 11:57:58.530  1254  1899 I InputDispatcher: Focus entered window: Window{6880f31 mode=1 rootTaskId=1 u0 com.miui.home/com.miui.home.launcher.Launcher} in display 0
12-26 11:57:58.530  2028  2028 D MiWallpaper-SnowmountainSuperWallpaper: Engine onOffsetsChanged super wallpaper-xOffset=1.0;yOffset=0.0;xOffsetStep=0.5;yOffsetStep=0.0;xPixelOffset=-1320;yPixelOffset=0
12-26 11:57:58.530  2130  2130 D Launcher.Lifecycle: onWindowFocusChanged:true,UserHandle{0},faa06ef,false
12-26 11:57:58.530  2130  2130 D Launcher_UnlockAnimationStateMachine: onWindowFocus:IDLE
12-26 11:57:58.532  1910  1910 D NotifBadge: recevie broadbcast ACTION_APPLICATION_MESSAGE_QUERY, requestFirstTime=false
12-26 11:57:58.533 12098 12126 I TetheringManager: registerTetheringEventCallback:com.miui.thirdappassistant
12-26 11:57:58.535   745   745 I SurfaceFlinger: operator()(), mtkRenderCntDebug 7797297, screenshot (com.miui.miwallpaper.superwallpaper.SnowmountainSuperWallpaper#0)
12-26 11:57:58.535   745   745 I SurfaceFlinger: operator()(), mtkRenderCntDebug 7797297, screenshot (com.miui.home/com.miui.home.launcher.Launcher#0)
12-26 11:57:58.535   745   745 I SurfaceFlinger: operator()(), mtkRenderCntDebug 7797297, screenshot (Launcher Dim#0)
12-26 11:57:58.537 11386 11434 D IdProviderImpl: getOAID
12-26 11:57:58.538   625   625 D Zygote  : Forked child process 12132
12-26 11:57:58.539  1254  1298 I ActivityManager: Start proc 12132:com.xiaomi.market/u0a128 for content provider {com.xiaomi.market/com.xiaomi.market.provider.MarketProvider} caller=com.miui.thirdappassistant
12-26 11:57:58.543 11386 11434 D IdProviderImpl: getOAID
12-26 11:57:58.546   745   784 W SurfaceFlinger: eEarlyWakeup is deprecated. Use eExplicitEarlyWakeup[Start|End]
12-26 11:57:58.546  1254  4531 I InputDispatcher: setInputWindows displayId=0 Window{53ec2ef mode=1 rootTaskId=1 u0 GestureStubRight} Window{7d9a072 mode=1 rootTaskId=1 u0 GestureStubLeft} Window{4ea9a5d mode=0 rootTaskId=1 u0 GestureStubHome} Window{606a795 mode=0 rootTaskId=1 u0 NavigationBar0} Window{246dd2d mode=0 rootTaskId=1 u0 StatusBar} Splash Screen rust.example.hello_bevy#0 Window{6880f31 mode=1 rootTaskId=1 u0 com.miui.home/com.miui.home.launcher.Launcher} Window{cf7516e mode=0 rootTaskId=1 u0 com.miui.miwallpaper.superwallpaper.SnowmountainSuperWallpaper} 
12-26 11:57:58.546   745  2335 W SurfaceFlinger: eEarlyWakeup is deprecated. Use eExplicitEarlyWakeup[Start|End]
12-26 11:57:58.547  2028  2028 D MiWallpaper-SnowmountainSuperWallpaper: Engine onOffsetsChanged super wallpaper-xOffset=1.0;yOffset=0.0;xOffsetStep=0.5;yOffsetStep=0.0;xPixelOffset=-1320;yPixelOffset=0
12-26 11:57:58.551 12132 12132 E m.xiaomi.marke: Not starting debugger since process cannot load the jdwp agent.
12-26 11:57:58.558  1254  1622 I MiuiNetworkPolicy: updateUidState uid = 10128, uidState = 5
12-26 11:57:58.562   745   782 W SurfaceFlinger: eEarlyWakeup is deprecated. Use eExplicitEarlyWakeup[Start|End]
12-26 11:57:58.563   745   784 W SurfaceFlinger: eEarlyWakeup is deprecated. Use eExplicitEarlyWakeup[Start|End]
12-26 11:57:58.563  1254  1899 I InputDispatcher: setInputWindows displayId=0 Window{53ec2ef mode=1 rootTaskId=1 u0 GestureStubRight} Window{7d9a072 mode=1 rootTaskId=1 u0 GestureStubLeft} Window{4ea9a5d mode=0 rootTaskId=1 u0 GestureStubHome} Window{606a795 mode=0 rootTaskId=1 u0 NavigationBar0} Window{246dd2d mode=0 rootTaskId=1 u0 StatusBar} Splash Screen rust.example.hello_bevy#0 Window{6880f31 mode=1 rootTaskId=1 u0 com.miui.home/com.miui.home.launcher.Launcher} Window{cf7516e mode=0 rootTaskId=1 u0 com.miui.miwallpaper.superwallpaper.SnowmountainSuperWallpaper} 
12-26 11:57:58.563  2028  2028 D MiWallpaper-SnowmountainSuperWallpaper: Engine onOffsetsChanged super wallpaper-xOffset=1.0;yOffset=0.0;xOffsetStep=0.5;yOffsetStep=0.0;xPixelOffset=-1320;yPixelOffset=0
12-26 11:57:58.568   745   745 I SurfaceFlinger: operator()(), mtkRenderCntDebug 7797298, screenshot (com.miui.miwallpaper.superwallpaper.SnowmountainSuperWallpaper#0)
12-26 11:57:58.568   745   745 I SurfaceFlinger: operator()(), mtkRenderCntDebug 7797298, screenshot (com.miui.home/com.miui.home.launcher.Launcher#0)
12-26 11:57:58.568   745   745 I SurfaceFlinger: operator()(), mtkRenderCntDebug 7797298, screenshot (Launcher Dim#0)
12-26 11:57:58.574  3395  3395 I MiuiPerfServiceClient: IonService onStartJob
12-26 11:57:58.574  3395  3395 I MiuiPerfServiceClient: MeminfoService onStartJob
12-26 11:57:58.571  3395  3395 W IonService_dump: type=1400 audit(0.0:1071759): avc: denied { search } for name="dma_buf" dev="debugfs" ino=2074 scontext=u:r:system_app:s0 tcontext=u:object_r:debugfs_dmabuf:s0 tclass=dir permissive=0
12-26 11:57:58.579   745   782 W SurfaceFlinger: eEarlyWakeup is deprecated. Use eExplicitEarlyWakeup[Start|End]
12-26 11:57:58.579  1254  2425 I InputDispatcher: setInputWindows displayId=0 Window{53ec2ef mode=1 rootTaskId=1 u0 GestureStubRight} Window{7d9a072 mode=1 rootTaskId=1 u0 GestureStubLeft} Window{4ea9a5d mode=0 rootTaskId=1 u0 GestureStubHome} Window{606a795 mode=0 rootTaskId=1 u0 NavigationBar0} Window{246dd2d mode=0 rootTaskId=1 u0 StatusBar} Splash Screen rust.example.hello_bevy#0 Window{6880f31 mode=1 rootTaskId=1 u0 com.miui.home/com.miui.home.launcher.Launcher} Window{cf7516e mode=0 rootTaskId=1 u0 com.miui.miwallpaper.superwallpaper.SnowmountainSuperWallpaper} 
12-26 11:57:58.579   745  2335 W SurfaceFlinger: eEarlyWakeup is deprecated. Use eExplicitEarlyWakeup[Start|End]
12-26 11:57:58.579  2028  2028 D MiWallpaper-SnowmountainSuperWallpaper: Engine onOffsetsChanged super wallpaper-xOffset=1.0;yOffset=0.0;xOffsetStep=0.5;yOffsetStep=0.0;xPixelOffset=-1320;yPixelOffset=0
12-26 11:57:58.581  3395 12154 I MiuiPerfServiceClient: MeminfoService schedule
12-26 11:57:58.581 12132 12132 D NetworkSecurityConfig: Using Network Security Config from resource network_security_config debugBuild: false
12-26 11:57:58.581  3395 12153 I MiuiPerfServiceClient: IonService schedule
12-26 11:57:58.582 12132 12132 D NetworkSecurityConfig: Using Network Security Config from resource network_security_config debugBuild: false
12-26 11:57:58.589 12132 12156 I MMKV    : Disable checkProcessMode()
12-26 11:57:58.589 12132 12156 I MMKV    : <native-bridge.cpp:104::JNI_OnLoad> current API level = 30, libc++_shared=0
12-26 11:57:58.589 12132 12156 I MMKV    : <MMKV.cpp:156::initialize> version v1.2.9, page size 4096, arch arm64-v8a
12-26 11:57:58.589 12132 12156 I MMKV    : <MMKV.cpp:167::initialize> armv8 AES instructions is supported
12-26 11:57:58.589 12132 12156 I MMKV    : <MMKV.cpp:175::initialize> armv8 CRC32 instructions is supported
12-26 11:57:58.589 12132 12156 I MMKV    : <MMKV.cpp:198::initializeMMKV> root dir: /data/user/0/com.xiaomi.market/files/mmkv
12-26 11:57:58.590 12132 12156 I MMKV    : <MMKV_IO.cpp:81::loadFromFile> loading [com.xiaomi.market_preferences] with 3172 actual size, file size 4096, InterProcess 1, meta info version:3
12-26 11:57:58.590 12132 12156 I MMKV    : <MMKV_IO.cpp:86::loadFromFile> loading [com.xiaomi.market_preferences] with crc 4062285933 sequence 5 version 3
12-26 11:57:58.590 12132 12156 I MMKV    : <MMKV_IO.cpp:130::loadFromFile> loaded [com.xiaomi.market_preferences] with 1 key-values
12-26 11:57:58.592 12132 12156 I Market-MmkvManager: Init sharedpreferences use MMKV=false
12-26 11:57:58.595   745   784 W SurfaceFlinger: eEarlyWakeup is deprecated. Use eExplicitEarlyWakeup[Start|End]
12-26 11:57:58.595  1254  2428 I InputDispatcher: setInputWindows displayId=0 Window{53ec2ef mode=1 rootTaskId=1 u0 GestureStubRight} Window{7d9a072 mode=1 rootTaskId=1 u0 GestureStubLeft} Window{4ea9a5d mode=0 rootTaskId=1 u0 GestureStubHome} Window{606a795 mode=0 rootTaskId=1 u0 NavigationBar0} Window{246dd2d mode=0 rootTaskId=1 u0 StatusBar} Splash Screen rust.example.hello_bevy#0 Window{6880f31 mode=1 rootTaskId=1 u0 com.miui.home/com.miui.home.launcher.Launcher} Window{cf7516e mode=0 rootTaskId=1 u0 com.miui.miwallpaper.superwallpaper.SnowmountainSuperWallpaper} 
12-26 11:57:58.596   745  2087 W SurfaceFlinger: eEarlyWakeup is deprecated. Use eExplicitEarlyWakeup[Start|End]
12-26 11:57:58.597  2028  2028 D MiWallpaper-SnowmountainSuperWallpaper: Engine onOffsetsChanged super wallpaper-xOffset=1.0;yOffset=0.0;xOffsetStep=0.5;yOffsetStep=0.0;xPixelOffset=-1320;yPixelOffset=0
12-26 11:57:58.598 12132 12155 I DeviceLevelUtils: platform：mt6873
12-26 11:57:58.601   745   745 I SurfaceFlinger: operator()(), mtkRenderCntDebug 7797299, screenshot (com.miui.miwallpaper.superwallpaper.SnowmountainSuperWallpaper#0)
12-26 11:57:58.601   745   745 I SurfaceFlinger: operator()(), mtkRenderCntDebug 7797299, screenshot (com.miui.home/com.miui.home.launcher.Launcher#0)
12-26 11:57:58.601   745   745 I SurfaceFlinger: operator()(), mtkRenderCntDebug 7797299, screenshot (Launcher Dim#0)
12-26 11:57:58.606 12132 12132 I Market-App: Process create: com.xiaomi.market ------------------
12-26 11:57:58.608 12132 12162 I Market-SubScriptManager: tryClearSubScript : tag_clear_icon , isFromLauncher : true
12-26 11:57:58.609 12132 12160 D ABTestSdk: logOn: ,pkg:com.xiaomi.market
12-26 11:57:58.609 12132 12160 D ABTestSdk: updateDebugSwitch sEnable: false sDebugMode：false sDebugProperty：false
12-26 11:57:58.609 12132 12160 D ABTestSdk: log on: false
12-26 11:57:58.610 12132 12160 I Market-HttpDnsManager: httpdns shouldUseHttpDns:true DEBUG_SILENCE_SCENE_ENABLE:false
12-26 11:57:58.612 12132 12164 I Market-LocalAppManager: load local apps from system : begin
12-26 11:57:58.612   745  2335 W SurfaceFlinger: eEarlyWakeup is deprecated. Use eExplicitEarlyWakeup[Start|End]
12-26 11:57:58.612   745   782 W SurfaceFlinger: eEarlyWakeup is deprecated. Use eExplicitEarlyWakeup[Start|End]
12-26 11:57:58.612  1254  4531 I InputDispatcher: setInputWindows displayId=0 Window{53ec2ef mode=1 rootTaskId=1 u0 GestureStubRight} Window{7d9a072 mode=1 rootTaskId=1 u0 GestureStubLeft} Window{4ea9a5d mode=0 rootTaskId=1 u0 GestureStubHome} Window{606a795 mode=0 rootTaskId=1 u0 NavigationBar0} Window{246dd2d mode=0 rootTaskId=1 u0 StatusBar} Splash Screen rust.example.hello_bevy#0 Window{6880f31 mode=1 rootTaskId=1 u0 com.miui.home/com.miui.home.launcher.Launcher} Window{cf7516e mode=0 rootTaskId=1 u0 com.miui.miwallpaper.superwallpaper.SnowmountainSuperWallpaper} 
12-26 11:57:58.612  2028  2028 D MiWallpaper-SnowmountainSuperWallpaper: Engine onOffsetsChanged super wallpaper-xOffset=1.0;yOffset=0.0;xOffsetStep=0.5;yOffsetStep=0.0;xPixelOffset=-1320;yPixelOffset=0
12-26 11:57:58.625 12132 12165 I System.out: [okhttp]:check permission begin!
12-26 11:57:58.625 12132 12165 W System  : ClassLoader referenced unknown path: system/framework/mediatek-cta.jar
12-26 11:57:58.625 12132 12165 I System.out: [okhttp] e:java.lang.ClassNotFoundException: com.mediatek.cta.CtaUtils
12-26 11:57:58.628   745   784 W SurfaceFlinger: eEarlyWakeup is deprecated. Use eExplicitEarlyWakeup[Start|End]
12-26 11:57:58.628 12132 12165 I System.out: [socket]:check permission begin!
12-26 11:57:58.629  1254  3465 I InputDispatcher: setInputWindows displayId=0 Window{53ec2ef mode=1 rootTaskId=1 u0 GestureStubRight} Window{7d9a072 mode=1 rootTaskId=1 u0 GestureStubLeft} Window{4ea9a5d mode=0 rootTaskId=1 u0 GestureStubHome} Window{606a795 mode=0 rootTaskId=1 u0 NavigationBar0} Window{246dd2d mode=0 rootTaskId=1 u0 StatusBar} Splash Screen rust.example.hello_bevy#0 Window{6880f31 mode=1 rootTaskId=1 u0 com.miui.home/com.miui.home.launcher.Launcher} Window{cf7516e mode=0 rootTaskId=1 u0 com.miui.miwallpaper.superwallpaper.SnowmountainSuperWallpaper} 
12-26 11:57:58.629 12132 12165 W System  : ClassLoader referenced unknown path: system/framework/mediatek-cta.jar
12-26 11:57:58.629   745   782 W SurfaceFlinger: eEarlyWakeup is deprecated. Use eExplicitEarlyWakeup[Start|End]
12-26 11:57:58.629 12132 12165 I System.out: [socket] e:java.lang.ClassNotFoundException: com.mediatek.cta.CtaUtils
12-26 11:57:58.629   745  2335 W SurfaceFlinger: eEarlyWakeup is deprecated. Use eExplicitEarlyWakeup[Start|End]
12-26 11:57:58.630  2028  2028 D MiWallpaper-SnowmountainSuperWallpaper: Engine onOffsetsChanged super wallpaper-xOffset=1.0;yOffset=0.0;xOffsetStep=0.5;yOffsetStep=0.0;xPixelOffset=-1320;yPixelOffset=0
12-26 11:57:58.630   745   784 W SurfaceFlinger: eEarlyWakeup is deprecated. Use eExplicitEarlyWakeup[Start|End]
12-26 11:57:58.631 12132 12162 I Market-SubScriptManager: get count -1
12-26 11:57:58.632 12132 12160 I TetheringManager: registerTetheringEventCallback:com.xiaomi.market
12-26 11:57:58.633 22658 23051 D ClashForAndroid: [DNS] cdn.exp.xiaomi.com --> 124.14.21.27
12-26 11:57:58.634   745   745 I SurfaceFlinger: operator()(), mtkRenderCntDebug 7797300, screenshot (com.miui.miwallpaper.superwallpaper.SnowmountainSuperWallpaper#0)
12-26 11:57:58.634   745   745 I SurfaceFlinger: operator()(), mtkRenderCntDebug 7797300, screenshot (com.miui.home/com.miui.home.launcher.Launcher#0)
12-26 11:57:58.634   745   745 I SurfaceFlinger: operator()(), mtkRenderCntDebug 7797300, screenshot (Launcher Dim#0)
12-26 11:57:58.640 12132 12174 I System.out: [okhttp]:check permission begin!
12-26 11:57:58.640 12132 12174 I System.out: [okhttp]:not MMS!
12-26 11:57:58.640 12132 12174 I System.out: [okhttp]:not Email!
12-26 11:57:58.641 12132 12174 I System.out: [socket]:check permission begin!
12-26 11:57:58.641 12132 12160 I System.out: ------> log control false account 164566
12-26 11:57:58.642 12132 12174 I System.out: [OkHttp] sendRequest>>
12-26 11:57:58.642 12132 12174 I System.out: [OkHttp] sendRequest<<
12-26 11:57:58.645   745  2335 W SurfaceFlinger: eEarlyWakeup is deprecated. Use eExplicitEarlyWakeup[Start|End]
12-26 11:57:58.645  1254  2428 I InputDispatcher: setInputWindows displayId=0 Window{53ec2ef mode=1 rootTaskId=1 u0 GestureStubRight} Window{7d9a072 mode=1 rootTaskId=1 u0 GestureStubLeft} Window{4ea9a5d mode=0 rootTaskId=1 u0 GestureStubHome} Window{606a795 mode=0 rootTaskId=1 u0 NavigationBar0} Window{246dd2d mode=0 rootTaskId=1 u0 StatusBar} Splash Screen rust.example.hello_bevy#0 Window{6880f31 mode=1 rootTaskId=1 u0 com.miui.home/com.miui.home.launcher.Launcher} Window{cf7516e mode=0 rootTaskId=1 u0 com.miui.miwallpaper.superwallpaper.SnowmountainSuperWallpaper} 
12-26 11:57:58.645   745   782 W SurfaceFlinger: eEarlyWakeup is deprecated. Use eExplicitEarlyWakeup[Start|End]
12-26 11:57:58.646  2028  2028 D MiWallpaper-SnowmountainSuperWallpaper: Engine onOffsetsChanged super wallpaper-xOffset=1.0;yOffset=0.0;xOffsetStep=0.5;yOffsetStep=0.0;xPixelOffset=-1320;yPixelOffset=0
12-26 11:57:58.646 12132 12180 I System.out: [socket]:check permission begin!
12-26 11:57:58.647 12132 12180 I System.out: [socket]:check permission begin!
12-26 11:57:58.651  3689 28490 E MediaProvider: Couldn't find file: /storage/emulated/0/.UTSystemConfig/Global/Alvin2.xml
12-26 11:57:58.653 12132 12176 I beacon  : url=https://beacon-api.aliyuncs.com/beacon/fetch/config/byappkey
12-26 11:57:58.654 12132 12176 I System.out: [okhttp]:check permission begin!
12-26 11:57:58.654 12132 12176 I System.out: [okhttp]:not MMS!
12-26 11:57:58.654 12132 12176 I System.out: [okhttp]:not Email!
12-26 11:57:58.655 12132 12176 I System.out: [socket]:check permission begin!
12-26 11:57:58.656 22658 22888 D ClashForAndroid: [DNS] beacon-api.aliyuncs.com --> 139.196.67.174
12-26 11:57:58.661 12132 12164 I Market-LocalAppManager: load local apps from system : finish
12-26 11:57:58.661   745  2087 W SurfaceFlinger: eEarlyWakeup is deprecated. Use eExplicitEarlyWakeup[Start|End]
12-26 11:57:58.661  1254  4531 I InputDispatcher: setInputWindows displayId=0 Window{53ec2ef mode=1 rootTaskId=1 u0 GestureStubRight} Window{7d9a072 mode=1 rootTaskId=1 u0 GestureStubLeft} Window{4ea9a5d mode=0 rootTaskId=1 u0 GestureStubHome} Window{606a795 mode=0 rootTaskId=1 u0 NavigationBar0} Window{246dd2d mode=0 rootTaskId=1 u0 StatusBar} Splash Screen rust.example.hello_bevy#0 Window{6880f31 mode=1 rootTaskId=1 u0 com.miui.home/com.miui.home.launcher.Launcher} Window{cf7516e mode=0 rootTaskId=1 u0 com.miui.miwallpaper.superwallpaper.SnowmountainSuperWallpaper} 
12-26 11:57:58.662   745   782 W SurfaceFlinger: eEarlyWakeup is deprecated. Use eExplicitEarlyWakeup[Start|End]
12-26 11:57:58.662  2028  2028 D MiWallpaper-SnowmountainSuperWallpaper: Engine onOffsetsChanged super wallpaper-xOffset=1.0;yOffset=0.0;xOffsetStep=0.5;yOffsetStep=0.0;xPixelOffset=-1320;yPixelOffset=0
12-26 11:57:58.663 12132 12164 I Market-LocalAppManager: checkUpdateFromServer : start
12-26 11:57:58.663 12132 12164 I Market-LocalAppManager: getUpdateInfoFromServer : start
12-26 11:57:58.667   745   745 I SurfaceFlinger: operator()(), mtkRenderCntDebug 7797301, screenshot (com.miui.miwallpaper.superwallpaper.SnowmountainSuperWallpaper#0)
12-26 11:57:58.667   745   745 I SurfaceFlinger: operator()(), mtkRenderCntDebug 7797301, screenshot (com.miui.home/com.miui.home.launcher.Launcher#0)
12-26 11:57:58.667   745   745 I SurfaceFlinger: operator()(), mtkRenderCntDebug 7797301, screenshot (Launcher Dim#0)
12-26 11:57:58.669 22658 22713 I ClashForAndroid: [TCP] 172.31.255.253:38998 --> cdn.exp.xiaomi.com match GeoIP(CN) using DIRECT
12-26 11:57:58.670 12132 12164 I Market-LocalAppManager: getUpdateInfoFromServer : middle
12-26 11:57:58.672  1254  1284 W TSCInjector: doSnapshotQS()... lannchedBy=com.miui.home
12-26 11:57:58.672 22658 22888 I ClashForAndroid: [TCP] 172.31.255.253:33898 --> 203.107.1.33 match GeoIP(CN) using DIRECT
12-26 11:57:58.676 22658 22888 I ClashForAndroid: [TCP] 172.31.255.253:58558 --> beacon-api.aliyuncs.com match GeoIP(CN) using DIRECT
12-26 11:57:58.678   745  2087 W SurfaceFlinger: eEarlyWakeup is deprecated. Use eExplicitEarlyWakeup[Start|End]
12-26 11:57:58.678  1254  2425 I InputDispatcher: setInputWindows displayId=0 Window{53ec2ef mode=1 rootTaskId=1 u0 GestureStubRight} Window{7d9a072 mode=1 rootTaskId=1 u0 GestureStubLeft} Window{4ea9a5d mode=0 rootTaskId=1 u0 GestureStubHome} Window{606a795 mode=0 rootTaskId=1 u0 NavigationBar0} Window{246dd2d mode=0 rootTaskId=1 u0 StatusBar} Splash Screen rust.example.hello_bevy#0 Window{6880f31 mode=1 rootTaskId=1 u0 com.miui.home/com.miui.home.launcher.Launcher} Window{cf7516e mode=0 rootTaskId=1 u0 com.miui.miwallpaper.superwallpaper.SnowmountainSuperWallpaper} 
12-26 11:57:58.678   745   782 W SurfaceFlinger: eEarlyWakeup is deprecated. Use eExplicitEarlyWakeup[Start|End]
12-26 11:57:58.678  2028  2028 D MiWallpaper-SnowmountainSuperWallpaper: Engine onOffsetsChanged super wallpaper-xOffset=1.0;yOffset=0.0;xOffsetStep=0.5;yOffsetStep=0.0;xPixelOffset=-1320;yPixelOffset=0
12-26 11:57:58.679   745   782 W SurfaceFlinger: eEarlyWakeup is deprecated. Use eExplicitEarlyWakeup[Start|End]
12-26 11:57:58.679   745   782 W SurfaceFlinger: eEarlyWakeup is deprecated. Use eExplicitEarlyWakeup[Start|End]
12-26 11:57:58.683 12132 12164 I Market-RetrofitRequest: callStart : https://app.market.xiaomi.com/apm/updateinfo/v2
12-26 11:57:58.685 12132 12164 I Market-RetrofitRequest: HeaderInterceptor : https://app.market.xiaomi.com/apm/updateinfo/v2
12-26 11:57:58.686   655   712 I mtkpower@impl: [powerd_req] TIMER_MSG_PERF_LOCK_TIMEOUT hdl:234611
12-26 11:57:58.686   655   712 I libPowerHal: [perfLockRel] hdl:234611, idx:3
12-26 11:57:58.686   655   712 I libPowerHal: [PD] scn:3 hdl:234611 lock_user:system_server pid:1254 tid:4702 dur:400
12-26 11:57:58.694 12132 12165 I System.out: [OkHttp] sendRequest>>
12-26 11:57:58.694 12132 12165 I System.out: [OkHttp] sendRequest<<
12-26 11:57:58.695  1254  2425 I InputDispatcher: setInputWindows displayId=0 Window{53ec2ef mode=1 rootTaskId=1 u0 GestureStubRight} Window{7d9a072 mode=1 rootTaskId=1 u0 GestureStubLeft} Window{4ea9a5d mode=0 rootTaskId=1 u0 GestureStubHome} Window{606a795 mode=0 rootTaskId=1 u0 NavigationBar0} Window{246dd2d mode=0 rootTaskId=1 u0 StatusBar} Splash Screen rust.example.hello_bevy#0 Window{6880f31 mode=1 rootTaskId=1 u0 com.miui.home/com.miui.home.launcher.Launcher} Window{cf7516e mode=0 rootTaskId=1 u0 com.miui.miwallpaper.superwallpaper.SnowmountainSuperWallpaper} 
12-26 11:57:58.695   745  2335 W SurfaceFlinger: eEarlyWakeup is deprecated. Use eExplicitEarlyWakeup[Start|End]
12-26 11:57:58.695   745  2335 W SurfaceFlinger: eEarlyWakeup is deprecated. Use eExplicitEarlyWakeup[Start|End]
12-26 11:57:58.695  2028  2028 D MiWallpaper-SnowmountainSuperWallpaper: Engine onOffsetsChanged super wallpaper-xOffset=1.0;yOffset=0.0;xOffsetStep=0.5;yOffsetStep=0.0;xPixelOffset=-1320;yPixelOffset=0
12-26 11:57:58.697 22658 22709 I ClashForAndroid: [TCP] 172.31.255.253:58024 --> 124.251.101.62 match GeoIP(CN) using DIRECT
12-26 11:57:58.698 22658 22713 I ClashForAndroid: [TCP] 172.31.255.253:60006 --> 183.84.5.210 match GeoIP(CN) using DIRECT
12-26 11:57:58.700   745   745 I SurfaceFlinger: operator()(), mtkRenderCntDebug 7797302, screenshot (com.miui.miwallpaper.superwallpaper.SnowmountainSuperWallpaper#0)
12-26 11:57:58.700   745   745 I SurfaceFlinger: operator()(), mtkRenderCntDebug 7797302, screenshot (com.miui.home/com.miui.home.launcher.Launcher#0)
12-26 11:57:58.700   745   745 I SurfaceFlinger: operator()(), mtkRenderCntDebug 7797302, screenshot (Launcher Dim#0)
12-26 11:57:58.700   745   745 I SurfaceFlinger: operator()(), mtkRenderCntDebug 7797302, screenshot (Splash Screen rust.example.hello_bevy#0)
12-26 11:57:58.703 12132 12164 I Market-RetrofitRequest: dnsStart : https://app.market.xiaomi.com/apm/updateinfo/v2
12-26 11:57:58.704 12132 12164 I Market-HttpDns: HttpDns hostname app.market.xiaomi.com address : [app.market.xiaomi.com/183.84.5.210, app.market.xiaomi.com/183.84.5.210, app.market.xiaomi.com/124.251.101.62]
12-26 11:57:58.704 12132 12164 I Market-RetrofitRequest: dnsEnd : https://app.market.xiaomi.com/apm/updateinfo/v2
12-26 11:57:58.704 12132 12164 I Market-RetrofitRequest: connectStart : https://app.market.xiaomi.com/apm/updateinfo/v2
12-26 11:57:58.704 12132 12164 I System.out: [socket]:check permission begin!
12-26 11:57:58.711  1254  4531 I InputDispatcher: setInputWindows displayId=0 Window{53ec2ef mode=1 rootTaskId=1 u0 GestureStubRight} Window{7d9a072 mode=1 rootTaskId=1 u0 GestureStubLeft} Window{4ea9a5d mode=0 rootTaskId=1 u0 GestureStubHome} Window{606a795 mode=0 rootTaskId=1 u0 NavigationBar0} Window{246dd2d mode=0 rootTaskId=1 u0 StatusBar} Splash Screen rust.example.hello_bevy#0 Window{6880f31 mode=1 rootTaskId=1 u0 com.miui.home/com.miui.home.launcher.Launcher} Window{cf7516e mode=0 rootTaskId=1 u0 com.miui.miwallpaper.superwallpaper.SnowmountainSuperWallpaper} 
12-26 11:57:58.711   745  2335 W SurfaceFlinger: eEarlyWakeup is deprecated. Use eExplicitEarlyWakeup[Start|End]
12-26 11:57:58.711   745  2335 W SurfaceFlinger: eEarlyWakeup is deprecated. Use eExplicitEarlyWakeup[Start|End]
12-26 11:57:58.712  2028  2028 D MiWallpaper-SnowmountainSuperWallpaper: Engine onOffsetsChanged super wallpaper-xOffset=1.0;yOffset=0.0;xOffsetStep=0.5;yOffsetStep=0.0;xPixelOffset=-1320;yPixelOffset=0
12-26 11:57:58.728   745  2335 W SurfaceFlinger: eEarlyWakeup is deprecated. Use eExplicitEarlyWakeup[Start|End]
12-26 11:57:58.728  1254  4531 I InputDispatcher: setInputWindows displayId=0 Window{53ec2ef mode=1 rootTaskId=1 u0 GestureStubRight} Window{7d9a072 mode=1 rootTaskId=1 u0 GestureStubLeft} Window{4ea9a5d mode=0 rootTaskId=1 u0 GestureStubHome} Window{606a795 mode=0 rootTaskId=1 u0 NavigationBar0} Window{246dd2d mode=0 rootTaskId=1 u0 StatusBar} Splash Screen rust.example.hello_bevy#0 Window{6880f31 mode=1 rootTaskId=1 u0 com.miui.home/com.miui.home.launcher.Launcher} Window{cf7516e mode=0 rootTaskId=1 u0 com.miui.miwallpaper.superwallpaper.SnowmountainSuperWallpaper} 
12-26 11:57:58.728  2028  2028 D MiWallpaper-SnowmountainSuperWallpaper: Engine onOffsetsChanged super wallpaper-xOffset=1.0;yOffset=0.0;xOffsetStep=0.5;yOffsetStep=0.0;xPixelOffset=-1320;yPixelOffset=0
12-26 11:57:58.729   745   784 W SurfaceFlinger: eEarlyWakeup is deprecated. Use eExplicitEarlyWakeup[Start|End]
12-26 11:57:58.729 12132 12176 I System.out: [OkHttp] sendRequest>>
12-26 11:57:58.729 12132 12176 I System.out: [OkHttp] sendRequest<<
12-26 11:57:58.732   745   745 I SurfaceFlinger: operator()(), mtkRenderCntDebug 7797303, screenshot (com.miui.miwallpaper.superwallpaper.SnowmountainSuperWallpaper#0)
12-26 11:57:58.733   745   745 I SurfaceFlinger: operator()(), mtkRenderCntDebug 7797303, screenshot (com.miui.home/com.miui.home.launcher.Launcher#0)
12-26 11:57:58.733   745   745 I SurfaceFlinger: operator()(), mtkRenderCntDebug 7797303, screenshot (Launcher Dim#0)
12-26 11:57:58.733   745   745 I SurfaceFlinger: operator()(), mtkRenderCntDebug 7797303, screenshot (Splash Screen rust.example.hello_bevy#0)
12-26 11:57:58.744  1254  2425 I InputDispatcher: setInputWindows displayId=0 Window{53ec2ef mode=1 rootTaskId=1 u0 GestureStubRight} Window{7d9a072 mode=1 rootTaskId=1 u0 GestureStubLeft} Window{4ea9a5d mode=0 rootTaskId=1 u0 GestureStubHome} Window{606a795 mode=0 rootTaskId=1 u0 NavigationBar0} Window{246dd2d mode=0 rootTaskId=1 u0 StatusBar} Splash Screen rust.example.hello_bevy#0 Window{6880f31 mode=1 rootTaskId=1 u0 com.miui.home/com.miui.home.launcher.Launcher} Window{cf7516e mode=0 rootTaskId=1 u0 com.miui.miwallpaper.superwallpaper.SnowmountainSuperWallpaper} 
12-26 11:57:58.744   745   784 W SurfaceFlinger: eEarlyWakeup is deprecated. Use eExplicitEarlyWakeup[Start|End]
12-26 11:57:58.745   745   784 W SurfaceFlinger: eEarlyWakeup is deprecated. Use eExplicitEarlyWakeup[Start|End]
12-26 11:57:58.745  2028  2028 D MiWallpaper-SnowmountainSuperWallpaper: Engine onOffsetsChanged super wallpaper-xOffset=1.0;yOffset=0.0;xOffsetStep=0.5;yOffsetStep=0.0;xPixelOffset=-1320;yPixelOffset=0
12-26 11:57:58.755 22658 22720 I ClashForAndroid: [TCP] 172.31.255.253:60018 --> 183.84.5.210 match GeoIP(CN) using DIRECT
12-26 11:57:58.761  1254  2425 I InputDispatcher: setInputWindows displayId=0 Window{53ec2ef mode=1 rootTaskId=1 u0 GestureStubRight} Window{7d9a072 mode=1 rootTaskId=1 u0 GestureStubLeft} Window{4ea9a5d mode=0 rootTaskId=1 u0 GestureStubHome} Window{606a795 mode=0 rootTaskId=1 u0 NavigationBar0} Window{246dd2d mode=0 rootTaskId=1 u0 StatusBar} Splash Screen rust.example.hello_bevy#0 Window{6880f31 mode=1 rootTaskId=1 u0 com.miui.home/com.miui.home.launcher.Launcher} Window{cf7516e mode=0 rootTaskId=1 u0 com.miui.miwallpaper.superwallpaper.SnowmountainSuperWallpaper} 
12-26 11:57:58.761   745  2335 W SurfaceFlinger: eEarlyWakeup is deprecated. Use eExplicitEarlyWakeup[Start|End]
12-26 11:57:58.761   745  2335 W SurfaceFlinger: eEarlyWakeup is deprecated. Use eExplicitEarlyWakeup[Start|End]
12-26 11:57:58.761  2028  2028 D MiWallpaper-SnowmountainSuperWallpaper: Engine onOffsetsChanged super wallpaper-xOffset=1.0;yOffset=0.0;xOffsetStep=0.5;yOffsetStep=0.0;xPixelOffset=-1320;yPixelOffset=0
12-26 11:57:58.766   745   745 I SurfaceFlinger: operator()(), mtkRenderCntDebug 7797304, screenshot (com.miui.miwallpaper.superwallpaper.SnowmountainSuperWallpaper#0)
12-26 11:57:58.766   745   745 I SurfaceFlinger: operator()(), mtkRenderCntDebug 7797304, screenshot (com.miui.home/com.miui.home.launcher.Launcher#0)
