12-26 11:57:57.045   745   745 I SurfaceFlinger: operator()(), mtkRenderCntDebug 7797249, screenshot (com.miui.home/com.miui.home.launcher.Launcher#0)
12-26 11:57:57.048  3740  3740 W PushService: [Tid:2] onStart() with intent.Action = null, chid = null, pkg = null|com.android.mms
12-26 11:57:57.048  2109  2905 V MmsSmsUtils: checkPrivateMsgWhiteList time is 0
12-26 11:57:57.049 11503 11658 I Mms: PhoneStateHelper: serviceState 0
12-26 11:57:57.050 11503 11978 I XMPush-11503: [Tid:63016] (Local) begin execute onCommandResult, command=register, resultCode=0, reason=null
12-26 11:57:57.051 11503 11978 V XMPush-11503: [Tid:63016] ASSEMBLE_PUSH : assemble push register
12-26 11:57:57.051 11503 11978 V XMPush-11503: [Tid:63016] receive an intent from server, action=com.xiaomi.mipush.RECEIVE_MESSAGE
12-26 11:57:57.051 11503 11978 V XMPush-11503: [Tid:63016] receiving an empty message, drop
12-26 11:57:57.052 11503 11669 D ConversationUpdater: update: 240 | android.content.ContentResolver$CursorWrapperInner@9343380
12-26 11:57:57.052  3740  3740 W PushService: [Tid:2] onStart() with intent.Action = com.xiaomi.mipush.SEND_MESSAGE, chid = null, pkg = null|com.android.mms
12-26 11:57:57.052  3740  4405 W PushService: [Tid:235] [Job] Handle intent action = com.xiaomi.mipush.SEND_MESSAGE
12-26 11:57:57.052  3740  4405 W PushService: [Tid:235] try send mi push message. packagename:com.android.mms action:Notification
12-26 11:57:57.053 11503 11658 D AdaptO  : start from background: com.xiaomi.mms.action.ENABLE_MX|null
12-26 11:57:57.053 11503 11978 I XMPush-11503: [Tid:63016] (Local) begin execute onCommandResult, command=subscribe-topic, resultCode=0, reason=null
12-26 11:57:57.053 11503 11978 D MmsPushMessageReceiver: successfully subscribed topic: 
12-26 11:57:57.055 11503 11978 V XMPush-11503: [Tid:63016] receive an intent from server, action=com.xiaomi.mipush.RECEIVE_MESSAGE
12-26 11:57:57.055 11503 11978 V XMPush-11503: [Tid:63016] receiving an empty message, drop
12-26 11:57:57.056  1254  1622 I MiuiNetworkPolicy: updateUidState uid = 10073, uidState = 4
12-26 11:57:57.056  1254  1622 I MiuiNetworkPolicyTrafficLimit: updateWhiteListUidForMobileTraffic uid=10073,add=true
12-26 11:57:57.057  1254  4702 W ActivityManager: Foreground service started from background can not have location/camera/microphone access: service com.android.mms/com.xiaomi.mms.transaction.MxActivateService
12-26 11:57:57.057 11503 11658 D AdaptO  : start from background: com.xiaomi.mms.mx.ACTION_START_TRACK|null
12-26 11:57:57.057   641   847 I hwcomposer: [DPY] receive refesh frquest from driver: type[4]  
12-26 11:57:57.057   641   847 I hwcomposer: [HWC] fire a callback of refresh to SF  
12-26 11:57:57.058  2109  2905 V MmsSmsUtils: checkPrivateMsgWhiteList time is 0
12-26 11:57:57.058 11503 11978 I XMPush-11503: [Tid:63016] (Local) begin execute onCommandResult, command=set-alias, resultCode=0, reason=null
12-26 11:57:57.058 11503 11978 D MmsPushMessageReceiver: successfully set alias
12-26 11:57:57.058  1254  1622 D MiuiNetworkPolicyTrafficLimit: updateWhiteListUidForMobileTraffic rst=true
12-26 11:57:57.059  2111  2271 E FileUtil: writeToFile, IOException e:/sys/module/migt/parameters/add_mclus_affinity_uidlist: open failed: EACCES (Permission denied)
12-26 11:57:57.062 11503 11978 I XMPush-11503: [Tid:63016] (Local) begin execute onCommandResult, command=set-account, resultCode=0, reason=null
12-26 11:57:57.062 11503 11978 D MmsPushMessageReceiver: successfully set account
12-26 11:57:57.063  1254  4274 W ActivityManager: Foreground service started from background can not have location/camera/microphone access: service com.android.mms/com.xiaomi.mms.transaction.MxActivateService
12-26 11:57:57.064  3740  3740 W PushService: [Tid:2] onStart() with intent.Action = action_cr_config, chid = null, pkg = null|com.android.mms
12-26 11:57:57.064  3740  4405 W PushService: [Tid:235] [Job] Handle intent action = action_cr_config
12-26 11:57:57.065  1254  3456 W ActivityManager: Foreground service started from background can not have location/camera/microphone access: service com.android.mms/com.xiaomi.mms.transaction.MxActivateService
12-26 11:57:57.065 11503 11669 D ConversationUpdater: updateConversation common: 240 | 4 | 2
12-26 11:57:57.066 11503 11669 D ConversationUpdater: updateConversation find: true | null
12-26 11:57:57.066 11503 11669 D ConversationUpdater: updateConversation common final: d.a.c.o.a.m@ab306d6
12-26 11:57:57.065  1254  3456 W ActivityManager: Foreground service started from background can not have location/camera/microphone access: service com.android.mms/com.xiaomi.mms.transaction.MxActivateService
12-26 11:57:57.067  1254  1254 W NotificationHistory: Attempted to add notif for locked/gone/disabled user 0
12-26 11:57:57.067 11503 11978 V XMPush-11503: [Tid:63016] receive an intent from server, action=com.xiaomi.mipush.RECEIVE_MESSAGE
12-26 11:57:57.067 11503 11978 V XMPush-11503: [Tid:63016] receiving an empty message, drop
12-26 11:57:57.067 11503 11979 V CloudTelephonyManager: phone type: 1
12-26 11:57:57.068  1927  1955 W Parcel  : **** enforceInterface() expected 'com.miui.gamebooster.service.ISecurityCenterNotificationListener' but read 'android.service.notification.INotificationListener'
12-26 11:57:57.068  1927  1955 W Binder  : Caught a RuntimeException from the binder stub implementation.
12-26 11:57:57.068  1927  1955 W Binder  : java.lang.SecurityException: Binder invocation to an incorrect interface
12-26 11:57:57.068  1927  1955 W Binder  : 	at android.os.Parcel.nativeEnforceInterface(Native Method)
12-26 11:57:57.068  1927  1955 W Binder  : 	at android.os.Parcel.enforceInterface(Parcel.java:653)
12-26 11:57:57.068  1927  1955 W Binder  : 	at com.miui.gamebooster.service.ISecurityCenterNotificationListener$Stub.onTransact(Unknown Source:22)
12-26 11:57:57.068  1927  1955 W Binder  : 	at android.os.Binder.execTransactInternal(Binder.java:1159)
12-26 11:57:57.068  1927  1955 W Binder  : 	at android.os.Binder.execTransact(Binder.java:1123)
12-26 11:57:57.068  2685  2685 I NotificationController: onNotificationPosted: mSmartTravelNotificationMap 0
12-26 11:57:57.069  1254  3457 W ActivityManager: Foreground service started from background can not have location/camera/microphone access: service com.android.mms/com.xiaomi.mms.transaction.MxMessageTrackService
12-26 11:57:57.069 11503 11979 D MxActivateService: cached Mx status info found
12-26 11:57:57.070  1927  1955 W Parcel  : **** enforceInterface() expected 'com.miui.gamebooster.service.ISecurityCenterNotificationListener' but read 'android.service.notification.INotificationListener'
12-26 11:57:57.070  2685  2685 I NotificationController: onNotificationPosted: mSmartTravelNotificationMap 0
12-26 11:57:57.071  1927  1955 W Binder  : Caught a RuntimeException from the binder stub implementation.
12-26 11:57:57.071  1927  1955 W Binder  : java.lang.SecurityException: Binder invocation to an incorrect interface
12-26 11:57:57.071  1927  1955 W Binder  : 	at android.os.Parcel.nativeEnforceInterface(Native Method)
12-26 11:57:57.071  1927  1955 W Binder  : 	at android.os.Parcel.enforceInterface(Parcel.java:653)
12-26 11:57:57.071  1927  1955 W Binder  : 	at com.miui.gamebooster.service.ISecurityCenterNotificationListener$Stub.onTransact(Unknown Source:22)
12-26 11:57:57.071  1927  1955 W Binder  : 	at android.os.Binder.execTransactInternal(Binder.java:1159)
12-26 11:57:57.071  1927  1955 W Binder  : 	at android.os.Binder.execTransact(Binder.java:1123)
12-26 11:57:57.071  2109  3025 V MmsSmsUtils: checkPrivateMsgWhiteList time is 1
12-26 11:57:57.073  1254  1837 W ActivityManager: Foreground service started from background can not have location/camera/microphone access: service com.android.mms/com.xiaomi.mms.transaction.MxMessageTrackService
12-26 11:57:57.073  2109  2905 D TelephonyProvider: Using old permission behavior for telephony provider compat
12-26 11:57:57.074 11503 11981 V com.android.mm: MxMessageTrackService, start service, action: ACTION_START_TRACK
12-26 11:57:57.074  2685  2685 I NotificationController: onNotificationPosted: mSmartTravelNotificationMap 0
12-26 11:57:57.075  1927  1955 W Parcel  : **** enforceInterface() expected 'com.miui.gamebooster.service.ISecurityCenterNotificationListener' but read 'android.service.notification.INotificationListener'
12-26 11:57:57.075  1927  1955 W Binder  : Caught a RuntimeException from the binder stub implementation.
12-26 11:57:57.075  1927  1955 W Binder  : java.lang.SecurityException: Binder invocation to an incorrect interface
12-26 11:57:57.075  1927  1955 W Binder  : 	at android.os.Parcel.nativeEnforceInterface(Native Method)
12-26 11:57:57.075  1927  1955 W Binder  : 	at android.os.Parcel.enforceInterface(Parcel.java:653)
12-26 11:57:57.075  1927  1955 W Binder  : 	at com.miui.gamebooster.service.ISecurityCenterNotificationListener$Stub.onTransact(Unknown Source:22)
12-26 11:57:57.075  1927  1955 W Binder  : 	at android.os.Binder.execTransactInternal(Binder.java:1159)
12-26 11:57:57.075  1927  1955 W Binder  : 	at android.os.Binder.execTransact(Binder.java:1123)
12-26 11:57:57.076 11503 11978 V XMPush-11503: [Tid:63016] receive an intent from server, action=com.xiaomi.mipush.RECEIVE_MESSAGE
12-26 11:57:57.076 11503 11978 V XMPush-11503: [Tid:63016] receiving an empty message, drop
12-26 11:57:57.076   641   641 I hwcomposer: [HWCDisplay] [Display_0 (type:1)] fps:10.716401,dur:1026.46,max:627.53,min:15.71  
12-26 11:57:57.078   745   745 I SurfaceFlinger: operator()(), mtkRenderCntDebug 7797250, screenshot (com.miui.miwallpaper.superwallpaper.SnowmountainSuperWallpaper#0)
12-26 11:57:57.078   745   745 I SurfaceFlinger: operator()(), mtkRenderCntDebug 7797250, screenshot (com.miui.home/com.miui.home.launcher.Launcher#0)
12-26 11:57:57.078  2109 13033 V MmsSmsUtils: checkPrivateMsgWhiteList time is 2
12-26 11:57:57.079  2685  2685 I NotificationController: onNotificationPosted: mSmartTravelNotificationMap 0
12-26 11:57:57.079  1927  5189 W Parcel  : **** enforceInterface() expected 'com.miui.gamebooster.service.ISecurityCenterNotificationListener' but read 'android.service.notification.INotificationListener'
12-26 11:57:57.080  1927  5189 W Binder  : Caught a RuntimeException from the binder stub implementation.
12-26 11:57:57.080  1927  5189 W Binder  : java.lang.SecurityException: Binder invocation to an incorrect interface
12-26 11:57:57.080  1927  5189 W Binder  : 	at android.os.Parcel.nativeEnforceInterface(Native Method)
12-26 11:57:57.080  1927  5189 W Binder  : 	at android.os.Parcel.enforceInterface(Parcel.java:653)
12-26 11:57:57.080  1927  5189 W Binder  : 	at com.miui.gamebooster.service.ISecurityCenterNotificationListener$Stub.onTransact(Unknown Source:22)
12-26 11:57:57.080  1927  5189 W Binder  : 	at android.os.Binder.execTransactInternal(Binder.java:1159)
12-26 11:57:57.080  1927  5189 W Binder  : 	at android.os.Binder.execTransact(Binder.java:1123)
12-26 11:57:57.080  2109  3025 D TelephonyProvider: Using old permission behavior for telephony provider compat
12-26 11:57:57.082  1927  5189 W Parcel  : **** enforceInterface() expected 'com.miui.gamebooster.service.ISecurityCenterNotificationListener' but read 'android.service.notification.INotificationListener'
12-26 11:57:57.082  2685  2685 I NotificationController: onNotificationPosted: mSmartTravelNotificationMap 0
12-26 11:57:57.083  1927  5189 W Binder  : Caught a RuntimeException from the binder stub implementation.
12-26 11:57:57.083  1927  5189 W Binder  : java.lang.SecurityException: Binder invocation to an incorrect interface
12-26 11:57:57.083  1927  5189 W Binder  : 	at android.os.Parcel.nativeEnforceInterface(Native Method)
12-26 11:57:57.083  1927  5189 W Binder  : 	at android.os.Parcel.enforceInterface(Parcel.java:653)
12-26 11:57:57.083  1927  5189 W Binder  : 	at com.miui.gamebooster.service.ISecurityCenterNotificationListener$Stub.onTransact(Unknown Source:22)
12-26 11:57:57.083  1927  5189 W Binder  : 	at android.os.Binder.execTransactInternal(Binder.java:1159)
12-26 11:57:57.083  1927  5189 W Binder  : 	at android.os.Binder.execTransact(Binder.java:1123)
12-26 11:57:57.084  1927  5189 W Parcel  : **** enforceInterface() expected 'com.miui.gamebooster.service.ISecurityCenterNotificationListener' but read 'android.service.notification.INotificationListener'
12-26 11:57:57.084  1927  5189 W Binder  : Caught a RuntimeException from the binder stub implementation.
12-26 11:57:57.084  1927  5189 W Binder  : java.lang.SecurityException: Binder invocation to an incorrect interface
12-26 11:57:57.084  1927  5189 W Binder  : 	at android.os.Parcel.nativeEnforceInterface(Native Method)
12-26 11:57:57.084  1927  5189 W Binder  : 	at android.os.Parcel.enforceInterface(Parcel.java:653)
12-26 11:57:57.084  1927  5189 W Binder  : 	at com.miui.gamebooster.service.ISecurityCenterNotificationListener$Stub.onTransact(Unknown Source:22)
12-26 11:57:57.084  1927  5189 W Binder  : 	at android.os.Binder.execTransactInternal(Binder.java:1159)
12-26 11:57:57.084  1927  5189 W Binder  : 	at android.os.Binder.execTransact(Binder.java:1123)
12-26 11:57:57.085  2109  2849 V MmsSmsUtils: checkPrivateMsgWhiteList time is 1
12-26 11:57:57.085  2685  2685 I NotificationController: onNotificationPosted: mSmartTravelNotificationMap 0
12-26 11:57:57.086  2109  2905 V MmsSmsUtils: checkPrivateMsgWhiteList time is 0
12-26 11:57:57.087 11503 11669 D ConversationUpdater: update: 113 | android.content.ContentResolver$CursorWrapperInner@9b0ba62
12-26 11:57:57.088  2109  3025 D TelephonyProvider: Using old permission behavior for telephony provider compat
12-26 11:57:57.090 11503 11981 V com.android.mm: MxMessageTrackService, query sms msg size not delivered: 0
12-26 11:57:57.090  2109 13033 V MmsSmsUtils: checkPrivateMsgWhiteList time is 0
12-26 11:57:57.091 11503 11981 V com.android.mm: MxMessageTrackService, query sms time out count is 0 AND next count is 0
12-26 11:57:57.095  3740  3740 W PushService: [Tid:2] onStart() with intent.Action = com.xiaomi.push.OPEN_CHANNEL, chid = 3, pkg = com.android.mms|null
12-26 11:57:57.095 11503 11979 V CloudTelephonyManager: phone type: 1
12-26 11:57:57.095  3740  4405 W PushService: [Tid:235] [Job] Handle intent action = com.xiaomi.push.OPEN_CHANNEL
12-26 11:57:57.095  3740  4405 W PushService: [Tid:235] add active client. com.android.mms
12-26 11:57:57.095  2109  2905 V MmsSmsUtils: checkPrivateMsgWhiteList time is 0
12-26 11:57:57.096 11503 11669 D ConversationUpdater: updateConversation common: 113 | 38 | 23
12-26 11:57:57.096  3740  4405 W PushService: [Tid:235] [Bcst] notify channel open result. 3,com.android.mms,true,0
12-26 11:57:57.097 11503 11669 D ConversationUpdater: updateConversation find: true | null
12-26 11:57:57.097 11503 11669 D ConversationUpdater: updateConversation common final: d.a.c.o.a.m@2d567f3
12-26 11:57:57.097 11503 11979 V CloudTelephonyManager: phone type: 1
12-26 11:57:57.098 11503 11981 V com.android.mm: MxMessageTrackService, query mms msg size not delivered: 0
12-26 11:57:57.098  2109 13033 V MmsSmsUtils: checkPrivateMsgWhiteList time is 0
12-26 11:57:57.101 11503 11981 V com.android.mm: MxMessageTrackService, query mms time out count is 0 AND next count is 0
12-26 11:57:57.101  1254  1622 I MiuiNetworkPolicy: updateUidState uid = 10134, uidState = 5
12-26 11:57:57.103  2109  2849 V MmsSmsUtils: checkPrivateMsgWhiteList time is 1
12-26 11:57:57.104  1254  1622 I MiuiNetworkPolicy: updateUidState uid = 10073, uidState = 10
12-26 11:57:57.104  1254  1622 I MiuiNetworkPolicyTrafficLimit: updateWhiteListUidForMobileTraffic uid=10073,add=false
12-26 11:57:57.104 11503 11982 D AdaptO  : start from background: com.xiaomi.mms.mx.ACTION_QUERY_PENDING_PRESENCE|com.xiaomi.mms.transaction.MxTaskService
12-26 11:57:57.104  1254  1622 D MiuiNetworkPolicyTrafficLimit: updateWhiteListUidForMobileTraffic rst=true
12-26 11:57:57.104  2111  2271 E FileUtil: writeToFile, IOException e:/sys/module/migt/parameters/del_mclus_affinity_uidlist: open failed: EACCES (Permission denied)
12-26 11:57:57.105  2111  2271 E FileUtil: writeToFile, IOException e:/sys/module/migt/parameters/add_lclus_affinity_uidlist: open failed: EACCES (Permission denied)
12-26 11:57:57.106  1254  1622 I MiuiNetworkPolicy: updateUidState uid = 10073, uidState = 4
12-26 11:57:57.106  1254  1622 I MiuiNetworkPolicyTrafficLimit: updateWhiteListUidForMobileTraffic uid=10073,add=true
12-26 11:57:57.106  1254  1622 D MiuiNetworkPolicyTrafficLimit: updateWhiteListUidForMobileTraffic rst=true
12-26 11:57:57.107 11503 11982 V com.android.mm: MxStatusService, queryPendingPresence(Context context)
12-26 11:57:57.109  1254  1279 W ActivityManager: Foreground service started from background can not have location/camera/microphone access: service com.android.mms/com.xiaomi.mms.transaction.MxTaskService
12-26 11:57:57.109  1927  5189 I tycenter.remot: oneway function results will be dropped but finished with status UNKNOWN_TRANSACTION and parcel size 0
12-26 11:57:57.109  1910  1910 E NotifCollection: No notification to remove with key 0|com.android.mms|114|null|10073
12-26 11:57:57.109 11503 11669 D ConversationUpdater: update: 402 | android.content.ContentResolver$CursorWrapperInner@1e41aae
12-26 11:57:57.110  2111  2271 E FileUtil: writeToFile, IOException e:/sys/module/migt/parameters/del_lclus_affinity_uidlist: open failed: EACCES (Permission denied)
12-26 11:57:57.110  2111  2271 E FileUtil: writeToFile, IOException e:/sys/module/migt/parameters/add_mclus_affinity_uidlist: open failed: EACCES (Permission denied)
12-26 11:57:57.111   745   745 I SurfaceFlinger: operator()(), mtkRenderCntDebug 7797251, screenshot (com.miui.miwallpaper.superwallpaper.SnowmountainSuperWallpaper#0)
12-26 11:57:57.111   745   745 I SurfaceFlinger: operator()(), mtkRenderCntDebug 7797251, screenshot (com.miui.home/com.miui.home.launcher.Launcher#0)
12-26 11:57:57.112  1254  1899 W ActivityManager: Foreground service started from background can not have location/camera/microphone access: service com.android.mms/com.xiaomi.mms.transaction.MxTaskService
12-26 11:57:57.112  1254  1837 W ActivityManager: Foreground service started from background can not have location/camera/microphone access: service com.android.mms/com.xiaomi.mms.transaction.MxTaskService
12-26 11:57:57.112  1254  1254 W NotificationHistory: Attempted to add notif for locked/gone/disabled user 0
12-26 11:57:57.113  1927  5189 W Parcel  : **** enforceInterface() expected 'com.miui.gamebooster.service.ISecurityCenterNotificationListener' but read 'android.service.notification.INotificationListener'
12-26 11:57:57.113  1927  5189 W Binder  : Caught a RuntimeException from the binder stub implementation.
12-26 11:57:57.113  1927  5189 W Binder  : java.lang.SecurityException: Binder invocation to an incorrect interface
12-26 11:57:57.113  1927  5189 W Binder  : 	at android.os.Parcel.nativeEnforceInterface(Native Method)
12-26 11:57:57.113  1927  5189 W Binder  : 	at android.os.Parcel.enforceInterface(Parcel.java:653)
12-26 11:57:57.113  1927  5189 W Binder  : 	at com.miui.gamebooster.service.ISecurityCenterNotificationListener$Stub.onTransact(Unknown Source:22)
12-26 11:57:57.113  1927  5189 W Binder  : 	at android.os.Binder.execTransactInternal(Binder.java:1159)
12-26 11:57:57.113  1927  5189 W Binder  : 	at android.os.Binder.execTransact(Binder.java:1123)
12-26 11:57:57.114  1254  1622 I MiuiNetworkPolicy: updateUidState uid = 10073, uidState = 10
12-26 11:57:57.114  1254  1622 I MiuiNetworkPolicyTrafficLimit: updateWhiteListUidForMobileTraffic uid=10073,add=false
12-26 11:57:57.114  2685  2685 I NotificationController: onNotificationPosted: mSmartTravelNotificationMap 0
12-26 11:57:57.115  1254  1622 D MiuiNetworkPolicyTrafficLimit: updateWhiteListUidForMobileTraffic rst=true
12-26 11:57:57.116  2111  2271 E FileUtil: writeToFile, IOException e:/sys/module/migt/parameters/del_mclus_affinity_uidlist: open failed: EACCES (Permission denied)
12-26 11:57:57.116  2111  2271 E FileUtil: writeToFile, IOException e:/sys/module/migt/parameters/add_lclus_affinity_uidlist: open failed: EACCES (Permission denied)
12-26 11:57:57.117  1927  5189 W Parcel  : **** enforceInterface() expected 'com.miui.gamebooster.service.ISecurityCenterNotificationListener' but read 'android.service.notification.INotificationListener'
12-26 11:57:57.117  1927  5189 W Binder  : Caught a RuntimeException from the binder stub implementation.
12-26 11:57:57.117  1927  5189 W Binder  : java.lang.SecurityException: Binder invocation to an incorrect interface
12-26 11:57:57.117  1927  5189 W Binder  : 	at android.os.Parcel.nativeEnforceInterface(Native Method)
12-26 11:57:57.117  1927  5189 W Binder  : 	at android.os.Parcel.enforceInterface(Parcel.java:653)
12-26 11:57:57.117  1927  5189 W Binder  : 	at com.miui.gamebooster.service.ISecurityCenterNotificationListener$Stub.onTransact(Unknown Source:22)
12-26 11:57:57.117  1927  5189 W Binder  : 	at android.os.Binder.execTransactInternal(Binder.java:1159)
12-26 11:57:57.117  1927  5189 W Binder  : 	at android.os.Binder.execTransact(Binder.java:1123)
12-26 11:57:57.117  2685  2685 I NotificationController: onNotificationPosted: mSmartTravelNotificationMap 0
12-26 11:57:57.119  1927  1955 W Parcel  : **** enforceInterface() expected 'com.miui.gamebooster.service.ISecurityCenterNotificationListener' but read 'android.service.notification.INotificationListener'
12-26 11:57:57.119  1927  1955 W Binder  : Caught a RuntimeException from the binder stub implementation.
12-26 11:57:57.119  1927  1955 W Binder  : java.lang.SecurityException: Binder invocation to an incorrect interface
12-26 11:57:57.119  1927  1955 W Binder  : 	at android.os.Parcel.nativeEnforceInterface(Native Method)
12-26 11:57:57.119  1927  1955 W Binder  : 	at android.os.Parcel.enforceInterface(Parcel.java:653)
12-26 11:57:57.119  1927  1955 W Binder  : 	at com.miui.gamebooster.service.ISecurityCenterNotificationListener$Stub.onTransact(Unknown Source:22)
12-26 11:57:57.119  1927  1955 W Binder  : 	at android.os.Binder.execTransactInternal(Binder.java:1159)
12-26 11:57:57.119  1927  1955 W Binder  : 	at android.os.Binder.execTransact(Binder.java:1123)
12-26 11:57:57.120  2685  2685 I NotificationController: onNotificationPosted: mSmartTravelNotificationMap 0
12-26 11:57:57.120  1254  1622 I MiuiNetworkPolicy: updateUidState uid = 10134, uidState = 10
12-26 11:57:57.120  1927  1955 I tycenter.remot: oneway function results will be dropped but finished with status UNKNOWN_TRANSACTION and parcel size 0
12-26 11:57:57.120  1910  1910 E NotifCollection: No notification to remove with key 0|com.android.mms|114|null|10073
12-26 11:57:57.120 11503 11986 V com.android.mm: MxResendService, dropped msg resent, count:0
12-26 11:57:57.120  2109  2849 V MmsSmsUtils: checkPrivateMsgWhiteList time is 1
12-26 11:57:57.120  2109 13033 V MmsSmsUtils: checkPrivateMsgWhiteList time is 0
12-26 11:57:57.122 11503 11986 V com.android.mm: MxResendService, resend dropped mms, count: 0
12-26 11:57:57.131  2109 13033 D TelephonyProvider: Using old permission behavior for telephony provider compat
12-26 11:57:57.133 11503 11669 D ConversationUpdater: updateConversation common: 402 | 7 | 1
12-26 11:57:57.133 11503 11669 D ConversationUpdater: updateConversation find: true | null
12-26 11:57:57.133 11503 11669 D ConversationUpdater: updateConversation common final: d.a.c.o.a.m@8f8d186
12-26 11:57:57.136 11503 11658 D PermissionUtils: hasPermissionSendSMS: 0
12-26 11:57:57.136 11503 11658 V Mms     : isListening slotId 0 allowed is false
12-26 11:57:57.136 11503 11658 V Mms     : isListening allowed is false
12-26 11:57:57.137  2109  2849 V MmsSmsUtils: checkPrivateMsgWhiteList time is 0
12-26 11:57:57.139 11503 11669 D ConversationUpdater: update: 55 | android.content.ContentResolver$CursorWrapperInner@56c3a47
12-26 11:57:57.142  2109  2849 V MmsSmsUtils: checkPrivateMsgWhiteList time is 0
12-26 11:57:57.144   745   745 I SurfaceFlinger: operator()(), mtkRenderCntDebug 7797252, screenshot (com.miui.miwallpaper.superwallpaper.SnowmountainSuperWallpaper#0)
12-26 11:57:57.144   745   745 I SurfaceFlinger: operator()(), mtkRenderCntDebug 7797252, screenshot (com.miui.home/com.miui.home.launcher.Launcher#0)
12-26 11:57:57.148 11503 11658 D PermissionUtils: hasPermissionSendSMS: 0
12-26 11:57:57.150  2109 13033 V MmsSmsUtils: checkPrivateMsgWhiteList time is 0
12-26 11:57:57.152 11503 11669 D ConversationUpdater: updateConversation common: 55 | 3 | 1
12-26 11:57:57.153 11503 11669 D ConversationUpdater: updateConversation find: true | null
12-26 11:57:57.153 11503 11669 D ConversationUpdater: updateConversation common final: d.a.c.o.a.m@2c0a274
12-26 11:57:57.156  2109 13033 V MmsSmsUtils: checkPrivateMsgWhiteList time is 0
12-26 11:57:57.159 11503 11669 D ConversationUpdater: update: 88 | android.content.ContentResolver$CursorWrapperInner@73cb39d
12-26 11:57:57.162  2109 13033 V MmsSmsUtils: checkPrivateMsgWhiteList time is 0
12-26 11:57:57.170 11503 11669 D ConversationUpdater: updateConversation common: 88 | 3 | 2
12-26 11:57:57.170 11503 11669 D ConversationUpdater: updateConversation find: true | null
12-26 11:57:57.170 11503 11669 D ConversationUpdater: updateConversation common final: d.a.c.o.a.m@c008012
12-26 11:57:57.176  2109 13033 V MmsSmsUtils: checkPrivateMsgWhiteList time is 0
12-26 11:57:57.177   745   745 I SurfaceFlinger: operator()(), mtkRenderCntDebug 7797253, screenshot (com.miui.miwallpaper.superwallpaper.SnowmountainSuperWallpaper#0)
12-26 11:57:57.177   745   745 I SurfaceFlinger: operator()(), mtkRenderCntDebug 7797253, screenshot (com.miui.home/com.miui.home.launcher.Launcher#0)
12-26 11:57:57.179 11503 11669 D ConversationUpdater: update: 184 | android.content.ContentResolver$CursorWrapperInner@32833e3
12-26 11:57:57.185  2109 13033 V MmsSmsUtils: checkPrivateMsgWhiteList time is 0
12-26 11:57:57.195 11503 11669 D ConversationUpdater: updateConversation common: 184 | 3 | 2
12-26 11:57:57.196 11503 11669 D ConversationUpdater: updateConversation find: true | null
12-26 11:57:57.196 11503 11669 D ConversationUpdater: updateConversation common final: d.a.c.o.a.m@c7f71e0
12-26 11:57:57.202  2109 13033 V MmsSmsUtils: checkPrivateMsgWhiteList time is 0
12-26 11:57:57.206 11503 11669 D ConversationUpdater: update: 25 | android.content.ContentResolver$CursorWrapperInner@a35ec99
12-26 11:57:57.211   745   745 I SurfaceFlinger: operator()(), mtkRenderCntDebug 7797254, screenshot (com.miui.miwallpaper.superwallpaper.SnowmountainSuperWallpaper#0)
12-26 11:57:57.211   745   745 I SurfaceFlinger: operator()(), mtkRenderCntDebug 7797254, screenshot (com.miui.home/com.miui.home.launcher.Launcher#0)
12-26 11:57:57.212  2109 13033 V MmsSmsUtils: checkPrivateMsgWhiteList time is 0
12-26 11:57:57.224 11503 11669 D ConversationUpdater: updateConversation common: 25 | 5 | 4
12-26 11:57:57.226 11503 11669 D ConversationUpdater: updateConversation find: true | null
12-26 11:57:57.226 11503 11669 D ConversationUpdater: updateConversation common final: d.a.c.o.a.m@e628b5e
12-26 11:57:57.228 11503 11928 D BugleIoControl_flag: batchIO: 60
12-26 11:57:57.232  2109 13033 V MmsSmsUtils: checkPrivateMsgWhiteList time is 1
12-26 11:57:57.235 11503 11669 D ConversationUpdater: update: 58 | android.content.ContentResolver$CursorWrapperInner@f202b3f
12-26 11:57:57.239  2109 13033 V MmsSmsUtils: checkPrivateMsgWhiteList time is 0
12-26 11:57:57.244   745   745 I SurfaceFlinger: operator()(), mtkRenderCntDebug 7797255, screenshot (com.miui.miwallpaper.superwallpaper.SnowmountainSuperWallpaper#0)
12-26 11:57:57.244   745   745 I SurfaceFlinger: operator()(), mtkRenderCntDebug 7797255, screenshot (com.miui.home/com.miui.home.launcher.Launcher#0)
12-26 11:57:57.252 11503 11669 D ConversationUpdater: updateConversation common: 58 | 43 | 25
12-26 11:57:57.253 11503 11669 D ConversationUpdater: updateConversation find: true | null
12-26 11:57:57.253 11503 11669 D ConversationUpdater: updateConversation common final: d.a.c.o.a.m@f99cc0c
12-26 11:57:57.259  1036   747 D AALLightSensor: oldLux=0 [SA:0 LA:0] newLux=0 (oriLux: 1)
12-26 11:57:57.260  2109 13033 V MmsSmsUtils: checkPrivateMsgWhiteList time is 0
12-26 11:57:57.264 11503 11669 D ConversationUpdater: update: 186 | android.content.ContentResolver$CursorWrapperInner@defb955
12-26 11:57:57.268  2109 13033 V MmsSmsUtils: checkPrivateMsgWhiteList time is 1
12-26 11:57:57.277   745   745 I SurfaceFlinger: operator()(), mtkRenderCntDebug 7797256, screenshot (com.miui.miwallpaper.superwallpaper.SnowmountainSuperWallpaper#0)
12-26 11:57:57.277   745   745 I SurfaceFlinger: operator()(), mtkRenderCntDebug 7797256, screenshot (com.miui.home/com.miui.home.launcher.Launcher#0)
12-26 11:57:57.281 11503 11669 D ConversationUpdater: updateConversation common: 186 | 5 | 1
12-26 11:57:57.281 11503 11669 D ConversationUpdater: updateConversation find: true | null
12-26 11:57:57.281 11503 11669 D ConversationUpdater: updateConversation common final: d.a.c.o.a.m@647ff6a
12-26 11:57:57.288  2109 13033 V MmsSmsUtils: checkPrivateMsgWhiteList time is 0
12-26 11:57:57.292 11503 11669 D ConversationUpdater: update: 155 | android.content.ContentResolver$CursorWrapperInner@2763c5b
12-26 11:57:57.297  2109 13033 V MmsSmsUtils: checkPrivateMsgWhiteList time is 0
12-26 11:57:57.310   745   745 I SurfaceFlinger: operator()(), mtkRenderCntDebug 7797257, screenshot (com.miui.miwallpaper.superwallpaper.SnowmountainSuperWallpaper#0)
12-26 11:57:57.310   745   745 I SurfaceFlinger: operator()(), mtkRenderCntDebug 7797257, screenshot (com.miui.home/com.miui.home.launcher.Launcher#0)
12-26 11:57:57.312 11503 11669 D ConversationUpdater: updateConversation common: 155 | 2 | 1
12-26 11:57:57.312 11503 11669 D ConversationUpdater: updateConversation find: true | null
12-26 11:57:57.313 11503 11669 D ConversationUpdater: updateConversation common final: d.a.c.o.a.m@c1d9cf8
12-26 11:57:57.323  2109 13033 V MmsSmsUtils: checkPrivateMsgWhiteList time is 1
12-26 11:57:57.328 11503 11669 D ConversationUpdater: update: 220 | android.content.ContentResolver$CursorWrapperInner@e3f95d1
12-26 11:57:57.334  2109 13033 V MmsSmsUtils: checkPrivateMsgWhiteList time is 0
12-26 11:57:57.343   745   745 I SurfaceFlinger: operator()(), mtkRenderCntDebug 7797258, screenshot (com.miui.miwallpaper.superwallpaper.SnowmountainSuperWallpaper#0)
12-26 11:57:57.343   745   745 I SurfaceFlinger: operator()(), mtkRenderCntDebug 7797258, screenshot (com.miui.home/com.miui.home.launcher.Launcher#0)
12-26 11:57:57.355 11503 11669 D ConversationUpdater: updateConversation common: 220 | 10 | 5
12-26 11:57:57.355 11503 11669 D ConversationUpdater: updateConversation find: true | null
12-26 11:57:57.356 11503 11669 D ConversationUpdater: updateConversation common final: d.a.c.o.a.m@15ea836
12-26 11:57:57.363  2109 13033 V MmsSmsUtils: checkPrivateMsgWhiteList time is 0
12-26 11:57:57.368 11503 11669 D ConversationUpdater: update: 318 | android.content.ContentResolver$CursorWrapperInner@c524337
12-26 11:57:57.376   745   745 I SurfaceFlinger: operator()(), mtkRenderCntDebug 7797259, screenshot (com.miui.miwallpaper.superwallpaper.SnowmountainSuperWallpaper#0)
12-26 11:57:57.376   745   745 I SurfaceFlinger: operator()(), mtkRenderCntDebug 7797259, screenshot (com.miui.home/com.miui.home.launcher.Launcher#0)
12-26 11:57:57.376  2109 13033 V MmsSmsUtils: checkPrivateMsgWhiteList time is 0
12-26 11:57:57.397 11503 11669 D ConversationUpdater: updateConversation common: 318 | 15 | 7
12-26 11:57:57.399 11503 11669 D ConversationUpdater: updateConversation find: true | null
12-26 11:57:57.400 11503 11669 D ConversationUpdater: updateConversation common final: d.a.c.o.a.m@30b90a4
12-26 11:57:57.401 11503 11669 D BugleIoControl: submit: 62987 | 0 | 1
12-26 11:57:57.401 11503 11669 D BugleIoControl: IoWorker stop: 11
12-26 11:57:57.401 11503 11669 D BugleIoControl_flag: batchIO: 11
12-26 11:57:57.409   745   745 I SurfaceFlinger: operator()(), mtkRenderCntDebug 7797260, screenshot (com.miui.miwallpaper.superwallpaper.SnowmountainSuperWallpaper#0)
12-26 11:57:57.409   745   745 I SurfaceFlinger: operator()(), mtkRenderCntDebug 7797260, screenshot (com.miui.home/com.miui.home.launcher.Launcher#0)
12-26 11:57:57.418 11503 11669 D SyncManagerImpl_flag: sync done
12-26 11:57:57.418 11503 11669 D SyncManagerImpl_flag: clean message -1
12-26 11:57:57.426  2109 13033 V MmsSmsUtils: checkPrivateMsgWhiteList time is 0
12-26 11:57:57.435  2109 13033 V MmsSmsUtils: checkPrivateMsgWhiteList time is 0
12-26 11:57:57.439  1910  2576 I NcSystem: NcService bind: true
12-26 11:57:57.442   745   745 I SurfaceFlinger: operator()(), mtkRenderCntDebug 7797261, screenshot (com.miui.miwallpaper.superwallpaper.SnowmountainSuperWallpaper#0)
12-26 11:57:57.442   745   745 I SurfaceFlinger: operator()(), mtkRenderCntDebug 7797261, screenshot (com.miui.home/com.miui.home.launcher.Launcher#0)
12-26 11:57:57.446   625   625 D Zygote  : Forked child process 11989
12-26 11:57:57.448  1254  1298 I ActivityManager: Start proc 11989:com.miui.notification:remote/1000 for service {com.miui.notification/com.miui.notification.NotificationCenterService} caller=com.android.systemui
12-26 11:57:57.449 11989 11989 I libc    : SetHeapTaggingLevel: tag level set to 0
12-26 11:57:57.459 11989 11989 E fication:remot: Not starting debugger since process cannot load the jdwp agent.
12-26 11:57:57.476   745   745 I SurfaceFlinger: operator()(), mtkRenderCntDebug 7797262, screenshot (com.miui.miwallpaper.superwallpaper.SnowmountainSuperWallpaper#0)
12-26 11:57:57.476   745   745 I SurfaceFlinger: operator()(), mtkRenderCntDebug 7797262, screenshot (com.miui.home/com.miui.home.launcher.Launcher#0)
12-26 11:57:57.481  1254  1254 W NotificationHistory: Attempted to add notif for locked/gone/disabled user 0
12-26 11:57:57.483 11989 11989 D ApplicationLoaders: Returning zygote-cached class loader: /system/framework/android.test.base.jar
12-26 11:57:57.483  1927  1955 W Parcel  : **** enforceInterface() expected 'com.miui.gamebooster.service.ISecurityCenterNotificationListener' but read 'android.service.notification.INotificationListener'
12-26 11:57:57.483  1927  1955 W Binder  : Caught a RuntimeException from the binder stub implementation.
12-26 11:57:57.483  1927  1955 W Binder  : java.lang.SecurityException: Binder invocation to an incorrect interface
12-26 11:57:57.483  1927  1955 W Binder  : 	at android.os.Parcel.nativeEnforceInterface(Native Method)
12-26 11:57:57.483  1927  1955 W Binder  : 	at android.os.Parcel.enforceInterface(Parcel.java:653)
12-26 11:57:57.483  1927  1955 W Binder  : 	at com.miui.gamebooster.service.ISecurityCenterNotificationListener$Stub.onTransact(Unknown Source:22)
12-26 11:57:57.483  1927  1955 W Binder  : 	at android.os.Binder.execTransactInternal(Binder.java:1159)
12-26 11:57:57.483  1927  1955 W Binder  : 	at android.os.Binder.execTransact(Binder.java:1123)
12-26 11:57:57.483  2685  2685 I NotificationController: onNotificationPosted: mSmartTravelNotificationMap 0
12-26 11:57:57.485 11503 11669 D SyncManagerImpl: dirty count: -1,0
12-26 11:57:57.490 11989 11989 E LoadedApk: Unable to instantiate appComponentFactory
12-26 11:57:57.490 11989 11989 E LoadedApk: java.lang.ClassNotFoundException: Didn't find class "androidx.core.app.CoreComponentFactory" on path: DexPathList[[zip file "/system/app/NotificationCenter/NotificationCenter.apk"],nativeLibraryDirectories=[/system/app/NotificationCenter/lib/arm64, /system/app/NotificationCenter/NotificationCenter.apk!/lib/arm64-v8a, /system/lib64, /system/system_ext/lib64, /product/lib64, /system/lib64, /system/system_ext/lib64, /product/lib64]]
12-26 11:57:57.490 11989 11989 E LoadedApk: 	at dalvik.system.BaseDexClassLoader.findClass(BaseDexClassLoader.java:207)
12-26 11:57:57.490 11989 11989 E LoadedApk: 	at java.lang.ClassLoader.loadClass(ClassLoader.java:379)
12-26 11:57:57.490 11989 11989 E LoadedApk: 	at java.lang.ClassLoader.loadClass(ClassLoader.java:312)
12-26 11:57:57.490 11989 11989 E LoadedApk: 	at android.app.LoadedApk.createAppFactory(LoadedApk.java:266)
12-26 11:57:57.490 11989 11989 E LoadedApk: 	at android.app.LoadedApk.createOrUpdateClassLoaderLocked(LoadedApk.java:911)
12-26 11:57:57.490 11989 11989 E LoadedApk: 	at android.app.LoadedApk.getClassLoader(LoadedApk.java:964)
12-26 11:57:57.490 11989 11989 E LoadedApk: 	at android.app.LoadedApk.getResources(LoadedApk.java:1196)
12-26 11:57:57.490 11989 11989 E LoadedApk: 	at android.app.ContextImpl.createAppContext(ContextImpl.java:2672)
12-26 11:57:57.490 11989 11989 E LoadedApk: 	at android.app.ContextImpl.createAppContext(ContextImpl.java:2664)
12-26 11:57:57.490 11989 11989 E LoadedApk: 	at android.app.ActivityThread.handleBindApplication(ActivityThread.java:6892)
12-26 11:57:57.490 11989 11989 E LoadedApk: 	at android.app.ActivityThread.access$1600(ActivityThread.java:263)
12-26 11:57:57.490 11989 11989 E LoadedApk: 	at android.app.ActivityThread$H.handleMessage(ActivityThread.java:2028)
12-26 11:57:57.490 11989 11989 E LoadedApk: 	at android.os.Handler.dispatchMessage(Handler.java:106)
12-26 11:57:57.490 11989 11989 E LoadedApk: 	at android.os.Looper.loop(Looper.java:236)
12-26 11:57:57.490 11989 11989 E LoadedApk: 	at android.app.ActivityThread.main(ActivityThread.java:8073)
12-26 11:57:57.490 11989 11989 E LoadedApk: 	at java.lang.reflect.Method.invoke(Native Method)
12-26 11:57:57.490 11989 11989 E LoadedApk: 	at com.android.internal.os.RuntimeInit$MethodAndArgsCaller.run(RuntimeInit.java:620)
12-26 11:57:57.490 11989 11989 E LoadedApk: 	at com.android.internal.os.ZygoteInit.main(ZygoteInit.java:1011)
12-26 11:57:57.498 11989 11989 D NetworkSecurityConfig: No Network Security Config specified, using platform default
12-26 11:57:57.499 11989 11989 D NetworkSecurityConfig: No Network Security Config specified, using platform default
12-26 11:57:57.504 11989 11989 D FoldBucketHelper: bucket=6,fold=-3, aggregate=-1
12-26 11:57:57.509   745   745 I SurfaceFlinger: operator()(), mtkRenderCntDebug 7797263, screenshot (com.miui.miwallpaper.superwallpaper.SnowmountainSuperWallpaper#0)
12-26 11:57:57.509   745   745 I SurfaceFlinger: operator()(), mtkRenderCntDebug 7797263, screenshot (com.miui.home/com.miui.home.launcher.Launcher#0)
12-26 11:57:57.516 11739 11755 W System  : A resource failed to call close. 
12-26 11:57:57.516 11739 11755 I chatty  : uid=9801(theme) FinalizerDaemon identical 1 line
12-26 11:57:57.517 11739 11755 W System  : A resource failed to call close. 
12-26 11:57:57.541   745   745 I SurfaceFlinger: operator()(), mtkRenderCntDebug 7797264, screenshot (com.miui.miwallpaper.superwallpaper.SnowmountainSuperWallpaper#0)
12-26 11:57:57.542   745   745 I SurfaceFlinger: operator()(), mtkRenderCntDebug 7797264, screenshot (com.miui.home/com.miui.home.launcher.Launcher#0)
12-26 11:57:57.545   536   536 I beanpodkeymaster: cmd:18 Received 302 byte response
12-26 11:57:57.549   536   536 I beanpodkeymaster: Enter BeanpodKeymaster BeginOperation
12-26 11:57:57.549   536   536 I beanpodkeymaster: cmd:4 Received 24 byte response
12-26 11:57:57.549   536   536 I beanpodkeymaster: Exit BeanpodKeymaster BeginOperation
12-26 11:57:57.550   536   536 I beanpodkeymaster: Enter BeanpodKeymaster UpdateOperation
12-26 11:57:57.550   536   536 I beanpodkeymaster: cmd:8 Received 24 byte response
12-26 11:57:57.551   536   536 I beanpodkeymaster: Exit BeanpodKeymaster UpdateOperation
12-26 11:57:57.551   536   536 I beanpodkeymaster: Enter BeanpodKeymaster FinishOperation
12-26 11:57:57.553  1254  1277 D LocationManagerService: request 9b8b907 passive Request[POWER_NONE passive] from com.miui.personalassistant(10067 foreground)
12-26 11:57:57.556  4490 11512 D AppOpsAdapter: using permission notify! 32 , groundState 0 , suggestNoticePermUse false
12-26 11:57:57.564   536   536 I beanpodkeymaster: cmd:c Received 166 byte response
12-26 11:57:57.564   536   536 I beanpodkeymaster: Exit BeanpodKeymaster FinishOperation
12-26 11:57:57.568 11989 11989 D DatabaseHelper: pkg=com.android.systemui, dbPath=/data/user_de/0/com.android.systemui/databases/systemui.db
12-26 11:57:57.571   625   625 D Zygote  : Forked child process 12022
12-26 11:57:57.573  1254  1298 I ActivityManager: Start proc 12022:com.miui.notification/1000 for service {com.miui.notification/androidx.room.MultiInstanceInvalidationService} caller=com.miui.notification enableBoost=true
12-26 11:57:57.574 12022 12022 I libc    : SetHeapTaggingLevel: tag level set to 0
12-26 11:57:57.575   745   745 I SurfaceFlinger: operator()(), mtkRenderCntDebug 7797265, screenshot (com.miui.miwallpaper.superwallpaper.SnowmountainSuperWallpaper#0)
12-26 11:57:57.575   745   745 I SurfaceFlinger: operator()(), mtkRenderCntDebug 7797265, screenshot (com.miui.home/com.miui.home.launcher.Launcher#0)
12-26 11:57:57.583 12022 12022 E ui.notificatio: Not starting debugger since process cannot load the jdwp agent.
12-26 11:57:57.597 12022 12022 D ApplicationLoaders: Returning zygote-cached class loader: /system/framework/android.test.base.jar
12-26 11:57:57.602 12022 12022 E LoadedApk: Unable to instantiate appComponentFactory
12-26 11:57:57.602 12022 12022 E LoadedApk: java.lang.ClassNotFoundException: Didn't find class "androidx.core.app.CoreComponentFactory" on path: DexPathList[[zip file "/system/app/NotificationCenter/NotificationCenter.apk"],nativeLibraryDirectories=[/system/app/NotificationCenter/lib/arm64, /system/app/NotificationCenter/NotificationCenter.apk!/lib/arm64-v8a, /system/lib64, /system/system_ext/lib64, /product/lib64, /system/lib64, /system/system_ext/lib64, /product/lib64]]
12-26 11:57:57.602 12022 12022 E LoadedApk: 	at dalvik.system.BaseDexClassLoader.findClass(BaseDexClassLoader.java:207)
12-26 11:57:57.602 12022 12022 E LoadedApk: 	at java.lang.ClassLoader.loadClass(ClassLoader.java:379)
12-26 11:57:57.602 12022 12022 E LoadedApk: 	at java.lang.ClassLoader.loadClass(ClassLoader.java:312)
12-26 11:57:57.602 12022 12022 E LoadedApk: 	at android.app.LoadedApk.createAppFactory(LoadedApk.java:266)
12-26 11:57:57.602 12022 12022 E LoadedApk: 	at android.app.LoadedApk.createOrUpdateClassLoaderLocked(LoadedApk.java:911)
12-26 11:57:57.602 12022 12022 E LoadedApk: 	at android.app.LoadedApk.getClassLoader(LoadedApk.java:964)
12-26 11:57:57.602 12022 12022 E LoadedApk: 	at android.app.LoadedApk.getResources(LoadedApk.java:1196)
12-26 11:57:57.602 12022 12022 E LoadedApk: 	at android.app.ContextImpl.createAppContext(ContextImpl.java:2672)
12-26 11:57:57.602 12022 12022 E LoadedApk: 	at android.app.ContextImpl.createAppContext(ContextImpl.java:2664)
12-26 11:57:57.602 12022 12022 E LoadedApk: 	at android.app.ActivityThread.handleBindApplication(ActivityThread.java:6892)
12-26 11:57:57.602 12022 12022 E LoadedApk: 	at android.app.ActivityThread.access$1600(ActivityThread.java:263)
12-26 11:57:57.602 12022 12022 E LoadedApk: 	at android.app.ActivityThread$H.handleMessage(ActivityThread.java:2028)
12-26 11:57:57.602 12022 12022 E LoadedApk: 	at android.os.Handler.dispatchMessage(Handler.java:106)
12-26 11:57:57.602 12022 12022 E LoadedApk: 	at android.os.Looper.loop(Looper.java:236)
12-26 11:57:57.602 12022 12022 E LoadedApk: 	at android.app.ActivityThread.main(ActivityThread.java:8073)
12-26 11:57:57.602 12022 12022 E LoadedApk: 	at java.lang.reflect.Method.invoke(Native Method)
12-26 11:57:57.602 12022 12022 E LoadedApk: 	at com.android.internal.os.RuntimeInit$MethodAndArgsCaller.run(RuntimeInit.java:620)
12-26 11:57:57.602 12022 12022 E LoadedApk: 	at com.android.internal.os.ZygoteInit.main(ZygoteInit.java:1011)
12-26 11:57:57.604 11989 11989 D CloudDataHelper: onchange
12-26 11:57:57.604 11989 12017 D CloudDataHelper: CloudData updateAll
12-26 11:57:57.607 11709 11738 I CloudSettingsProvider: uriMatch : 1
12-26 11:57:57.608   745   745 I SurfaceFlinger: operator()(), mtkRenderCntDebug 7797266, screenshot (com.miui.miwallpaper.superwallpaper.SnowmountainSuperWallpaper#0)
12-26 11:57:57.608   745   745 I SurfaceFlinger: operator()(), mtkRenderCntDebug 7797266, screenshot (com.miui.home/com.miui.home.launcher.Launcher#0)
12-26 11:57:57.608 12022 12022 D NetworkSecurityConfig: No Network Security Config specified, using platform default
12-26 11:57:57.608 12022 12022 D NetworkSecurityConfig: No Network Security Config specified, using platform default
12-26 11:57:57.609  1910  1910 I NcSystem: NcService connected
12-26 11:57:57.615  1927  5189 W Parcel  : **** enforceInterface() expected 'com.miui.gamebooster.service.ISecurityCenterNotificationListener' but read 'android.service.notification.INotificationListener'
12-26 11:57:57.615  2685  2685 I NotificationController: onNotificationPosted: mSmartTravelNotificationMap 0
12-26 11:57:57.616  1927  5189 W Binder  : Caught a RuntimeException from the binder stub implementation.
12-26 11:57:57.616  1927  5189 W Binder  : java.lang.SecurityException: Binder invocation to an incorrect interface
12-26 11:57:57.616  1927  5189 W Binder  : 	at android.os.Parcel.nativeEnforceInterface(Native Method)
12-26 11:57:57.616  1927  5189 W Binder  : 	at android.os.Parcel.enforceInterface(Parcel.java:653)
12-26 11:57:57.616  1927  5189 W Binder  : 	at com.miui.gamebooster.service.ISecurityCenterNotificationListener$Stub.onTransact(Unknown Source:22)
12-26 11:57:57.616  1927  5189 W Binder  : 	at android.os.Binder.execTransactInternal(Binder.java:1159)
12-26 11:57:57.616  1927  5189 W Binder  : 	at android.os.Binder.execTransact(Binder.java:1123)
12-26 11:57:57.616 11709 11738 I CloudSettingsProvider: uriMatch : 1
12-26 11:57:57.617 11989 11989 I NcService: StatusBar conn success
12-26 11:57:57.617 12022 12022 D FoldBucketHelper: bucket=6,fold=-3, aggregate=-1
12-26 11:57:57.622 11989 12045 W SQLiteLog: (28) double-quoted string literal: ""
12-26 11:57:57.622 11989 12045 I chatty  : uid=1000(system) arch_disk_io_0 identical 4 lines
12-26 11:57:57.622 11989 12045 W SQLiteLog: (28) double-quoted string literal: ""
12-26 11:57:57.623 11989 12046 W SQLiteLog: (28) double-quoted string literal: ""
12-26 11:57:57.623 11989 12046 I chatty  : uid=1000(system) arch_disk_io_1 identical 4 lines
12-26 11:57:57.623 11989 12046 W SQLiteLog: (28) double-quoted string literal: ""
12-26 11:57:57.625 11709 11738 I CloudSettingsProvider: uriMatch : 2
12-26 11:57:57.641   745   745 I SurfaceFlinger: operator()(), mtkRenderCntDebug 7797267, screenshot (com.miui.miwallpaper.superwallpaper.SnowmountainSuperWallpaper#0)
12-26 11:57:57.641   745   745 I SurfaceFlinger: operator()(), mtkRenderCntDebug 7797267, screenshot (com.miui.home/com.miui.home.launcher.Launcher#0)
12-26 11:57:57.674  1254  1266 W System  : A resource failed to call release. 
12-26 11:57:57.674  1254  1266 W System  : A resource failed to call release. 
12-26 11:57:57.674   745   745 I SurfaceFlinger: operator()(), mtkRenderCntDebug 7797268, screenshot (com.miui.miwallpaper.superwallpaper.SnowmountainSuperWallpaper#0)
12-26 11:57:57.674  1254  1266 W System  : A resource failed to call release. 
12-26 11:57:57.674  1254  1266 W System  : A resource failed to call release. 
12-26 11:57:57.674   745   745 I SurfaceFlinger: operator()(), mtkRenderCntDebug 7797268, screenshot (com.miui.home/com.miui.home.launcher.Launcher#0)
12-26 11:57:57.674  1254  1266 W System  : A resource failed to call release. 
12-26 11:57:57.674  1254  1266 W System  : A resource failed to call release. 
12-26 11:57:57.708   745   745 I SurfaceFlinger: operator()(), mtkRenderCntDebug 7797269, screenshot (com.miui.miwallpaper.superwallpaper.SnowmountainSuperWallpaper#0)
12-26 11:57:57.708   745   745 I SurfaceFlinger: operator()(), mtkRenderCntDebug 7797269, screenshot (com.miui.home/com.miui.home.launcher.Launcher#0)
12-26 11:57:57.742   745   745 I SurfaceFlinger: operator()(), mtkRenderCntDebug 7797270, screenshot (com.miui.miwallpaper.superwallpaper.SnowmountainSuperWallpaper#0)
12-26 11:57:57.742   745   745 I SurfaceFlinger: operator()(), mtkRenderCntDebug 7797270, screenshot (com.miui.home/com.miui.home.launcher.Launcher#0)
12-26 11:57:57.774   745   745 I SurfaceFlinger: operator()(), mtkRenderCntDebug 7797271, screenshot (com.miui.miwallpaper.superwallpaper.SnowmountainSuperWallpaper#0)
12-26 11:57:57.774   745   745 I SurfaceFlinger: operator()(), mtkRenderCntDebug 7797271, screenshot (com.miui.home/com.miui.home.launcher.Launcher#0)
12-26 11:57:57.808   745   745 I SurfaceFlinger: operator()(), mtkRenderCntDebug 7797272, screenshot (com.miui.miwallpaper.superwallpaper.SnowmountainSuperWallpaper#0)
12-26 11:57:57.808   745   745 I SurfaceFlinger: operator()(), mtkRenderCntDebug 7797272, screenshot (com.miui.home/com.miui.home.launcher.Launcher#0)
12-26 11:57:57.841   745   745 I SurfaceFlinger: operator()(), mtkRenderCntDebug 7797273, screenshot (com.miui.miwallpaper.superwallpaper.SnowmountainSuperWallpaper#0)
12-26 11:57:57.842   745   745 I SurfaceFlinger: operator()(), mtkRenderCntDebug 7797273, screenshot (com.miui.home/com.miui.home.launcher.Launcher#0)
12-26 11:57:57.874   745   745 I SurfaceFlinger: operator()(), mtkRenderCntDebug 7797274, screenshot (com.miui.miwallpaper.superwallpaper.SnowmountainSuperWallpaper#0)
12-26 11:57:57.874   745   745 I SurfaceFlinger: operator()(), mtkRenderCntDebug 7797274, screenshot (com.miui.home/com.miui.home.launcher.Launcher#0)
12-26 11:57:57.907   745   745 I SurfaceFlinger: operator()(), mtkRenderCntDebug 7797275, screenshot (com.miui.miwallpaper.superwallpaper.SnowmountainSuperWallpaper#0)
12-26 11:57:57.907   745   745 I SurfaceFlinger: operator()(), mtkRenderCntDebug 7797275, screenshot (com.miui.home/com.miui.home.launcher.Launcher#0)
12-26 11:57:57.940   745   745 I SurfaceFlinger: operator()(), mtkRenderCntDebug 7797276, screenshot (com.miui.miwallpaper.superwallpaper.SnowmountainSuperWallpaper#0)
