12-26 11:57:58.766   745   745 I SurfaceFlinger: operator()(), mtkRenderCntDebug 7797304, screenshot (Launcher Dim#0)
12-26 11:57:58.766   745   745 I SurfaceFlinger: operator()(), mtkRenderCntDebug 7797304, screenshot (Splash Screen rust.example.hello_bevy#0)
12-26 11:57:58.767   745   784 I BufferQueueProducer: [NavigationBar0#0](this:0xb40000784791ac58,id:7,api:1,p:1910,c:745) queueBuffer: fps=0.09 dur=10610.50 max=10610.50 min=10610.50
12-26 11:57:58.773  2130  2255 D GestureStubView: hideGestureStub
12-26 11:57:58.773  2130  2255 D GestureStubView: hideGestureStub
12-26 11:57:58.776  1254  1633 E WifiVendorHal: getWifiLinkLayerStats_1_3_Internal(l.976) failed {.code = ERROR_NOT_SUPPORTED, .description = }
12-26 11:57:58.777  1254  2425 I InputDispatcher: setInputWindows displayId=0 Window{53ec2ef mode=1 rootTaskId=1 u0 GestureStubRight} Window{7d9a072 mode=1 rootTaskId=1 u0 GestureStubLeft} Window{4ea9a5d mode=0 rootTaskId=1 u0 GestureStubHome} Window{606a795 mode=0 rootTaskId=1 u0 NavigationBar0} Window{246dd2d mode=0 rootTaskId=1 u0 StatusBar} Splash Screen rust.example.hello_bevy#0 Window{6880f31 mode=1 rootTaskId=1 u0 com.miui.home/com.miui.home.launcher.Launcher} Window{cf7516e mode=0 rootTaskId=1 u0 com.miui.miwallpaper.superwallpaper.SnowmountainSuperWallpaper} 
12-26 11:57:58.777   745  2335 W SurfaceFlinger: eEarlyWakeup is deprecated. Use eExplicitEarlyWakeup[Start|End]
12-26 11:57:58.777   745   784 W SurfaceFlinger: eEarlyWakeup is deprecated. Use eExplicitEarlyWakeup[Start|End]
12-26 11:57:58.778 12132 12176 I beacon  : [fetchByAppKey] result: {"errCode":"OK","result":[{"value":"{\"status\":\"normal\",\"ut\":\"enable\"}","key":"___push_service___"},{"value":"{\"status\":\"normal\",\"ut\":\"enable\"}","key":"___hotfix_service___"},{"value":"{\"status\":\"normal\",\"ut\":\"enable\"}","key":"___feedback_service___"},{"value":"{\"status\":\"normal\",\"ut\":\"enable\",\"ip-ranking\":\"enable\"}","key":"___httpdns_service___"},{"value":"{\"status\":\"normal\"}","key":"___cloudcode_service___"}]}
12-26 11:57:58.778  2028  2028 D MiWallpaper-SnowmountainSuperWallpaper: Engine onOffsetsChanged super wallpaper-xOffset=1.0;yOffset=0.0;xOffsetStep=0.5;yOffsetStep=0.0;xPixelOffset=-1320;yPixelOffset=0
12-26 11:57:58.778 12132 12176 E Market-HttpDnsManager: [D]beacon normal
12-26 11:57:58.779 12132 12176 E Market-HttpDnsManager: [D]beacon probe normal
12-26 11:57:58.794   745   784 W SurfaceFlinger: eEarlyWakeup is deprecated. Use eExplicitEarlyWakeup[Start|End]
12-26 11:57:58.794  1254  2425 I InputDispatcher: setInputWindows displayId=0 Window{53ec2ef mode=1 rootTaskId=1 u0 GestureStubRight} Window{7d9a072 mode=1 rootTaskId=1 u0 GestureStubLeft} Window{4ea9a5d mode=0 rootTaskId=1 u0 GestureStubHome} Window{606a795 mode=0 rootTaskId=1 u0 NavigationBar0} Window{246dd2d mode=0 rootTaskId=1 u0 StatusBar} Splash Screen rust.example.hello_bevy#0 Window{6880f31 mode=1 rootTaskId=1 u0 com.miui.home/com.miui.home.launcher.Launcher} Window{cf7516e mode=0 rootTaskId=1 u0 com.miui.miwallpaper.superwallpaper.SnowmountainSuperWallpaper} 
12-26 11:57:58.794   745   784 W SurfaceFlinger: eEarlyWakeup is deprecated. Use eExplicitEarlyWakeup[Start|End]
12-26 11:57:58.794  2028  2028 D MiWallpaper-SnowmountainSuperWallpaper: Engine onOffsetsChanged super wallpaper-xOffset=1.0;yOffset=0.0;xOffsetStep=0.5;yOffsetStep=0.0;xPixelOffset=-1320;yPixelOffset=0
12-26 11:57:58.799   745   745 I SurfaceFlinger: operator()(), mtkRenderCntDebug 7797305, screenshot (com.miui.miwallpaper.superwallpaper.SnowmountainSuperWallpaper#0)
12-26 11:57:58.799   745   745 I SurfaceFlinger: operator()(), mtkRenderCntDebug 7797305, screenshot (com.miui.home/com.miui.home.launcher.Launcher#0)
12-26 11:57:58.799   745   745 I SurfaceFlinger: operator()(), mtkRenderCntDebug 7797305, screenshot (Launcher Dim#0)
12-26 11:57:58.799   745   745 I SurfaceFlinger: operator()(), mtkRenderCntDebug 7797305, screenshot (Splash Screen rust.example.hello_bevy#0)
12-26 11:57:58.810   745   784 W SurfaceFlinger: eEarlyWakeup is deprecated. Use eExplicitEarlyWakeup[Start|End]
12-26 11:57:58.810  1254  4531 I InputDispatcher: setInputWindows displayId=0 Window{53ec2ef mode=1 rootTaskId=1 u0 GestureStubRight} Window{7d9a072 mode=1 rootTaskId=1 u0 GestureStubLeft} Window{4ea9a5d mode=0 rootTaskId=1 u0 GestureStubHome} Window{606a795 mode=0 rootTaskId=1 u0 NavigationBar0} Window{246dd2d mode=0 rootTaskId=1 u0 StatusBar} Splash Screen rust.example.hello_bevy#0 Window{6880f31 mode=1 rootTaskId=1 u0 com.miui.home/com.miui.home.launcher.Launcher} Window{cf7516e mode=0 rootTaskId=1 u0 com.miui.miwallpaper.superwallpaper.SnowmountainSuperWallpaper} 
12-26 11:57:58.811   745   784 W SurfaceFlinger: eEarlyWakeup is deprecated. Use eExplicitEarlyWakeup[Start|End]
12-26 11:57:58.811  2028  2028 D MiWallpaper-SnowmountainSuperWallpaper: Engine onOffsetsChanged super wallpaper-xOffset=1.0;yOffset=0.0;xOffsetStep=0.5;yOffsetStep=0.0;xPixelOffset=-1320;yPixelOffset=0
12-26 11:57:58.827  1254  2425 I InputDispatcher: setInputWindows displayId=0 Window{53ec2ef mode=1 rootTaskId=1 u0 GestureStubRight} Window{7d9a072 mode=1 rootTaskId=1 u0 GestureStubLeft} Window{4ea9a5d mode=0 rootTaskId=1 u0 GestureStubHome} Window{606a795 mode=0 rootTaskId=1 u0 NavigationBar0} Window{246dd2d mode=0 rootTaskId=1 u0 StatusBar} Splash Screen rust.example.hello_bevy#0 Window{6880f31 mode=1 rootTaskId=1 u0 com.miui.home/com.miui.home.launcher.Launcher} Window{cf7516e mode=0 rootTaskId=1 u0 com.miui.miwallpaper.superwallpaper.SnowmountainSuperWallpaper} 
12-26 11:57:58.827   745   784 W SurfaceFlinger: eEarlyWakeup is deprecated. Use eExplicitEarlyWakeup[Start|End]
12-26 11:57:58.827   745   784 W SurfaceFlinger: eEarlyWakeup is deprecated. Use eExplicitEarlyWakeup[Start|End]
12-26 11:57:58.828  2028  2028 D MiWallpaper-SnowmountainSuperWallpaper: Engine onOffsetsChanged super wallpaper-xOffset=1.0;yOffset=0.0;xOffsetStep=0.5;yOffsetStep=0.0;xPixelOffset=-1320;yPixelOffset=0
12-26 11:57:58.832   745   745 I SurfaceFlinger: operator()(), mtkRenderCntDebug 7797306, screenshot (com.miui.miwallpaper.superwallpaper.SnowmountainSuperWallpaper#0)
12-26 11:57:58.832   745   745 I SurfaceFlinger: operator()(), mtkRenderCntDebug 7797306, screenshot (com.miui.home/com.miui.home.launcher.Launcher#0)
12-26 11:57:58.832   745   745 I SurfaceFlinger: operator()(), mtkRenderCntDebug 7797306, screenshot (Launcher Dim#0)
12-26 11:57:58.832   745   745 I SurfaceFlinger: operator()(), mtkRenderCntDebug 7797306, screenshot (Splash Screen rust.example.hello_bevy#0)
12-26 11:57:58.839 12132 12164 I Market-RetrofitRequest: connectEnd : https://app.market.xiaomi.com/apm/updateinfo/v2
12-26 11:57:58.841 12132 12164 I Market-RetrofitRequest: HeaderInterceptor : https://app.market.xiaomi.com/apm/updateinfo/v2
12-26 11:57:58.843  1254  4531 I InputDispatcher: setInputWindows displayId=0 Window{53ec2ef mode=1 rootTaskId=1 u0 GestureStubRight} Window{7d9a072 mode=1 rootTaskId=1 u0 GestureStubLeft} Window{4ea9a5d mode=0 rootTaskId=1 u0 GestureStubHome} Window{606a795 mode=0 rootTaskId=1 u0 NavigationBar0} Window{246dd2d mode=0 rootTaskId=1 u0 StatusBar} Splash Screen rust.example.hello_bevy#0 Window{6880f31 mode=1 rootTaskId=1 u0 com.miui.home/com.miui.home.launcher.Launcher} Window{cf7516e mode=0 rootTaskId=1 u0 com.miui.miwallpaper.superwallpaper.SnowmountainSuperWallpaper} 
12-26 11:57:58.843   745  2087 W SurfaceFlinger: eEarlyWakeup is deprecated. Use eExplicitEarlyWakeup[Start|End]
12-26 11:57:58.844   745  2087 W SurfaceFlinger: eEarlyWakeup is deprecated. Use eExplicitEarlyWakeup[Start|End]
12-26 11:57:58.844  2028  2028 D MiWallpaper-SnowmountainSuperWallpaper: Engine onOffsetsChanged super wallpaper-xOffset=1.0;yOffset=0.0;xOffsetStep=0.5;yOffsetStep=0.0;xPixelOffset=-1320;yPixelOffset=0
12-26 11:57:58.848  1254  1788 D SchedBoost: thread tid=2130, priority is set to -10
12-26 11:57:58.849  1254  1788 W SchedBoost: has reset SchedAffinity ui thread: 2130
12-26 11:57:58.849  1254  1788 D SchedBoost: thread tid=2265, priority is set to -10
12-26 11:57:58.849  1254  1788 W SchedBoost: has reset SchedAffinity render thread: 2265
12-26 11:57:58.849  1254  1788 W SchedBoost: SchedBoost end: proc: 2130/2265 633 aff:[0, 1, 2, 3, 4, 5, 6, 7]
12-26 11:57:58.860   655   712 I mtkpower@impl: [powerd_req] TIMER_MSG_PERF_LOCK_TIMEOUT hdl:234613
12-26 11:57:58.860   655   712 I libPowerHal: [perfLockRel] hdl:234613, idx:1
12-26 11:57:58.860   655   712 I libPowerHal: [PD] scn:1 hdl:234613 lock_user:system_server pid:1254 tid:1279 dur:400
12-26 11:57:58.860   655   712 I libPowerHal: system_server: set gpu opp level: 34
12-26 11:57:58.860   655   712 I libPowerHal: system_server: set gpu opp level max: 0
12-26 11:57:58.860  1254  4531 I InputDispatcher: setInputWindows displayId=0 Window{53ec2ef mode=1 rootTaskId=1 u0 GestureStubRight} Window{7d9a072 mode=1 rootTaskId=1 u0 GestureStubLeft} Window{4ea9a5d mode=0 rootTaskId=1 u0 GestureStubHome} Window{606a795 mode=0 rootTaskId=1 u0 NavigationBar0} Window{246dd2d mode=0 rootTaskId=1 u0 StatusBar} Splash Screen rust.example.hello_bevy#0 Window{6880f31 mode=1 rootTaskId=1 u0 com.miui.home/com.miui.home.launcher.Launcher} Window{cf7516e mode=0 rootTaskId=1 u0 com.miui.miwallpaper.superwallpaper.SnowmountainSuperWallpaper} 
12-26 11:57:58.860   745  2087 W SurfaceFlinger: eEarlyWakeup is deprecated. Use eExplicitEarlyWakeup[Start|End]
12-26 11:57:58.860   745   784 W SurfaceFlinger: eEarlyWakeup is deprecated. Use eExplicitEarlyWakeup[Start|End]
12-26 11:57:58.861  2028  2028 D MiWallpaper-SnowmountainSuperWallpaper: Engine onOffsetsChanged super wallpaper-xOffset=1.0;yOffset=0.0;xOffsetStep=0.5;yOffsetStep=0.0;xPixelOffset=-1320;yPixelOffset=0
12-26 11:57:58.865   745   745 I SurfaceFlinger: operator()(), mtkRenderCntDebug 7797307, screenshot (com.miui.miwallpaper.superwallpaper.SnowmountainSuperWallpaper#0)
12-26 11:57:58.865   745   745 I SurfaceFlinger: operator()(), mtkRenderCntDebug 7797307, screenshot (com.miui.home/com.miui.home.launcher.Launcher#0)
12-26 11:57:58.865   745   745 I SurfaceFlinger: operator()(), mtkRenderCntDebug 7797307, screenshot (Launcher Dim#0)
12-26 11:57:58.865   745   745 I SurfaceFlinger: operator()(), mtkRenderCntDebug 7797307, screenshot (Splash Screen rust.example.hello_bevy#0)
12-26 11:57:58.877  1254  4531 I InputDispatcher: setInputWindows displayId=0 Window{53ec2ef mode=1 rootTaskId=1 u0 GestureStubRight} Window{7d9a072 mode=1 rootTaskId=1 u0 GestureStubLeft} Window{4ea9a5d mode=0 rootTaskId=1 u0 GestureStubHome} Window{606a795 mode=0 rootTaskId=1 u0 NavigationBar0} Window{246dd2d mode=0 rootTaskId=1 u0 StatusBar} Splash Screen rust.example.hello_bevy#0 Window{6880f31 mode=1 rootTaskId=1 u0 com.miui.home/com.miui.home.launcher.Launcher} Window{cf7516e mode=0 rootTaskId=1 u0 com.miui.miwallpaper.superwallpaper.SnowmountainSuperWallpaper} 
12-26 11:57:58.877   745  2335 W SurfaceFlinger: eEarlyWakeup is deprecated. Use eExplicitEarlyWakeup[Start|End]
12-26 11:57:58.877   745  2335 W SurfaceFlinger: eEarlyWakeup is deprecated. Use eExplicitEarlyWakeup[Start|End]
12-26 11:57:58.877  2130  2257 W DimLayer: removeDimLayer
12-26 11:57:58.877  2028  2028 D MiWallpaper-SnowmountainSuperWallpaper: Engine onOffsetsChanged super wallpaper-xOffset=1.0;yOffset=0.0;xOffsetStep=0.5;yOffsetStep=0.0;xPixelOffset=-1320;yPixelOffset=0
12-26 11:57:58.880  1254  4531 I Timeline: Timeline: App_transition_stopped time:684900349
12-26 11:57:58.882  2130  2257 E LauncherAnimationRunner: finish: mFinishRunnable.run
12-26 11:57:58.893  1254  4531 I InputDispatcher: setInputWindows displayId=0 Window{53ec2ef mode=1 rootTaskId=1 u0 GestureStubRight} Window{7d9a072 mode=1 rootTaskId=1 u0 GestureStubLeft} Window{4ea9a5d mode=0 rootTaskId=1 u0 GestureStubHome} Window{606a795 mode=0 rootTaskId=1 u0 NavigationBar0} Window{246dd2d mode=0 rootTaskId=1 u0 StatusBar} Window{6880f31 mode=1 rootTaskId=1 u0 com.miui.home/com.miui.home.launcher.Launcher} Window{cf7516e mode=0 rootTaskId=1 u0 com.miui.miwallpaper.superwallpaper.SnowmountainSuperWallpaper} 
12-26 11:57:58.893  1254  4531 I InputDispatcher: Window went away: Splash Screen rust.example.hello_bevy#0
12-26 11:57:58.894   745   745 I BufferQueueConsumer: [Splash Screen rust.example.hello_bevy#0](id:2e90000aaee,api:0,p:-1,c:745) disconnect()
12-26 11:57:58.894   745   745 I BufferQueue: [Splash Screen rust.example.hello_bevy#0](this:0xb4000078489cbc58,id:43758,api:2,p:-1,c:-1) onDestructor()
12-26 11:57:58.894  2028  2028 D MiWallpaper-SnowmountainSuperWallpaper: Engine onOffsetsChanged super wallpaper-xOffset=1.0;yOffset=0.0;xOffsetStep=0.5;yOffsetStep=0.0;xPixelOffset=-1320;yPixelOffset=0
12-26 11:57:58.898   745   745 I SurfaceFlinger: operator()(), mtkRenderCntDebug 7797308, screenshot (com.miui.miwallpaper.superwallpaper.SnowmountainSuperWallpaper#0)
12-26 11:57:58.898   745   745 I SurfaceFlinger: operator()(), mtkRenderCntDebug 7797308, screenshot (com.miui.home/com.miui.home.launcher.Launcher#0)
12-26 11:57:58.899  2130  2130 E RotationHelper: setCurrentTransitionRequest: request=0
12-26 11:57:58.899 12132 12164 I Market-RetrofitRequest: callEnd : https://app.market.xiaomi.com/apm/updateinfo/v2
12-26 11:57:58.910  1254  4531 I InputDispatcher: setInputWindows displayId=0 Window{53ec2ef mode=1 rootTaskId=1 u0 GestureStubRight} Window{7d9a072 mode=1 rootTaskId=1 u0 GestureStubLeft} Window{4ea9a5d mode=0 rootTaskId=1 u0 GestureStubHome} Window{606a795 mode=0 rootTaskId=1 u0 NavigationBar0} Window{246dd2d mode=0 rootTaskId=1 u0 StatusBar} Window{6880f31 mode=1 rootTaskId=1 u0 com.miui.home/com.miui.home.launcher.Launcher} Window{cf7516e mode=0 rootTaskId=1 u0 com.miui.miwallpaper.superwallpaper.SnowmountainSuperWallpaper} 
12-26 11:57:58.911   745   745 I SurfaceFlinger: operator()(), mtkRenderCntDebug 7797309, screenshot (com.miui.miwallpaper.superwallpaper.SnowmountainSuperWallpaper#0)
12-26 11:57:58.911   745   745 I SurfaceFlinger: operator()(), mtkRenderCntDebug 7797309, screenshot (com.miui.home/com.miui.home.launcher.Launcher#0)
12-26 11:57:58.919  1254  1284 W ActivityTaskManager: Activity top resumed state loss timeout for ActivityRecord{69dcacf u0 rust.example.hello_bevy/android.app.NativeActivity t-1 f}}
12-26 11:57:58.920   655   712 I libPowerHal: [perfNotifyAppState] foreground:com.miui.home, pid:2130, uid:10082
12-26 11:57:58.921   655   712 I UxUtility: notifyForegroundApp pack:com.miui.home, uid:10082
12-26 11:57:58.921   655   712 I TouchUtility: notifyAppState error = NULL
12-26 11:57:58.921   655   712 I libPowerHal: [perfNotifyAppState] packName:com.miui.home !!!
12-26 11:57:58.921   655   712 I libPowerHal: [PE] scn:338 pack:com.miui.home
12-26 11:57:58.921   655   712 I libPowerHal: [PE] com.miui.home update cmd:2030000, param:1
12-26 11:57:58.921   655   712 I libPowerHal: [PE] com.miui.home update cmd:203c000, param:100
12-26 11:57:58.921   655   712 I libPowerHal: [PE] com.miui.home update cmd:203c100, param:100
12-26 11:57:58.921   655   712 I libPowerHal: [PE] com.miui.home update cmd:203c200, param:1
12-26 11:57:58.921   655   712 I libPowerHal: [PE] com.miui.home update cmd:200c000, param:16666666
12-26 11:57:58.921   655   712 I libPowerHal: [PE] com.miui.home update cmd:200c100, param:100
12-26 11:57:58.921   655   712 I libPowerHal: [PE] com.miui.home update cmd:200c200, param:100
12-26 11:57:58.921   655   712 I libPowerHal: [PE] com.miui.home update cmd:200c300, param:100
12-26 11:57:58.921   655   712 I libPowerHal: [PE] com.miui.home update cmd:c0c200, param:50
12-26 11:57:58.921   655   712 I libPowerHal: [PE] com.miui.home update cmd:c0c300, param:16
12-26 11:57:58.921   655   676 I mtkpower@impl: [notifyAppState] pc:0, rust.example.hello_bevy => com.miui.home
12-26 11:57:58.922   655   712 I libPowerHal: [perfLockAcq] idx:1 hdl:234618 hint:21 pid:655 duration:1 => ret_hdl:234618
12-26 11:57:58.922   655   712 I libPowerHal: [PE] scn:1 hdl:234618 hint:21 comm:mtkpower@1.0-se pid:655
12-26 11:57:58.922   655   712 I mtkpower@impl: [powerd_req] TIMER_MSG_PERF_LOCK_TIMEOUT hdl:234618
12-26 11:57:58.922   655   712 I libPowerHal: [perfLockRel] hdl:234618, idx:1
12-26 11:57:58.922   655   712 I libPowerHal: [PD] scn:1 hdl:234618 hint:21 comm:mtkpower@1.0-se pid:655
12-26 11:57:58.922   655   712 I libPowerHal: [perfLockRel] hdl:234616, idx:4
12-26 11:57:58.922   655   712 I libPowerHal: [PD] scn:4 hdl:234616 hint:21 comm:mtkpower@1.0-se pid:655
12-26 11:57:58.922   655   712 I libPowerHal: [setClusterFreq] scn:MTKPOWER_HINT_PROCESS_CREATE, freq:2000000, 2000000
12-26 11:57:58.922   655   712 I libPowerHal: MTKPOWER_HINT_PROCESS_CREATE: cpu_ctrl set cpu freq: 2000000 -1 2000000 -1
12-26 11:57:58.922   655   712 I libPowerHal: [PD] MTKPOWER_HINT_PROCESS_CREATE update cmd:1000000, param:1
12-26 11:57:58.923   655   712 I libPowerHal: [PD] MTKPOWER_HINT_PROCESS_CREATE update cmd:1408300 param:40
12-26 11:57:58.923   655   712 I libPowerHal: [PD] MTKPOWER_HINT_PROCESS_CREATE update cmd:300c000 param:0
12-26 11:57:58.923   655   712 I libPowerHal: [PD] MTKPOWER_HINT_PROCESS_CREATE update cmd:1000000 param:1
12-26 11:57:58.924 12132 12164 I Market-LocalAppManager: getUpdateInfoFromServer : end  , responseCode : OK
12-26 11:57:58.924 12132 12164 I Market-LocalAppManager: checkUpdateFromServer : end
12-26 11:57:58.924 12132 12164 I Market-LocalAppManager: checkUpdateFromServer  data parser : end
12-26 11:57:58.924 12132 12164 I Market-DataParser: [InvalidPackageList] JSON : invalidSystemPackageList list is null
12-26 11:57:58.924 12132 12164 I Market-LocalAppManager: checkUpdateFromServer  filter package : end
12-26 11:57:58.924 12132 12164 I Market-LocalAppManager: checkUpdateFromServer  support64BitPackagesJsonArray : end
12-26 11:57:58.925 12132 12164 E Market-CheckSingleAppUpdate: Index: 0, Size: 0
12-26 11:57:58.925 12132 12164 E Market-CheckSingleAppUpdate: java.lang.IndexOutOfBoundsException: Index: 0, Size: 0
12-26 11:57:58.925 12132 12164 E Market-CheckSingleAppUpdate: 	at java.util.ArrayList.get(ArrayList.java:437)
12-26 11:57:58.925 12132 12164 E Market-CheckSingleAppUpdate: 	at com.xiaomi.market.data.marketcall.CheckSingleAppUpdate.checkUpdate(CheckSingleAppUpdate.java:9)
12-26 11:57:58.925 12132 12164 E Market-CheckSingleAppUpdate: 	at com.xiaomi.market.data.marketcall.CheckSingleAppUpdate.access$000(CheckSingleAppUpdate.java:1)
12-26 11:57:58.925 12132 12164 E Market-CheckSingleAppUpdate: 	at com.xiaomi.market.data.marketcall.CheckSingleAppUpdate$CheckAppTask.call(CheckSingleAppUpdate.java:2)
12-26 11:57:58.925 12132 12164 E Market-CheckSingleAppUpdate: 	at com.xiaomi.market.data.marketcall.CheckSingleAppUpdate$CheckAppTask.call(CheckSingleAppUpdate.java:1)
12-26 11:57:58.925 12132 12164 E Market-CheckSingleAppUpdate: 	at java.util.concurrent.FutureTask.run(FutureTask.java:266)
12-26 11:57:58.925 12132 12164 E Market-CheckSingleAppUpdate: 	at com.xiaomi.market.util.ThreadUtils$1.run(ThreadUtils.java:1)
12-26 11:57:58.925 12132 12164 E Market-CheckSingleAppUpdate: 	at java.util.concurrent.ThreadPoolExecutor.runWorker(ThreadPoolExecutor.java:1167)
12-26 11:57:58.925 12132 12164 E Market-CheckSingleAppUpdate: 	at java.util.concurrent.ThreadPoolExecutor$Worker.run(ThreadPoolExecutor.java:641)
12-26 11:57:58.925 12132 12164 E Market-CheckSingleAppUpdate: 	at java.lang.Thread.run(Thread.java:923)
12-26 11:57:58.926  1254  4531 I InputDispatcher: setInputWindows displayId=0 Window{53ec2ef mode=1 rootTaskId=1 u0 GestureStubRight} Window{7d9a072 mode=1 rootTaskId=1 u0 GestureStubLeft} Window{4ea9a5d mode=0 rootTaskId=1 u0 GestureStubHome} Window{606a795 mode=0 rootTaskId=1 u0 NavigationBar0} Window{246dd2d mode=0 rootTaskId=1 u0 StatusBar} Window{6880f31 mode=1 rootTaskId=1 u0 com.miui.home/com.miui.home.launcher.Launcher} Window{cf7516e mode=0 rootTaskId=1 u0 com.miui.miwallpaper.superwallpaper.SnowmountainSuperWallpaper} 
12-26 11:57:58.926 12098 12127 W BpBinder: Slow Binder: BpBinder transact took 322ms, interface=android.content.IContentProvider, code=21 oneway=false
12-26 11:57:58.927  2028  2028 D MiWallpaper-SnowmountainSuperWallpaper: Engine onOffsetsChanged super wallpaper-xOffset=1.0;yOffset=0.0;xOffsetStep=0.5;yOffsetStep=0.0;xPixelOffset=-1320;yPixelOffset=0
12-26 11:57:58.927 12098 12127 I ThirdAppAssistant: AppStoreHelper queryPackageInfo result=1 oldVersionName=0.1.0 oldVersionCode=16777472
12-26 11:57:58.930 11386 11434 D IdProviderImpl: getOAID
12-26 11:57:58.931   745   745 I SurfaceFlinger: operator()(), mtkRenderCntDebug 7797310, screenshot (com.miui.miwallpaper.superwallpaper.SnowmountainSuperWallpaper#0)
12-26 11:57:58.931   745   745 I SurfaceFlinger: operator()(), mtkRenderCntDebug 7797310, screenshot (com.miui.home/com.miui.home.launcher.Launcher#0)
12-26 11:57:58.939 11386 11434 D IdProviderImpl: getOAID
12-26 11:57:58.939 11709 11738 I CloudSettingsProvider: uriMatch : 2
12-26 11:57:58.944  2028  2028 D MiWallpaper-SnowmountainSuperWallpaper: Engine onOffsetsChanged super wallpaper-xOffset=1.0;yOffset=0.0;xOffsetStep=0.5;yOffsetStep=0.0;xPixelOffset=-1320;yPixelOffset=0
12-26 11:57:58.944 12098 12127 D ThirdAppAssistant: RuleMatch Matcher list initialized. Total matchers: 47
12-26 11:57:58.945 11709 11738 I CloudSettingsProvider: uriMatch : 2
12-26 11:57:58.948 12098 12127 D ThirdAppAssistant: EmergencyData parseDataIfNeed cloud version = 0.8
12-26 11:57:58.949 11709 11738 I CloudSettingsProvider: uriMatch : 2
12-26 11:57:58.952 12098 12127 D ThirdAppAssistant: EmergencyRuleMatch EmergencyMatcher list initialized. Total matchers: 7
12-26 11:57:58.953 11709 11738 I CloudSettingsProvider: uriMatch : 2
12-26 11:57:58.957 11709 11738 I chatty  : uid=1000(system) Binder:11709_3 identical 1 line
12-26 11:57:58.960 11709 11738 I CloudSettingsProvider: uriMatch : 2
12-26 11:57:58.961  2028  2028 D MiWallpaper-SnowmountainSuperWallpaper: Engine onOffsetsChanged super wallpaper-xOffset=1.0;yOffset=0.0;xOffsetStep=0.5;yOffsetStep=0.0;xPixelOffset=-1320;yPixelOffset=0
12-26 11:57:58.961  1254  2425 W ActivityManager: Foreground service started from background can not have location/camera/microphone access: service com.github.kr328.clash/.service.TunService
12-26 11:57:58.963   655   712 I mtkpower@impl: [powerd_req] TIMER_MSG_PERF_LOCK_TIMEOUT hdl:234614
12-26 11:57:58.963   655   712 I libPowerHal: [perfLockRel] hdl:234614, idx:5
12-26 11:57:58.963   655   712 I libPowerHal: [PD] scn:5 hdl:234614 lock_user: pid:982 tid:24716 dur:500
12-26 11:57:58.963   655   712 I libPowerHal: [setClusterFreq] scn:, freq:0, 0
12-26 11:57:58.963 11709 11738 I CloudSettingsProvider: uriMatch : 2
12-26 11:57:58.963   655   712 I libPowerHal: : cpu_ctrl set cpu freq: -1 -1 -1 -1
12-26 11:57:58.964   745   745 I SurfaceFlinger: operator()(), mtkRenderCntDebug 7797311, screenshot (com.miui.miwallpaper.superwallpaper.SnowmountainSuperWallpaper#0)
12-26 11:57:58.964   745   745 I SurfaceFlinger: operator()(), mtkRenderCntDebug 7797311, screenshot (com.miui.home/com.miui.home.launcher.Launcher#0)
12-26 11:57:58.965 11709 11738 I CloudSettingsProvider: uriMatch : 2
12-26 11:57:58.967 12098 12127 I ThirdAppAssistant: ExceptionManager match exception type failed for rust.example.hello_bevy
12-26 11:57:58.977  2028  2028 D MiWallpaper-SnowmountainSuperWallpaper: Engine onOffsetsChanged super wallpaper-xOffset=1.0;yOffset=0.0;xOffsetStep=0.5;yOffsetStep=0.0;xPixelOffset=-1320;yPixelOffset=0
12-26 11:57:58.994  3395  3650 D MQSRuleManager: Begin to match mqsas rules
12-26 11:57:58.995  2028  2028 D MiWallpaper-SnowmountainSuperWallpaper: Engine onOffsetsChanged super wallpaper-xOffset=1.0;yOffset=0.0;xOffsetStep=0.5;yOffsetStep=0.0;xPixelOffset=-1320;yPixelOffset=0
12-26 11:57:58.995  3395  3650 W MQSActionExecutor: action is null!
12-26 11:57:58.995  3395  3650 W MQSEventManager: executeResult is 2
12-26 11:57:58.997   745   745 I SurfaceFlinger: operator()(), mtkRenderCntDebug 7797312, screenshot (com.miui.miwallpaper.superwallpaper.SnowmountainSuperWallpaper#0)
12-26 11:57:58.998   745   745 I SurfaceFlinger: operator()(), mtkRenderCntDebug 7797312, screenshot (com.miui.home/com.miui.home.launcher.Launcher#0)
12-26 11:57:59.011  2028  2028 D MiWallpaper-SnowmountainSuperWallpaper: Engine onOffsetsChanged super wallpaper-xOffset=1.0;yOffset=0.0;xOffsetStep=0.5;yOffsetStep=0.0;xPixelOffset=-1320;yPixelOffset=0
12-26 11:57:59.012   745   745 I SurfaceFlinger: operator()(), mtkRenderCntDebug 7797313, screenshot (com.miui.miwallpaper.superwallpaper.SnowmountainSuperWallpaper#0)
12-26 11:57:59.012   745   745 I SurfaceFlinger: operator()(), mtkRenderCntDebug 7797313, screenshot (com.miui.home/com.miui.home.launcher.Launcher#0)
12-26 11:57:59.027  2028  2028 D MiWallpaper-SnowmountainSuperWallpaper: Engine onOffsetsChanged super wallpaper-xOffset=1.0;yOffset=0.0;xOffsetStep=0.5;yOffsetStep=0.0;xPixelOffset=-1320;yPixelOffset=0
12-26 11:57:59.031   745   745 I SurfaceFlinger: operator()(), mtkRenderCntDebug 7797314, screenshot (com.miui.miwallpaper.superwallpaper.SnowmountainSuperWallpaper#0)
12-26 11:57:59.031   745   745 I SurfaceFlinger: operator()(), mtkRenderCntDebug 7797314, screenshot (com.miui.home/com.miui.home.launcher.Launcher#0)
12-26 11:57:59.044  2028  2028 D MiWallpaper-SnowmountainSuperWallpaper: Engine onOffsetsChanged super wallpaper-xOffset=1.0;yOffset=0.0;xOffsetStep=0.5;yOffsetStep=0.0;xPixelOffset=-1320;yPixelOffset=0
12-26 11:57:59.063  2028  2028 D MiWallpaper-SnowmountainSuperWallpaper: Engine onOffsetsChanged super wallpaper-xOffset=1.0;yOffset=0.0;xOffsetStep=0.5;yOffsetStep=0.0;xPixelOffset=-1320;yPixelOffset=0
12-26 11:57:59.064   745   745 I SurfaceFlinger: operator()(), mtkRenderCntDebug 7797315, screenshot (com.miui.miwallpaper.superwallpaper.SnowmountainSuperWallpaper#0)
12-26 11:57:59.064   745   745 I SurfaceFlinger: operator()(), mtkRenderCntDebug 7797315, screenshot (com.miui.home/com.miui.home.launcher.Launcher#0)
12-26 11:57:59.078  2028  2028 D MiWallpaper-SnowmountainSuperWallpaper: Engine onOffsetsChanged super wallpaper-xOffset=1.0;yOffset=0.0;xOffsetStep=0.5;yOffsetStep=0.0;xPixelOffset=-1320;yPixelOffset=0
12-26 11:57:59.094  2028  2028 D MiWallpaper-SnowmountainSuperWallpaper: Engine onOffsetsChanged super wallpaper-xOffset=1.0;yOffset=0.0;xOffsetStep=0.5;yOffsetStep=0.0;xPixelOffset=-1320;yPixelOffset=0
12-26 11:57:59.097   745   745 I SurfaceFlinger: operator()(), mtkRenderCntDebug 7797316, screenshot (com.miui.miwallpaper.superwallpaper.SnowmountainSuperWallpaper#0)
12-26 11:57:59.097   745   745 I SurfaceFlinger: operator()(), mtkRenderCntDebug 7797316, screenshot (com.miui.home/com.miui.home.launcher.Launcher#0)
12-26 11:57:59.112  2028  2028 D MiWallpaper-SnowmountainSuperWallpaper: Engine onOffsetsChanged super wallpaper-xOffset=1.0;yOffset=0.0;xOffsetStep=0.5;yOffsetStep=0.0;xPixelOffset=-1320;yPixelOffset=0
12-26 11:57:59.128  2028  2028 D MiWallpaper-SnowmountainSuperWallpaper: Engine onOffsetsChanged super wallpaper-xOffset=1.0;yOffset=0.0;xOffsetStep=0.5;yOffsetStep=0.0;xPixelOffset=-1320;yPixelOffset=0
12-26 11:57:59.128   745   745 I SurfaceFlinger: operator()(), mtkRenderCntDebug 7797317, screenshot (com.miui.miwallpaper.superwallpaper.SnowmountainSuperWallpaper#0)
12-26 11:57:59.128   745   745 I SurfaceFlinger: operator()(), mtkRenderCntDebug 7797317, screenshot (com.miui.home/com.miui.home.launcher.Launcher#0)
12-26 11:57:59.132   745   745 I SurfaceFlinger: operator()(), mtkRenderCntDebug 7797318, screenshot (com.miui.miwallpaper.superwallpaper.SnowmountainSuperWallpaper#0)
12-26 11:57:59.132   745   745 I SurfaceFlinger: operator()(), mtkRenderCntDebug 7797318, screenshot (com.miui.home/com.miui.home.launcher.Launcher#0)
12-26 11:57:59.144  2028  2028 D MiWallpaper-SnowmountainSuperWallpaper: Engine onOffsetsChanged super wallpaper-xOffset=1.0;yOffset=0.0;xOffsetStep=0.5;yOffsetStep=0.0;xPixelOffset=-1320;yPixelOffset=0
12-26 11:57:59.161  2028  2028 D MiWallpaper-SnowmountainSuperWallpaper: Engine onOffsetsChanged super wallpaper-xOffset=1.0;yOffset=0.0;xOffsetStep=0.5;yOffsetStep=0.0;xPixelOffset=-1320;yPixelOffset=0
12-26 11:57:59.163   745   745 I SurfaceFlinger: operator()(), mtkRenderCntDebug 7797319, screenshot (com.miui.miwallpaper.superwallpaper.SnowmountainSuperWallpaper#0)
12-26 11:57:59.163   745   745 I SurfaceFlinger: operator()(), mtkRenderCntDebug 7797319, screenshot (com.miui.home/com.miui.home.launcher.Launcher#0)
12-26 11:57:59.166  1927  5189 W Parcel  : **** enforceInterface() expected 'com.miui.gamebooster.service.ISecurityCenterNotificationListener' but read 'android.service.notification.INotificationListener'
12-26 11:57:59.167  1927  5189 W Binder  : Caught a RuntimeException from the binder stub implementation.
12-26 11:57:59.167  1927  5189 W Binder  : java.lang.SecurityException: Binder invocation to an incorrect interface
12-26 11:57:59.167  1927  5189 W Binder  : 	at android.os.Parcel.nativeEnforceInterface(Native Method)
12-26 11:57:59.167  1927  5189 W Binder  : 	at android.os.Parcel.enforceInterface(Parcel.java:653)
12-26 11:57:59.167  1927  5189 W Binder  : 	at com.miui.gamebooster.service.ISecurityCenterNotificationListener$Stub.onTransact(Unknown Source:22)
12-26 11:57:59.167  1927  5189 W Binder  : 	at android.os.Binder.execTransactInternal(Binder.java:1159)
12-26 11:57:59.167  1927  5189 W Binder  : 	at android.os.Binder.execTransact(Binder.java:1123)
12-26 11:57:59.167  2685  2685 I NotificationController: onNotificationPosted: mSmartTravelNotificationMap 0
12-26 11:57:59.169  1927  1927 V onNotificationPostedCallBack: flags=106
12-26 11:57:59.169  1927  1927 V h       : ret=0
12-26 11:57:59.175  1910  1910 D InterruptionStateProvider: No bubble up: not allowed to bubble: 0|com.github.kr328.clash|2131296550|null|10009
12-26 11:57:59.176  1910  1910 D InterruptionStateProvider: No heads up: unimportant notification: 0|com.github.kr328.clash|2131296550|null|10009
12-26 11:57:59.178  2028  2028 D MiWallpaper-SnowmountainSuperWallpaper: Engine onOffsetsChanged super wallpaper-xOffset=1.0;yOffset=0.0;xOffsetStep=0.5;yOffsetStep=0.0;xPixelOffset=-1320;yPixelOffset=0
12-26 11:57:59.193  2028  2028 D MiWallpaper-SnowmountainSuperWallpaper: Engine onOffsetsChanged super wallpaper-xOffset=1.0;yOffset=0.0;xOffsetStep=0.5;yOffsetStep=0.0;xPixelOffset=-1320;yPixelOffset=0
12-26 11:57:59.196   745   745 I SurfaceFlinger: operator()(), mtkRenderCntDebug 7797320, screenshot (com.miui.miwallpaper.superwallpaper.SnowmountainSuperWallpaper#0)
12-26 11:57:59.196   745   745 I SurfaceFlinger: operator()(), mtkRenderCntDebug 7797320, screenshot (com.miui.home/com.miui.home.launcher.Launcher#0)
12-26 11:57:59.211  2028  2028 D MiWallpaper-SnowmountainSuperWallpaper: Engine onOffsetsChanged super wallpaper-xOffset=1.0;yOffset=0.0;xOffsetStep=0.5;yOffsetStep=0.0;xPixelOffset=-1320;yPixelOffset=0
12-26 11:57:59.225   641   641 I hwcomposer: [HWCDisplay] [Display_0 (type:1)] fps:57.092651,dur:1015.89,max:39.37,min:14.95  
12-26 11:57:59.227  2028  2028 D MiWallpaper-SnowmountainSuperWallpaper: Engine onOffsetsChanged super wallpaper-xOffset=1.0;yOffset=0.0;xOffsetStep=0.5;yOffsetStep=0.0;xPixelOffset=-1320;yPixelOffset=0
12-26 11:57:59.230   745   745 I SurfaceFlinger: operator()(), mtkRenderCntDebug 7797321, screenshot (com.miui.miwallpaper.superwallpaper.SnowmountainSuperWallpaper#0)
12-26 11:57:59.230   745   745 I SurfaceFlinger: operator()(), mtkRenderCntDebug 7797321, screenshot (com.miui.home/com.miui.home.launcher.Launcher#0)
12-26 11:57:59.242  2028  2028 D MiWallpaper-SnowmountainSuperWallpaper: Engine onOffsetsChanged super wallpaper-xOffset=1.0;yOffset=0.0;xOffsetStep=0.5;yOffsetStep=0.0;xPixelOffset=-1320;yPixelOffset=0
12-26 11:57:59.243   745   745 I SurfaceFlinger: operator()(), mtkRenderCntDebug 7797322, screenshot (com.miui.miwallpaper.superwallpaper.SnowmountainSuperWallpaper#0)
12-26 11:57:59.243   745   745 I SurfaceFlinger: operator()(), mtkRenderCntDebug 7797322, screenshot (com.miui.home/com.miui.home.launcher.Launcher#0)
12-26 11:57:59.260  2028  2028 D MiWallpaper-SnowmountainSuperWallpaper: Engine onOffsetsChanged super wallpaper-xOffset=1.0;yOffset=0.0;xOffsetStep=0.5;yOffsetStep=0.0;xPixelOffset=-1320;yPixelOffset=0
12-26 11:57:59.263   745   745 I SurfaceFlinger: operator()(), mtkRenderCntDebug 7797323, screenshot (com.miui.miwallpaper.superwallpaper.SnowmountainSuperWallpaper#0)
12-26 11:57:59.263   745   745 I SurfaceFlinger: operator()(), mtkRenderCntDebug 7797323, screenshot (com.miui.home/com.miui.home.launcher.Launcher#0)
12-26 11:57:59.275  2028  2028 D MiWallpaper-SnowmountainSuperWallpaper: Engine onOffsetsChanged super wallpaper-xOffset=1.0;yOffset=0.0;xOffsetStep=0.5;yOffsetStep=0.0;xPixelOffset=-1320;yPixelOffset=0
12-26 11:57:59.293  2028  2028 D MiWallpaper-SnowmountainSuperWallpaper: Engine onOffsetsChanged super wallpaper-xOffset=1.0;yOffset=0.0;xOffsetStep=0.5;yOffsetStep=0.0;xPixelOffset=-1320;yPixelOffset=0
12-26 11:57:59.295   745   745 I SurfaceFlinger: operator()(), mtkRenderCntDebug 7797324, screenshot (com.miui.miwallpaper.superwallpaper.SnowmountainSuperWallpaper#0)
12-26 11:57:59.296   745   745 I SurfaceFlinger: operator()(), mtkRenderCntDebug 7797324, screenshot (com.miui.home/com.miui.home.launcher.Launcher#0)
12-26 11:57:59.309  2028  2028 D MiWallpaper-SnowmountainSuperWallpaper: Engine onOffsetsChanged super wallpaper-xOffset=1.0;yOffset=0.0;xOffsetStep=0.5;yOffsetStep=0.0;xPixelOffset=-1320;yPixelOffset=0
12-26 11:57:59.325  2028  2028 D MiWallpaper-SnowmountainSuperWallpaper: Engine onOffsetsChanged super wallpaper-xOffset=1.0;yOffset=0.0;xOffsetStep=0.5;yOffsetStep=0.0;xPixelOffset=-1320;yPixelOffset=0
12-26 11:57:59.329   745   745 I SurfaceFlinger: operator()(), mtkRenderCntDebug 7797325, screenshot (com.miui.miwallpaper.superwallpaper.SnowmountainSuperWallpaper#0)
12-26 11:57:59.329   745   745 I SurfaceFlinger: operator()(), mtkRenderCntDebug 7797325, screenshot (com.miui.home/com.miui.home.launcher.Launcher#0)
12-26 11:57:59.343  2028  2028 D MiWallpaper-SnowmountainSuperWallpaper: Engine onOffsetsChanged super wallpaper-xOffset=1.0;yOffset=0.0;xOffsetStep=0.5;yOffsetStep=0.0;xPixelOffset=-1320;yPixelOffset=0
12-26 11:57:59.343   745   745 I SurfaceFlinger: operator()(), mtkRenderCntDebug 7797326, screenshot (com.miui.miwallpaper.superwallpaper.SnowmountainSuperWallpaper#0)
12-26 11:57:59.343   745   745 I SurfaceFlinger: operator()(), mtkRenderCntDebug 7797326, screenshot (com.miui.home/com.miui.home.launcher.Launcher#0)
12-26 11:57:59.359  2028  2028 D MiWallpaper-SnowmountainSuperWallpaper: Engine onOffsetsChanged super wallpaper-xOffset=1.0;yOffset=0.0;xOffsetStep=0.5;yOffsetStep=0.0;xPixelOffset=-1320;yPixelOffset=0
12-26 11:57:59.362   745   745 I SurfaceFlinger: operator()(), mtkRenderCntDebug 7797327, screenshot (com.miui.miwallpaper.superwallpaper.SnowmountainSuperWallpaper#0)
12-26 11:57:59.362   745   745 I SurfaceFlinger: operator()(), mtkRenderCntDebug 7797327, screenshot (com.miui.home/com.miui.home.launcher.Launcher#0)
12-26 11:57:59.376  2028  2028 D MiWallpaper-SnowmountainSuperWallpaper: Engine onOffsetsChanged super wallpaper-xOffset=1.0;yOffset=0.0;xOffsetStep=0.5;yOffsetStep=0.0;xPixelOffset=-1320;yPixelOffset=0
12-26 11:57:59.392  2028  2028 D MiWallpaper-SnowmountainSuperWallpaper: Engine onOffsetsChanged super wallpaper-xOffset=1.0;yOffset=0.0;xOffsetStep=0.5;yOffsetStep=0.0;xPixelOffset=-1320;yPixelOffset=0
12-26 11:57:59.395   745   745 I SurfaceFlinger: operator()(), mtkRenderCntDebug 7797328, screenshot (com.miui.miwallpaper.superwallpaper.SnowmountainSuperWallpaper#0)
12-26 11:57:59.395   745   745 I SurfaceFlinger: operator()(), mtkRenderCntDebug 7797328, screenshot (com.miui.home/com.miui.home.launcher.Launcher#0)
12-26 11:57:59.409  2028  2028 D MiWallpaper-SnowmountainSuperWallpaper: Engine onOffsetsChanged super wallpaper-xOffset=1.0;yOffset=0.0;xOffsetStep=0.5;yOffsetStep=0.0;xPixelOffset=-1320;yPixelOffset=0
12-26 11:57:59.427  2028  2028 D MiWallpaper-SnowmountainSuperWallpaper: Engine onOffsetsChanged super wallpaper-xOffset=1.0;yOffset=0.0;xOffsetStep=0.5;yOffsetStep=0.0;xPixelOffset=-1320;yPixelOffset=0
12-26 11:57:59.428   745   745 I SurfaceFlinger: operator()(), mtkRenderCntDebug 7797329, screenshot (com.miui.miwallpaper.superwallpaper.SnowmountainSuperWallpaper#0)
12-26 11:57:59.428   745   745 I SurfaceFlinger: operator()(), mtkRenderCntDebug 7797329, screenshot (com.miui.home/com.miui.home.launcher.Launcher#0)
12-26 11:57:59.442  2028  2028 D MiWallpaper-SnowmountainSuperWallpaper: Engine onOffsetsChanged super wallpaper-xOffset=1.0;yOffset=0.0;xOffsetStep=0.5;yOffsetStep=0.0;xPixelOffset=-1320;yPixelOffset=0
12-26 11:57:59.458  2028  2028 D MiWallpaper-SnowmountainSuperWallpaper: Engine onOffsetsChanged super wallpaper-xOffset=1.0;yOffset=0.0;xOffsetStep=0.5;yOffsetStep=0.0;xPixelOffset=-1320;yPixelOffset=0
12-26 11:57:59.461   745   745 I SurfaceFlinger: operator()(), mtkRenderCntDebug 7797330, screenshot (com.miui.miwallpaper.superwallpaper.SnowmountainSuperWallpaper#0)
12-26 11:57:59.461   745   745 I SurfaceFlinger: operator()(), mtkRenderCntDebug 7797330, screenshot (com.miui.home/com.miui.home.launcher.Launcher#0)
12-26 11:57:59.475   745   745 I SurfaceFlinger: operator()(), mtkRenderCntDebug 7797331, screenshot (com.miui.miwallpaper.superwallpaper.SnowmountainSuperWallpaper#0)
12-26 11:57:59.475   745   745 I SurfaceFlinger: operator()(), mtkRenderCntDebug 7797331, screenshot (com.miui.home/com.miui.home.launcher.Launcher#0)
12-26 11:57:59.475  2028  2028 D MiWallpaper-SnowmountainSuperWallpaper: Engine onOffsetsChanged super wallpaper-xOffset=1.0;yOffset=0.0;xOffsetStep=0.5;yOffsetStep=0.0;xPixelOffset=-1320;yPixelOffset=0
12-26 11:57:59.492  2028  2028 D MiWallpaper-SnowmountainSuperWallpaper: Engine onOffsetsChanged super wallpaper-xOffset=1.0;yOffset=0.0;xOffsetStep=0.5;yOffsetStep=0.0;xPixelOffset=-1320;yPixelOffset=0
12-26 11:57:59.495   745   745 I SurfaceFlinger: operator()(), mtkRenderCntDebug 7797332, screenshot (com.miui.miwallpaper.superwallpaper.SnowmountainSuperWallpaper#0)
12-26 11:57:59.495   745   745 I SurfaceFlinger: operator()(), mtkRenderCntDebug 7797332, screenshot (com.miui.home/com.miui.home.launcher.Launcher#0)
12-26 11:57:59.506 11989 12004 W System  : A resource failed to call close. 
12-26 11:57:59.508  2028  2028 D MiWallpaper-SnowmountainSuperWallpaper: Engine onOffsetsChanged super wallpaper-xOffset=1.0;yOffset=0.0;xOffsetStep=0.5;yOffsetStep=0.0;xPixelOffset=-1320;yPixelOffset=0
12-26 11:57:59.525  2028  2028 D MiWallpaper-SnowmountainSuperWallpaper: Engine onOffsetsChanged super wallpaper-xOffset=1.0;yOffset=0.0;xOffsetStep=0.5;yOffsetStep=0.0;xPixelOffset=-1320;yPixelOffset=0
12-26 11:57:59.528   745   745 I SurfaceFlinger: operator()(), mtkRenderCntDebug 7797333, screenshot (com.miui.miwallpaper.superwallpaper.SnowmountainSuperWallpaper#0)
12-26 11:57:59.528   745   745 I SurfaceFlinger: operator()(), mtkRenderCntDebug 7797333, screenshot (com.miui.home/com.miui.home.launcher.Launcher#0)
12-26 11:57:59.542  2028  2028 D MiWallpaper-SnowmountainSuperWallpaper: Engine onOffsetsChanged super wallpaper-xOffset=1.0;yOffset=0.0;xOffsetStep=0.5;yOffsetStep=0.0;xPixelOffset=-1320;yPixelOffset=0
12-26 11:57:59.558  2028  2028 D MiWallpaper-SnowmountainSuperWallpaper: Engine onOffsetsChanged super wallpaper-xOffset=1.0;yOffset=0.0;xOffsetStep=0.5;yOffsetStep=0.0;xPixelOffset=-1320;yPixelOffset=0
12-26 11:57:59.561   745   745 I SurfaceFlinger: operator()(), mtkRenderCntDebug 7797334, screenshot (com.miui.miwallpaper.superwallpaper.SnowmountainSuperWallpaper#0)
12-26 11:57:59.561   745   745 I SurfaceFlinger: operator()(), mtkRenderCntDebug 7797334, screenshot (com.miui.home/com.miui.home.launcher.Launcher#0)
12-26 11:57:59.574  2028  2028 D MiWallpaper-SnowmountainSuperWallpaper: Engine onOffsetsChanged super wallpaper-xOffset=1.0;yOffset=0.0;xOffsetStep=0.5;yOffsetStep=0.0;xPixelOffset=-1320;yPixelOffset=0
12-26 11:57:59.591   745   745 I SurfaceFlinger: operator()(), mtkRenderCntDebug 7797335, screenshot (com.miui.miwallpaper.superwallpaper.SnowmountainSuperWallpaper#0)
12-26 11:57:59.591  2028  2028 D MiWallpaper-SnowmountainSuperWallpaper: Engine onOffsetsChanged super wallpaper-xOffset=1.0;yOffset=0.0;xOffsetStep=0.5;yOffsetStep=0.0;xPixelOffset=-1320;yPixelOffset=0
12-26 11:57:59.591   745   745 I SurfaceFlinger: operator()(), mtkRenderCntDebug 7797335, screenshot (com.miui.home/com.miui.home.launcher.Launcher#0)
12-26 11:57:59.595   745   745 I SurfaceFlinger: operator()(), mtkRenderCntDebug 7797336, screenshot (com.miui.miwallpaper.superwallpaper.SnowmountainSuperWallpaper#0)
12-26 11:57:59.595   745   745 I SurfaceFlinger: operator()(), mtkRenderCntDebug 7797336, screenshot (com.miui.home/com.miui.home.launcher.Launcher#0)
12-26 11:57:59.608  2028  2028 D MiWallpaper-SnowmountainSuperWallpaper: Engine onOffsetsChanged super wallpaper-xOffset=1.0;yOffset=0.0;xOffsetStep=0.5;yOffsetStep=0.0;xPixelOffset=-1320;yPixelOffset=0
12-26 11:57:59.610 12132 12168 I OneTrackManager: initOneTrack
12-26 11:57:59.611 12132 12168 D OneTrackSdk: updateDebugSwitch sEnable: false sDebugMode：false sDebugProperty：false
12-26 11:57:59.611 12132 12168 D OneTrackSdk: updateTestSwitch sTestEnable: false sTestMode：false sTestProperty：false
12-26 11:57:59.611 12132 12168 D OneTrackSdk: log on: false, quick upload on: false
12-26 11:57:59.624  2028  2028 D MiWallpaper-SnowmountainSuperWallpaper: Engine onOffsetsChanged super wallpaper-xOffset=1.0;yOffset=0.0;xOffsetStep=0.5;yOffsetStep=0.0;xPixelOffset=-1320;yPixelOffset=0
12-26 11:57:59.625 12132 12168 D OneTrackImp: OneTrackImp init : Configuration{appId='10***65', pluginId='null', channel='', international=false, region='null', overrideMiuiRegionSetting=false, mode=APP, GAIDEnable=true, IMSIEnable=true, IMEIEnable=true, ExceptionCatcherEnable=true, instanceId=null}
12-26 11:57:59.625 12132 12168 D OneTrackSdk: updateDebugSwitch sEnable: false sDebugMode：false sDebugProperty：false
12-26 11:57:59.627   745   745 I SurfaceFlinger: operator()(), mtkRenderCntDebug 7797337, screenshot (com.miui.miwallpaper.superwallpaper.SnowmountainSuperWallpaper#0)
12-26 11:57:59.627   745   745 I SurfaceFlinger: operator()(), mtkRenderCntDebug 7797337, screenshot (com.miui.home/com.miui.home.launcher.Launcher#0)
12-26 11:57:59.635 12132 12168 I OneTrackManager: getOneTrackInstanceId : de5bee52-0e54-44cb-a52e-0286ef19a36d
12-26 11:57:59.640  2028  2028 D MiWallpaper-SnowmountainSuperWallpaper: Engine onOffsetsChanged super wallpaper-xOffset=1.0;yOffset=0.0;xOffsetStep=0.5;yOffsetStep=0.0;xPixelOffset=-1320;yPixelOffset=0
12-26 11:57:59.648   625   625 D Zygote  : Forked child process 12202
12-26 11:57:59.649  1254  1298 I ActivityManager: Start proc 12202:com.xiaomi.account:accountservice/u0a97 for service {com.xiaomi.account/com.xiaomi.account.tzservice.SecurityDeviceSignService} caller=com.xiaomi.market
12-26 11:57:59.650   641   847 I hwcomposer: [DPY] receive refesh frquest from driver: type[4]  
12-26 11:57:59.651   641   847 I hwcomposer: [HWC] fire a callback of refresh to SF  
12-26 11:57:59.658  2028  2028 D MiWallpaper-SnowmountainSuperWallpaper: Engine onOffsetsChanged super wallpaper-xOffset=1.0;yOffset=0.0;xOffsetStep=0.5;yOffsetStep=0.0;xPixelOffset=-1320;yPixelOffset=0
12-26 11:57:59.659   745   745 I BufferQueueProducer: [FramebufferSurface](this:0xb4000078ec6a4ed0,id:-1,api:1,p:745,c:745) queueBuffer: fps=24.29 dur=1276.18 max=779.96 min=14.99
12-26 11:57:59.661   745   745 I SurfaceFlinger: operator()(), mtkRenderCntDebug 7797338, screenshot (com.miui.miwallpaper.superwallpaper.SnowmountainSuperWallpaper#0)
12-26 11:57:59.661   745   745 I SurfaceFlinger: operator()(), mtkRenderCntDebug 7797338, screenshot (com.miui.home/com.miui.home.launcher.Launcher#0)
12-26 11:57:59.661 12202 12202 E :accountservic: Not starting debugger since process cannot load the jdwp agent.
12-26 11:57:59.673  2028  2028 D MiWallpaper-SnowmountainSuperWallpaper: Engine onOffsetsChanged super wallpaper-xOffset=1.0;yOffset=0.0;xOffsetStep=0.5;yOffsetStep=0.0;xPixelOffset=-1320;yPixelOffset=0
12-26 11:57:59.676  1254  1622 I MiuiNetworkPolicy: updateUidState uid = 10097, uidState = 5
12-26 11:57:59.691  2028  2028 D MiWallpaper-SnowmountainSuperWallpaper: Engine onOffsetsChanged super wallpaper-xOffset=1.0;yOffset=0.0;xOffsetStep=0.5;yOffsetStep=0.0;xPixelOffset=-1320;yPixelOffset=0
12-26 11:57:59.693   745   745 I SurfaceFlinger: operator()(), mtkRenderCntDebug 7797339, screenshot (com.miui.miwallpaper.superwallpaper.SnowmountainSuperWallpaper#0)
12-26 11:57:59.693   745   745 I SurfaceFlinger: operator()(), mtkRenderCntDebug 7797339, screenshot (com.miui.home/com.miui.home.launcher.Launcher#0)
12-26 11:57:59.695 12202 12202 E LoadedApk: Unable to instantiate appComponentFactory
12-26 11:57:59.695 12202 12202 E LoadedApk: java.lang.ClassNotFoundException: Didn't find class "androidx.core.app.CoreComponentFactory" on path: DexPathList[[zip file "/data/app/~~IvH0IZVHrcLqDC5eWmPrjA==/com.xiaomi.account-K4LQG1VXP0cVRIy_107GrQ==/base.apk"],nativeLibraryDirectories=[/data/app/~~IvH0IZVHrcLqDC5eWmPrjA==/com.xiaomi.account-K4LQG1VXP0cVRIy_107GrQ==/lib/arm64, /system/lib64, /system/system_ext/lib64, /product/lib64]]
12-26 11:57:59.695 12202 12202 E LoadedApk: 	at dalvik.system.BaseDexClassLoader.findClass(BaseDexClassLoader.java:207)
12-26 11:57:59.695 12202 12202 E LoadedApk: 	at java.lang.ClassLoader.loadClass(ClassLoader.java:379)
12-26 11:57:59.695 12202 12202 E LoadedApk: 	at java.lang.ClassLoader.loadClass(ClassLoader.java:312)
12-26 11:57:59.695 12202 12202 E LoadedApk: 	at android.app.LoadedApk.createAppFactory(LoadedApk.java:266)
12-26 11:57:59.695 12202 12202 E LoadedApk: 	at android.app.LoadedApk.createOrUpdateClassLoaderLocked(LoadedApk.java:911)
12-26 11:57:59.695 12202 12202 E LoadedApk: 	at android.app.LoadedApk.getClassLoader(LoadedApk.java:964)
12-26 11:57:59.695 12202 12202 E LoadedApk: 	at android.app.LoadedApk.getResources(LoadedApk.java:1196)
12-26 11:57:59.695 12202 12202 E LoadedApk: 	at android.app.ContextImpl.createAppContext(ContextImpl.java:2672)
12-26 11:57:59.695 12202 12202 E LoadedApk: 	at android.app.ContextImpl.createAppContext(ContextImpl.java:2664)
12-26 11:57:59.695 12202 12202 E LoadedApk: 	at android.app.ActivityThread.handleBindApplication(ActivityThread.java:6892)
12-26 11:57:59.695 12202 12202 E LoadedApk: 	at android.app.ActivityThread.access$1600(ActivityThread.java:263)
12-26 11:57:59.695 12202 12202 E LoadedApk: 	at android.app.ActivityThread$H.handleMessage(ActivityThread.java:2028)
12-26 11:57:59.695 12202 12202 E LoadedApk: 	at android.os.Handler.dispatchMessage(Handler.java:106)
12-26 11:57:59.695 12202 12202 E LoadedApk: 	at android.os.Looper.loop(Looper.java:236)
12-26 11:57:59.695 12202 12202 E LoadedApk: 	at android.app.ActivityThread.main(ActivityThread.java:8073)
12-26 11:57:59.695 12202 12202 E LoadedApk: 	at java.lang.reflect.Method.invoke(Native Method)
12-26 11:57:59.695 12202 12202 E LoadedApk: 	at com.android.internal.os.RuntimeInit$MethodAndArgsCaller.run(RuntimeInit.java:620)
12-26 11:57:59.695 12202 12202 E LoadedApk: 	at com.android.internal.os.ZygoteInit.main(ZygoteInit.java:1011)
12-26 11:57:59.705 12202 12202 D NetworkSecurityConfig: Using Network Security Config from resource network_security_config debugBuild: false
12-26 11:57:59.707 12202 12202 D NetworkSecurityConfig: Using Network Security Config from resource network_security_config debugBuild: false
12-26 11:57:59.707  2028  2028 D MiWallpaper-SnowmountainSuperWallpaper: Engine onOffsetsChanged super wallpaper-xOffset=1.0;yOffset=0.0;xOffsetStep=0.5;yOffsetStep=0.0;xPixelOffset=-1320;yPixelOffset=0
12-26 11:57:59.708 12202 12202 E libc    : Access denied finding property "ro.vendor.display.type"
12-26 11:57:59.708 12202 12202 E :accountservic: Invalid ID 0x00000000.
12-26 11:57:59.709 12202 12202 D miuisdk : current sdk level is 24
12-26 11:57:59.709 12202 12202 I miuisdk : initialize without hook
12-26 11:57:59.715 12202 12202 W Linkify.v16: reflect applyLink failed: 
12-26 11:57:59.715 12202 12202 W Linkify.v16: miui.reflect.NoSuchMethodException: Couldn't find method android/text/util/Linkify.applyLink(Ljava/lang/String;IILandroid/text/Spannable;)V
12-26 11:57:59.715 12202 12202 W Linkify.v16: 	at com.miui.internal.os.Native.getMethod(Native Method)
12-26 11:57:59.715 12202 12202 W Linkify.v16: 	at miui.reflect.Method.of(Method.java:35)
12-26 11:57:59.715 12202 12202 W Linkify.v16: 	at com.miui.internal.variable.v16.Android_Text_Util_Linkify_class.<clinit>(Android_Text_Util_Linkify_class.java:70)
12-26 11:57:59.715 12202 12202 W Linkify.v16: 	at java.lang.Class.classForName(Native Method)
12-26 11:57:59.715 12202 12202 W Linkify.v16: 	at java.lang.Class.forName(Class.java:454)
12-26 11:57:59.715 12202 12202 W Linkify.v16: 	at java.lang.Class.forName(Class.java:379)
12-26 11:57:59.715 12202 12202 W Linkify.v16: 	at com.miui.internal.variable.AbsClassFactory.create(AbsClassFactory.java:24)
12-26 11:57:59.715 12202 12202 W Linkify.v16: 	at com.miui.internal.variable.Android_Text_Util_Linkify_class$Factory.<init>(Android_Text_Util_Linkify_class.java:40)
12-26 11:57:59.715 12202 12202 W Linkify.v16: 	at com.miui.internal.variable.Android_Text_Util_Linkify_class$Factory.<init>(Android_Text_Util_Linkify_class.java:26)
12-26 11:57:59.715 12202 12202 W Linkify.v16: 	at com.miui.internal.variable.Android_Text_Util_Linkify_class$Factory$1.createInstance(Android_Text_Util_Linkify_class.java:32)
12-26 11:57:59.715 12202 12202 W Linkify.v16: 	at com.miui.internal.variable.Android_Text_Util_Linkify_class$Factory$1.createInstance(Android_Text_Util_Linkify_class.java:29)
12-26 11:57:59.715 12202 12202 W Linkify.v16: 	at miui.util.SoftReferenceSingleton.get(SoftReferenceSingleton.java:25)
